/usr/scratch/mont-fort11/pfischill/quatrex/src/qttools/__init__.py:56: UserWarning: 'cupy' is unavailable or not working, defaulting to 'numpy'. (No module named 'cupy')
  warnings.warn(
/usr/scratch/mont-fort11/pfischill/quatrex/src/quatrex/core/config.py:1907: UserWarning: The CPU code will run sequentially which may impact performance.
  warnings.warn(
Max Interaction Cutoff: 10.0
Energy window: 0.0 to 66.0 eV with 181 grid points.
Resolution is 0.366667 eV.
comm.stack size: 64, comm.block size: 1
Each comm.block has 2 grid points.
/usr/scratch/mont-fort11/pfischill/quatrex/src/quatrex/core/statistics.py:42: RuntimeWarning: divide by zero encountered in divide
  return 1 / (xp.exp(energy / (k_B * temperature)) - 1)
WARNING: phonon_energies.npy (181 pts, dw=0.3667) does not match the solver energy grid (3 pts); using the solver grid for the scattering self-energy.
SSE band-limit: harmonic band top 64.081 THz (fixed above-band mask)
Max Interaction Cutoff: 10.0
RUN config=/usr/scratch/mont-fort11/pfischill/quatrex/phonon/studies/out/d5a_gridladder/nf181/quatrex_config.toml phonon=True eta=1e-12 retarded=fft nblk=2 ne=181 bcs=1 qcs=1 nranks=64
Entering SCBA loop...
Iteration 0
SSE band-limit: masking 5 bin(s) above 64.081 THz
SSE band-limit: harmonic-support mask -> 96/181 empty bins masked (margin 1.5 THz)
SSE band-limit: occupation-freeze mask -> 61/181 frozen bins (n<0.001, T_hot=305K)
SSE band-limit: SMOOTH window (support ramp 4*dw, freeze n<0.001) -> mean w=0.429, 102/181 bins below 0.5
[it  0] energy J(local)=[1.6657 1.6657 1.6657]
Maximum Self-Energy Update: 2677.8930412311215
Contact Current Difference: 0.0
Current Conservation abs: 0.9945440298542962
Current Conservation rel: 0.0003817223916947704
Phonon: rel Sigma^R residual 1.0000e+00; lead balance 4.8274e-13 (best inf; internal spread 8.6664e-13)
Bubble energy balance: P_in=-5.745525e+03 P_out=-5.745525e+03 resid=1.443e-14
Writing output for iteration 0...
Iteration 1
[it  1] energy J(local)=[-0.0433  2.576   0.4536]
Maximum Self-Energy Update: 5961.269052207596
Contact Current Difference: 0.0
Current Conservation abs: 1.0527526455753105
Current Conservation rel: 0.00011084712014076508
Phonon: rel Sigma^R residual 9.5829e-01; lead balance 1.1789e-01 (best inf; internal spread 3.5810e-01)
Bubble energy balance: P_in=-5.400914e+03 P_out=-5.400914e+03 resid=1.482e-14
Writing output for iteration 1...
Iteration 2
[it  2] energy J(local)=[-0.1401  3.3014  0.507 ]
Maximum Self-Energy Update: 3040.284550584117
Contact Current Difference: 0.0
Current Conservation abs: 1.3984626512065006
Current Conservation rel: 6.0849885907887515e-05
Phonon: rel Sigma^R residual 9.0799e-01; lead balance 1.5770e-01 (best inf; internal spread 5.5642e-01)
Bubble energy balance: P_in=-1.498687e+04 P_out=-1.498687e+04 resid=1.975e-15
Writing output for iteration 2...
Iteration 3
[it  3] energy J(local)=[-0.4038  5.534   0.7535]
Maximum Self-Energy Update: 3919.3651577472697
Contact Current Difference: 0.0
Current Conservation abs: 3.4972269293612044
Current Conservation rel: 5.524991707126652e-05
Phonon: rel Sigma^R residual 9.0151e-01; lead balance 2.9444e-01 (best 2.9444e-01; internal spread 1.0136e+00)
Bubble energy balance: P_in=-4.535904e+04 P_out=-4.535904e+04 resid=1.212e-15
Writing output for iteration 3...
Iteration 4
[it  4] energy J(local)=[-1.2457 10.7998  1.3774]
Maximum Self-Energy Update: 3689.9443950443424
Contact Current Difference: 0.0
Current Conservation abs: 15.312754516286077
Current Conservation rel: 7.647012661882254e-05
Phonon: rel Sigma^R residual 8.1482e-01; lead balance 4.9574e-01 (best 2.9444e-01; internal spread 1.7238e+00)
Bubble energy balance: P_in=-1.160994e+05 P_out=-1.160994e+05 resid=2.438e-16
Writing output for iteration 4...
Iteration 5
[it  5] energy J(local)=[-6.8565 50.3971  6.2372]
Maximum Self-Energy Update: 12819.579577407285
Contact Current Difference: 0.0
Current Conservation abs: 25.26108430349268
Current Conservation rel: 1.962210751939213e-05
Phonon: rel Sigma^R residual 9.4991e-01; lead balance 2.8083e-01 (best 2.8083e-01; internal spread 2.9647e+00)
Bubble energy balance: P_in=-4.816919e+05 P_out=-4.816919e+05 resid=1.490e-16
Writing output for iteration 5...
Iteration 6
[it  6] energy J(local)=[-0.8843  8.302   1.8286]
Maximum Self-Energy Update: 1698.4305608025077
Contact Current Difference: 0.0
Current Conservation abs: 2.795436326172421
Current Conservation rel: 0.0002967549432673467
Phonon: rel Sigma^R residual 1.1174e+00; lead balance 8.4143e-01 (best 2.8083e-01; internal spread 2.1874e+00)
Bubble energy balance: P_in=-1.055869e+04 P_out=-1.055869e+04 resid=4.311e-16
Writing output for iteration 6...
Iteration 7
[it  7] energy J(local)=[-0.6846  6.4931  1.7994]
Maximum Self-Energy Update: 1526.0518931224187
Contact Current Difference: 0.0
Current Conservation abs: 4.64777141518789
Current Conservation rel: 0.0004857492471183435
Phonon: rel Sigma^R residual 1.2522e+00; lead balance 8.2751e-01 (best 2.8083e-01; internal spread 2.2839e+00)
Bubble energy balance: P_in=-1.071476e+04 P_out=-1.071476e+04 resid=4.448e-16
Writing output for iteration 7...
Iteration 8
[it  8] energy J(local)=[-0.7111  5.793   1.9273]
Maximum Self-Energy Update: 1365.3748573653443
Contact Current Difference: 0.0
Current Conservation abs: 6.182635249078885
Current Conservation rel: 0.0006165365841255085
Phonon: rel Sigma^R residual 1.2697e+00; lead balance 7.8694e-01 (best 2.8083e-01; internal spread 2.4188e+00)
Bubble energy balance: P_in=-1.114102e+04 P_out=-1.114102e+04 resid=1.536e-15
Writing output for iteration 8...
Iteration 9
[it  9] energy J(local)=[-0.9006  5.7341  2.2249]
Maximum Self-Energy Update: 1217.0389905162872
Contact Current Difference: 0.0
Current Conservation abs: 7.469229491544866
Current Conservation rel: 0.0006960788511140941
Phonon: rel Sigma^R residual 1.2812e+00; lead balance 7.4364e-01 (best 2.8083e-01; internal spread 2.5542e+00)
Bubble energy balance: P_in=-1.179246e+04 P_out=-1.179246e+04 resid=7.405e-16
Writing output for iteration 9...
Iteration 10
[it 10] energy J(local)=[-1.2695  6.2221  2.772 ]
Maximum Self-Energy Update: 1081.5985774022106
Contact Current Difference: 0.0
Current Conservation abs: 8.416867912205817
Current Conservation rel: 0.0006932135080879873
Phonon: rel Sigma^R residual 1.2662e+00; lead balance 6.9154e-01 (best 2.8083e-01; internal spread 2.7070e+00)
Bubble energy balance: P_in=-1.284442e+04 P_out=-1.284442e+04 resid=9.541e-16
Writing output for iteration 10...
Iteration 11
[it 11] energy J(local)=[-1.8939  7.3739  3.7171]
Maximum Self-Energy Update: 959.2047928133222
Contact Current Difference: 0.0
Current Conservation abs: 8.230638836936123
Current Conservation rel: 0.0005525995420179867
Phonon: rel Sigma^R residual 1.1743e+00; lead balance 6.4161e-01 (best 2.8083e-01; internal spread 2.8609e+00)
Bubble energy balance: P_in=-1.449375e+04 P_out=-1.449375e+04 resid=5.387e-16
Writing output for iteration 11...
Iteration 12
[it 12] energy J(local)=[-2.8804  9.4349  5.2619]
Maximum Self-Energy Update: 851.2037912804441
Contact Current Difference: 0.0
Current Conservation abs: 6.220261044039944
Current Conservation rel: 0.0003251044827015152
Phonon: rel Sigma^R residual 9.7483e-01; lead balance 6.1718e-01 (best 2.8083e-01; internal spread 2.9735e+00)
Bubble energy balance: P_in=-1.660719e+04 P_out=-1.660719e+04 resid=3.569e-16
Writing output for iteration 12...
Iteration 13
[it 13] energy J(local)=[-4.3387 12.8212  7.6604]
Maximum Self-Energy Update: 753.8080082872267
Contact Current Difference: 0.0
Current Conservation abs: 4.187553324303735
Current Conservation rel: 0.00018337446996587162
Phonon: rel Sigma^R residual 7.9175e-01; lead balance 6.2738e-01 (best 2.8083e-01; internal spread 3.0229e+00)
Bubble energy balance: P_in=-1.824737e+04 P_out=-1.824737e+04 resid=2.112e-16
Writing output for iteration 13...
Iteration 14
[it 14] energy J(local)=[-6.5277 18.8481 11.4985]
Maximum Self-Energy Update: 666.4928729105278
Contact Current Difference: 0.0
Current Conservation abs: 12.229301542007306
Current Conservation rel: 0.0004837269606068933
Phonon: rel Sigma^R residual 6.5117e-01; lead balance 6.4461e-01 (best 2.8083e-01; internal spread 3.0457e+00)
Bubble energy balance: P_in=-1.935607e+04 P_out=-1.935607e+04 resid=1.086e-16
Writing output for iteration 14...
Iteration 15
[it 15] energy J(local)=[-12.4298  38.2904  19.717 ]
Maximum Self-Energy Update: 1298.455340523106
Contact Current Difference: 0.0
Current Conservation abs: 641.4424931483845
Current Conservation rel: 0.010475960313702822
Phonon: rel Sigma^R residual 7.5976e-01; lead balance 5.0847e-01 (best 2.8083e-01; internal spread 3.2611e+00)
Bubble energy balance: P_in=-3.168368e+04 P_out=-3.168368e+04 resid=2.487e-16
Writing output for iteration 15...
Iteration 16
[it 16] energy J(local)=[-15.3399  43.0572  25.6571]
Maximum Self-Energy Update: 552.5560331931372
Contact Current Difference: 0.0
Current Conservation abs: 36.49456568220194
Current Conservation rel: 0.0011025215981648733
Phonon: rel Sigma^R residual 4.2443e-01; lead balance 1.2578e-02 (best 1.2578e-02; internal spread 4.5875e+00)
Bubble energy balance: P_in=-2.462154e+04 P_out=-2.462154e+04 resid=2.985e-16
Writing output for iteration 16...
Iteration 17
[it 17] energy J(local)=[-29.9609  97.7102  59.3374]
Maximum Self-Energy Update: 524.2893938705716
Contact Current Difference: 0.0
Current Conservation abs: 76.53390047866196
Current Conservation rel: 0.0017482860920682783
Phonon: rel Sigma^R residual 3.3726e-01; lead balance 3.4819e-01 (best 1.2578e-02; internal spread 3.7772e+00)
Bubble energy balance: P_in=-2.998448e+04 P_out=-2.998448e+04 resid=1.254e-16
Writing output for iteration 17...
Iteration 18
[it 18] energy J(local)=[-88.3096 384.974  229.4809]
Maximum Self-Energy Update: 1154.6127435444287
Contact Current Difference: 0.0
Current Conservation abs: 1533.289317564584
Current Conservation rel: 0.02391163625237697
Phonon: rel Sigma^R residual 5.7758e-01; lead balance 7.1212e-01 (best 1.2578e-02; internal spread 2.8983e+00)
Bubble energy balance: P_in=-3.685811e+04 P_out=-3.685811e+04 resid=1.847e-16
Writing output for iteration 18...
Iteration 19
[it 19] energy J(local)=[-84.6699 129.3686  36.5696]
Maximum Self-Energy Update: 2049.6733397047024
Contact Current Difference: 0.0
Current Conservation abs: 4.076822523216833
Current Conservation rel: 2.0359576858384e-05
Phonon: rel Sigma^R residual 6.3542e-01; lead balance 1.6639e+00 (best 1.2578e-02; internal spread 7.8130e+00)
Bubble energy balance: P_in=-8.732858e+04 P_out=-8.732858e+04 resid=9.077e-17
Writing output for iteration 19...
Iteration 20
[it 20] energy J(local)=[-99.9551 119.9789  42.6999]
Maximum Self-Energy Update: 4747.729435424733
Contact Current Difference: 0.0
Current Conservation abs: 1071.7311739256838
Current Conservation rel: 0.00243358431536678
Phonon: rel Sigma^R residual 9.0612e-01; lead balance 1.3140e+00 (best 1.2578e-02; internal spread 6.8883e+00)
Bubble energy balance: P_in=-1.648074e+05 P_out=-1.648074e+05 resid=3.581e-16
Writing output for iteration 20...
Iteration 21
[it 21] energy J(local)=[-21.8498  39.4253  19.0673]
Maximum Self-Energy Update: 1566.5859714572023
Contact Current Difference: 0.0
Current Conservation abs: 92.69984316501359
Current Conservation rel: 0.0005099850956652946
Phonon: rel Sigma^R residual 7.6349e-01; lead balance 5.2809e-01 (best 1.2578e-02; internal spread 4.8119e+00)
Bubble energy balance: P_in=-1.127209e+05 P_out=-1.127209e+05 resid=1.964e-16
Writing output for iteration 21...
Iteration 22
[it 22] energy J(local)=[-23.753   17.0479  32.2749]
Maximum Self-Energy Update: 2346.6936368045904
Contact Current Difference: 0.0
Current Conservation abs: 1692.0047555619967
Current Conservation rel: 0.002551477069081783
Phonon: rel Sigma^R residual 6.8836e-01; lead balance 2.4850e-01 (best 1.2578e-02; internal spread 4.1682e+00)
Bubble energy balance: P_in=-3.572192e+05 P_out=-3.572192e+05 resid=1.615e-16
Writing output for iteration 22...
Iteration 23
[it 23] energy J(local)=[-45.0022 150.8877 184.038 ]
Maximum Self-Energy Update: 6291.509240038078
Contact Current Difference: 0.0
Current Conservation abs: 21313.764892018633
Current Conservation rel: 0.005098336427901894
Phonon: rel Sigma^R residual 8.2702e-01; lead balance 3.0020e-01 (best 1.2578e-02; internal spread 3.3085e+00)
Bubble energy balance: P_in=-1.788066e+06 P_out=-1.788066e+06 resid=1.208e-16
Writing output for iteration 23...
Iteration 24
[it 24] energy J(local)=[-15.2935 136.4527  98.2896]
Maximum Self-Energy Update: 956.0236785417252
Contact Current Difference: 0.0
Current Conservation abs: 3341.113218681072
Current Conservation rel: 0.0048704487349997775
Phonon: rel Sigma^R residual 3.5616e-01; lead balance 7.4346e-01 (best 1.2578e-02; internal spread 2.4960e+00)
Bubble energy balance: P_in=1.801419e+05 P_out=1.801419e+05 resid=4.280e-16
Writing output for iteration 24...
Iteration 25
[it 25] energy J(local)=[-20.0534  45.5151  53.9101]
Maximum Self-Energy Update: 2003.3322916651282
Contact Current Difference: 0.0
Current Conservation abs: 1060.973191446712
Current Conservation rel: 0.0031991342410817745
Phonon: rel Sigma^R residual 5.0623e-01; lead balance 5.0395e-01 (best 1.2578e-02; internal spread 3.8506e+00)
Bubble energy balance: P_in=-1.556107e+05 P_out=-1.556107e+05 resid=2.256e-16
Writing output for iteration 25...
Iteration 26
[it 26] energy J(local)=[-21.8832  64.0267  46.5431]
Maximum Self-Energy Update: 1590.660746655169
Contact Current Difference: 0.0
Current Conservation abs: 1281.1249845700513
Current Conservation rel: 0.004740186956472616
Phonon: rel Sigma^R residual 5.3876e-01; lead balance 1.8638e-01 (best 1.2578e-02; internal spread 5.6178e+00)
Bubble energy balance: P_in=-1.398139e+05 P_out=-1.398139e+05 resid=5.366e-17
Writing output for iteration 26...
Iteration 27
[it 27] energy J(local)=[-36.5581 129.3567  55.9095]
Maximum Self-Energy Update: 6437.433315151758
Contact Current Difference: 0.0
Current Conservation abs: 977.8174359974219
Current Conservation rel: 0.000931982430633231
Phonon: rel Sigma^R residual 8.1143e-01; lead balance 3.3322e-01 (best 1.2578e-02; internal spread 5.3297e+00)
Bubble energy balance: P_in=-4.008367e+05 P_out=-4.008367e+05 resid=1.454e-16
Writing output for iteration 27...
Iteration 28
[it 28] energy J(local)=[-222.444   277.8152   29.6718]
Maximum Self-Energy Update: 9696.389104471036
Contact Current Difference: 0.0
Current Conservation abs: 5110.41694490402
Current Conservation rel: 0.0018047240024801697
Phonon: rel Sigma^R residual 8.5714e-01; lead balance 4.6868e+00 (best 1.2578e-02; internal spread 1.4042e+01)
Bubble energy balance: P_in=-9.429063e+05 P_out=-9.429063e+05 resid=1.556e-16
Writing output for iteration 28...
Iteration 29
[it 29] energy J(local)=[-37.8254  83.3202  30.9895]
Maximum Self-Energy Update: 1721.252103459904
Contact Current Difference: 0.0
Current Conservation abs: 2433.8251894043497
Current Conservation rel: 0.02246718895635768
Phonon: rel Sigma^R residual 7.1234e-01; lead balance 6.8445e-02 (best 1.2578e-02; internal spread 3.4688e+00)
Bubble energy balance: P_in=-1.983668e+04 P_out=-1.983668e+04 resid=8.480e-15
Writing output for iteration 29...
Iteration 30
[it 30] energy J(local)=[-26.7977  24.6782  31.3196]
Maximum Self-Energy Update: 5455.670748868181
Contact Current Difference: 0.0
Current Conservation abs: 7112.858266850002
Current Conservation rel: 0.0005930738081541149
Phonon: rel Sigma^R residual 8.0957e-01; lead balance 1.1190e-01 (best 1.2578e-02; internal spread 3.0442e+00)
Bubble energy balance: P_in=-8.924395e+06 P_out=-8.924395e+06 resid=1.048e-16
Writing output for iteration 30...
Iteration 31
[it 31] energy J(local)=[-14.7883 -35.2338  18.7381]
Maximum Self-Energy Update: 5353.468084736323
Contact Current Difference: 0.0
Current Conservation abs: 35965.72461182834
Current Conservation rel: 0.010901373837910337
Phonon: rel Sigma^R residual 8.3271e-01; lead balance 4.7331e+01 (best 1.2578e-02; internal spread 1.0382e+02)
Bubble energy balance: P_in=-4.202938e+06 P_out=-4.202938e+06 resid=1.485e-16
Writing output for iteration 31...
Iteration 32
[it 32] energy J(local)=[ -34.2798 -546.6568  -24.457 ]
Maximum Self-Energy Update: 36275.721404529264
Contact Current Difference: 0.0
Current Conservation abs: 9269.018195484765
Current Conservation rel: 0.0006895156736182957
Phonon: rel Sigma^R residual 1.0080e+00; lead balance 1.0399e+00 (best 1.2578e-02; internal spread 5.3581e+00)
Bubble energy balance: P_in=3.639716e+06 P_out=3.639716e+06 resid=1.281e-15
Writing output for iteration 32...
Iteration 33
[it 33] energy J(local)=[-111.7526  -30.6374    6.2165]
Maximum Self-Energy Update: 21928.674241786273
Contact Current Difference: 0.0
Current Conservation abs: 97970.57806566358
Current Conservation rel: 0.00042386817234214987
Phonon: rel Sigma^R residual 9.7840e-01; lead balance 1.0307e-01 (best 1.2578e-02; internal spread 2.9165e+00)
Bubble energy balance: P_in=-3.975720e+08 P_out=-3.975720e+08 resid=1.098e-15
Writing output for iteration 33...
Iteration 34
[it 34] energy J(local)=[ -20.2893 -441.8824 -119.0149]
Maximum Self-Energy Update: 150521.51263977733
Contact Current Difference: 0.0
Current Conservation abs: 5807663.083680928
Current Conservation rel: 0.008264349546497034
Phonon: rel Sigma^R residual 9.9362e-01; lead balance 2.1597e-02 (best 1.2578e-02; internal spread 3.0516e+00)
Bubble energy balance: P_in=-8.258478e+08 P_out=-8.258478e+08 resid=2.997e-14
Writing output for iteration 34...
Iteration 35
[it 35] energy J(local)=[-7477.8944  -816.1074 -1521.4849]
Maximum Self-Energy Update: 179947.4123839277
Contact Current Difference: 0.0
Current Conservation abs: 16027842.111679077
Current Conservation rel: 0.0001625851947085168
Phonon: rel Sigma^R residual 9.5824e-01; lead balance 1.7504e-01 (best 1.2578e-02; internal spread 2.8211e+00)
Bubble energy balance: P_in=7.600928e+10 P_out=7.600928e+10 resid=3.760e-15
Writing output for iteration 35...
Iteration 36
[it 36] energy J(local)=[-1032.3995  8990.049    952.6971]
Maximum Self-Energy Update: 224040.74242838038
Contact Current Difference: 0.0
Current Conservation abs: 39149873.12037659
Current Conservation rel: 0.0002856503794171847
Phonon: rel Sigma^R residual 9.8318e-01; lead balance 7.4900e-02 (best 1.2578e-02; internal spread 2.9627e+00)
Bubble energy balance: P_in=-1.211913e+11 P_out=-1.211913e+11 resid=9.855e-15
Writing output for iteration 36...
Iteration 37
[it 37] energy J(local)=[ -3800.0466 520114.1028   2691.7002]
Maximum Self-Energy Update: 99569.36330941119
Contact Current Difference: 0.0
Current Conservation abs: 2973049.8712387085
Current Conservation rel: 0.0001308375232553579
Phonon: rel Sigma^R residual 1.0279e+00; lead balance 3.4912e-02 (best 1.2578e-02; internal spread 2.9415e+00)
Bubble energy balance: P_in=-1.274959e+10 P_out=-1.274959e+10 resid=7.638e-15
Writing output for iteration 37...
Iteration 38
[it 38] energy J(local)=[-2953.4341 91601.2966  1663.7278]
Maximum Self-Energy Update: 118770564.58629742
Contact Current Difference: 0.0
Current Conservation abs: 57409981753.25
Current Conservation rel: 2.3468288522300177e-05
Phonon: rel Sigma^R residual 9.9999e-01; lead balance 1.6397e-04 (best 1.6397e-04; internal spread 3.0001e+00)
Bubble energy balance: P_in=-7.753133e+15 P_out=-7.753133e+15 resid=4.318e-14
Writing output for iteration 38...
Iteration 39
[it 39] energy J(local)=[  -772.2387 172510.9397   1301.8285]
Maximum Self-Energy Update: 11878623.788912645
Contact Current Difference: 0.0
Current Conservation abs: 1293279.9239788055
Current Conservation rel: 0.00017879927632599257
SCBA ABORTED: rel Sigma^R residual 2.048e+03 > 1000 at iteration 40 (diverged).
SCBA diverged at iteration 39 (reporting best-conserved iterate).
SAVED /usr/scratch/mont-fort11/pfischill/quatrex/phonon/studies/out/d5a_gridladder/nf181/run.npz  final_heat=[  -772.239 172510.94    1301.829]  best=[ 2.60138530e+04  1.87125772e+08 -1.57854310e+04]  best_cons=0.00016397308359735916
