/usr/scratch/mont-fort11/pfischill/quatrex/src/qttools/__init__.py:56: UserWarning: 'cupy' is unavailable or not working, defaulting to 'numpy'. (No module named 'cupy')
  warnings.warn(
/usr/scratch/mont-fort11/pfischill/quatrex/src/quatrex/core/config.py:1877: UserWarning: The CPU code will run sequentially which may impact performance.
  warnings.warn(
Max Interaction Cutoff: 10.0
Energy window: 0.0 to 66.0 eV with 361 grid points.
Resolution is 0.183333 eV.
comm.stack size: 64, comm.block size: 1
Each comm.block has 5 grid points.
/usr/scratch/mont-fort11/pfischill/quatrex/src/quatrex/core/statistics.py:42: RuntimeWarning: divide by zero encountered in divide
  return 1 / (xp.exp(energy / (k_B * temperature)) - 1)
WARNING: phonon_energies.npy (361 pts, dw=0.1833) does not match the solver energy grid (6 pts); using the solver grid for the scattering self-energy.
Max Interaction Cutoff: 10.0
RUN config=/usr/scratch/mont-fort11/pfischill/quatrex/phonon/studies/out/d5a_gridladder/nf361/quatrex_config.toml phonon=True eta=1e-12 retarded=fft nblk=2 ne=361 bcs=1 qcs=1 nranks=64
Entering SCBA loop...
Iteration 0
[it  0] energy J(local)=[3.956 3.956 3.956]
Maximum Self-Energy Update: 8928.024163647757
Contact Current Difference: 0.0
Current Conservation abs: 38.36442266218364
Current Conservation rel: 4.265033169106114e-06
Phonon: rel Sigma^R residual 1.0000e+00; lead balance 1.3006e-13 (best inf; internal spread 3.4231e-13)
Bubble energy balance: P_in=-1.214563e+06 P_out=-1.214563e+06 resid=4.313e-15
Writing output for iteration 0...
Iteration 1
[it  1] energy J(local)=[0.3645 1.9554 0.4947]
Maximum Self-Energy Update: 14850.53002206698
Contact Current Difference: 0.0
Current Conservation abs: 11.809293332422385
Current Conservation rel: 3.0852807255994664e-05
Phonon: rel Sigma^R residual 9.6825e-01; lead balance 4.2767e-02 (best inf; internal spread 2.6764e-01)
Bubble energy balance: P_in=-1.157475e+05 P_out=-1.157475e+05 resid=1.306e-14
Writing output for iteration 1...
Iteration 2
[it  2] energy J(local)=[0.3305 2.1634 1.0596]
Maximum Self-Energy Update: 18725.165309929544
Contact Current Difference: 0.0
Current Conservation abs: 86.44681930821389
Current Conservation rel: 2.7262622010919907e-05
Phonon: rel Sigma^R residual 9.5890e-01; lead balance 1.5124e-01 (best inf; internal spread 2.2036e-01)
Bubble energy balance: P_in=-8.803832e+05 P_out=-8.803832e+05 resid=2.232e-16
Writing output for iteration 2...
Iteration 3
[it  3] energy J(local)=[0.6322 3.2443 0.8424]
Maximum Self-Energy Update: 3391.557551636931
Contact Current Difference: 0.0
Current Conservation abs: 0.6812439570312563
Current Conservation rel: 1.3602750128983502e-05
Phonon: rel Sigma^R residual 8.3108e-01; lead balance 6.7216e-02 (best 6.7216e-02; internal spread 3.5161e-01)
Bubble energy balance: P_in=-2.365157e+04 P_out=-2.365157e+04 resid=2.028e-14
Writing output for iteration 3...
Iteration 4
[it  4] energy J(local)=[-0.2499  5.421   1.1269]
Maximum Self-Energy Update: 1916.2572694479597
Contact Current Difference: 0.0
Current Conservation abs: 4.264810332233537
Current Conservation rel: 0.0002507146957477071
Phonon: rel Sigma^R residual 1.4697e+00; lead balance 1.8131e-01 (best 6.7216e-02; internal spread 8.6541e-01)
Bubble energy balance: P_in=-1.806801e+04 P_out=-1.806801e+04 resid=3.222e-15
Writing output for iteration 4...
Iteration 5
[it  5] energy J(local)=[-2.3135 15.6648  2.5805]
Maximum Self-Energy Update: 1733.8839207448964
Contact Current Difference: 0.0
Current Conservation abs: 3.178691434416578
Current Conservation rel: 0.00020635943454735517
Phonon: rel Sigma^R residual 1.7363e+00; lead balance 3.9097e-01 (best 6.7216e-02; internal spread 1.6766e+00)
Bubble energy balance: P_in=-1.812762e+04 P_out=-1.812762e+04 resid=6.054e-16
Writing output for iteration 5...
Iteration 6
[it  6] energy J(local)=[-14.5286  81.1751  12.9809]
Maximum Self-Energy Update: 1559.9422863755115
Contact Current Difference: 0.0
Current Conservation abs: 22.35067213176262
Current Conservation rel: 0.0013396019563239245
Phonon: rel Sigma^R residual 1.7718e+00; lead balance 2.3865e-01 (best 6.7216e-02; internal spread 3.0075e+00)
Bubble energy balance: P_in=-1.942341e+04 P_out=-1.942341e+04 resid=2.066e-15
Writing output for iteration 6...
Iteration 7
[it  7] energy J(local)=[-3.0788 20.9002  4.1947]
Maximum Self-Energy Update: 1532.5564801212827
Contact Current Difference: 0.0
Current Conservation abs: 14.498415387106434
Current Conservation rel: 0.000794595213517368
Phonon: rel Sigma^R residual 9.6845e-01; lead balance 3.9115e-01 (best 6.7216e-02; internal spread 2.0427e+00)
Bubble energy balance: P_in=-1.896142e+04 P_out=-1.896142e+04 resid=4.240e-15
Writing output for iteration 7...
Iteration 8
[it  8] energy J(local)=[-0.6498  7.101   1.8921]
Maximum Self-Energy Update: 1264.026472119927
Contact Current Difference: 0.0
Current Conservation abs: 6.659009466306088
Current Conservation rel: 0.0003392304104822623
Phonon: rel Sigma^R residual 1.5040e+00; lead balance 2.7170e-01 (best 6.7216e-02; internal spread 1.1729e+00)
Bubble energy balance: P_in=-2.218702e+04 P_out=-2.218702e+04 resid=2.013e-15
Writing output for iteration 8...
Iteration 9
[it  9] energy J(local)=[-0.2023  4.1623  1.3353]
Maximum Self-Energy Update: 1138.6716720836498
Contact Current Difference: 0.0
Current Conservation abs: 4.424999919659967
Current Conservation rel: 0.00021696738772007692
Phonon: rel Sigma^R residual 1.5891e+00; lead balance 1.9964e-01 (best 6.7216e-02; internal spread 7.4454e-01)
Bubble energy balance: P_in=-2.368084e+04 P_out=-2.368084e+04 resid=1.980e-15
Writing output for iteration 9...
Iteration 10
[it 10] energy J(local)=[-0.092   3.1023  1.0889]
Maximum Self-Energy Update: 1024.932012631454
Contact Current Difference: 0.0
Current Conservation abs: 4.406630280102036
Current Conservation rel: 0.00022530321034498765
Phonon: rel Sigma^R residual 1.3778e+00; lead balance 1.8712e-01 (best 6.7216e-02; internal spread 1.8712e-01)
Bubble energy balance: P_in=-2.452292e+04 P_out=-2.452292e+04 resid=2.078e-15
Writing output for iteration 10...
Iteration 11
[it 11] energy J(local)=[-0.0776  2.6247  0.9287]
Maximum Self-Energy Update: 955.8813076188173
Contact Current Difference: 0.0
Current Conservation abs: 4.388352506544834
Current Conservation rel: 0.00023181202235099692
Phonon: rel Sigma^R residual 1.2124e+00; lead balance 1.0995e-01 (best 6.7216e-02; internal spread 3.8093e-01)
Bubble energy balance: P_in=-2.534921e+04 P_out=-2.534921e+04 resid=1.101e-15
Writing output for iteration 11...
Iteration 12
[it 12] energy J(local)=[-0.1103  2.4298  0.7638]
Maximum Self-Energy Update: 859.4638036288537
Contact Current Difference: 0.0
Current Conservation abs: 5.639347476650073
Current Conservation rel: 0.0002880343351284593
Phonon: rel Sigma^R residual 9.9819e-01; lead balance 6.3118e-02 (best 6.3118e-02; internal spread 6.7750e-01)
Bubble energy balance: P_in=-2.689613e+04 P_out=-2.689613e+04 resid=4.340e-16
Writing output for iteration 12...
Iteration 13
[it 13] energy J(local)=[-0.1957  2.4785  0.5637]
Maximum Self-Energy Update: 786.9128448642704
Contact Current Difference: 0.0
Current Conservation abs: 10.009620183514926
Current Conservation rel: 0.00047040363452645334
Phonon: rel Sigma^R residual 8.0851e-01; lead balance 7.0047e-02 (best 6.3118e-02; internal spread 5.0360e-01)
Bubble energy balance: P_in=-2.828321e+04 P_out=-2.828321e+04 resid=4.911e-16
Writing output for iteration 13...
Iteration 14
[it 14] energy J(local)=[-0.437   3.2443  0.3285]
Maximum Self-Energy Update: 938.043512185783
Contact Current Difference: 0.0
Current Conservation abs: 22.205129500445764
Current Conservation rel: 0.0007043958063097476
Phonon: rel Sigma^R residual 8.0318e-01; lead balance 8.9307e-02 (best 6.3118e-02; internal spread 6.1997e-01)
Bubble energy balance: P_in=-3.088341e+04 P_out=-3.088341e+04 resid=7.700e-16
Writing output for iteration 14...
Iteration 15
[it 15] energy J(local)=[-2.6004 10.7493  1.1348]
Maximum Self-Energy Update: 1228.0034585843566
Contact Current Difference: 0.0
Current Conservation abs: 95.819851476037
Current Conservation rel: 0.0011810224999095542
Phonon: rel Sigma^R residual 8.3460e-01; lead balance 4.0154e-01 (best 6.3118e-02; internal spread 1.5415e+00)
Bubble energy balance: P_in=-3.617377e+04 P_out=-3.617377e+04 resid=8.920e-16
Writing output for iteration 15...
Iteration 16
[it 16] energy J(local)=[-8.8731 47.4511  3.9609]
Maximum Self-Energy Update: 1324.1477560861526
Contact Current Difference: 0.0
Current Conservation abs: 544.1615555514582
Current Conservation rel: 0.0036542178502825505
Phonon: rel Sigma^R residual 7.6771e-01; lead balance 3.3363e-01 (best 6.3118e-02; internal spread 2.8070e+00)
Bubble energy balance: P_in=-5.682889e+04 P_out=-5.682889e+04 resid=7.423e-16
Writing output for iteration 16...
Iteration 17
[it 17] energy J(local)=[-15.4737  11.6903 -58.746 ]
Maximum Self-Energy Update: 1194.6836988261634
Contact Current Difference: 0.0
Current Conservation abs: 2919.304132333753
Current Conservation rel: 0.014922773074531366
Phonon: rel Sigma^R residual 5.3161e-01; lead balance 2.9004e+00 (best 6.3118e-02; internal spread 4.9598e+00)
Bubble energy balance: P_in=-8.087726e+04 P_out=-8.087726e+04 resid=3.014e-16
Writing output for iteration 17...
Iteration 18
[it 18] energy J(local)=[-63.6331  -1.49   -21.9114]
Maximum Self-Energy Update: 896.8779378524039
Contact Current Difference: 0.0
Current Conservation abs: 634.4466931077332
Current Conservation rel: 0.00550215180646498
Phonon: rel Sigma^R residual 4.5259e-01; lead balance 1.9267e+00 (best 6.3118e-02; internal spread 2.4780e+00)
Bubble energy balance: P_in=-5.816817e+04 P_out=-5.816817e+04 resid=5.275e-16
Writing output for iteration 18...
Iteration 19
[it 19] energy J(local)=[-38.5396  -5.051  -23.2112]
Maximum Self-Energy Update: 9403.075504827637
Contact Current Difference: 0.0
Current Conservation abs: 3349.2320449427643
Current Conservation rel: 0.009255870095580751
Phonon: rel Sigma^R residual 9.9035e-01; lead balance 1.2631e+00 (best 6.3118e-02; internal spread 2.0923e+00)
Bubble energy balance: P_in=-1.150527e+05 P_out=-1.150527e+05 resid=1.528e-15
Writing output for iteration 19...
Iteration 20
[it 20] energy J(local)=[-46.6932  60.6504  -0.8821]
Maximum Self-Energy Update: 2065.33146460683
Contact Current Difference: 0.0
Current Conservation abs: 790.8097109281516
Current Conservation rel: 0.0030693061341294185
Phonon: rel Sigma^R residual 8.9954e-01; lead balance 3.3063e+00 (best 6.3118e-02; internal spread 1.0253e+01)
Bubble energy balance: P_in=-7.990456e+04 P_out=-7.990456e+04 resid=7.813e-16
Writing output for iteration 20...
Iteration 21
[it 21] energy J(local)=[-30.3048 124.6478  11.9155]
Maximum Self-Energy Update: 1586.672976808062
Contact Current Difference: 0.0
Current Conservation abs: 1636.7479837482679
Current Conservation rel: 0.00457396124295459
Phonon: rel Sigma^R residual 5.7306e-01; lead balance 1.4930e-01 (best 6.3118e-02; internal spread 3.7739e+00)
Bubble energy balance: P_in=-1.164210e+05 P_out=-1.164210e+05 resid=2.589e-16
Writing output for iteration 21...
Iteration 22
[it 22] energy J(local)=[-120.9237  823.8494  412.6258]
Maximum Self-Energy Update: 37300.002017352264
Contact Current Difference: 0.0
Current Conservation abs: 91319.38898077607
Current Conservation rel: 0.0035078104505123476
Phonon: rel Sigma^R residual 9.7551e-01; lead balance 8.0293e-01 (best 6.3118e-02; internal spread 2.5065e+00)
Bubble energy balance: P_in=-5.019777e+06 P_out=-5.019777e+06 resid=1.588e-15
Writing output for iteration 22...
Iteration 23
[it 23] energy J(local)=[-40.6347  53.0512  61.6013]
Maximum Self-Energy Update: 3837.1960281556944
Contact Current Difference: 0.0
Current Conservation abs: 421.66629848958837
Current Conservation rel: 0.005057825481030426
Phonon: rel Sigma^R residual 2.4502e+00; lead balance 1.2449e+00 (best 6.3118e-02; internal spread 2.3743e+00)
Bubble energy balance: P_in=-6.160241e+04 P_out=-6.160241e+04 resid=2.379e-16
Writing output for iteration 23...
Iteration 24
[it 24] energy J(local)=[-49.7393  41.5569  53.7607]
Maximum Self-Energy Update: 3372.251458776301
Contact Current Difference: 0.0
Current Conservation abs: 609.9879893575417
Current Conservation rel: 0.004699075010930779
Phonon: rel Sigma^R residual 1.5684e+00; lead balance 1.1145e+00 (best 6.3118e-02; internal spread 2.6229e+00)
Bubble energy balance: P_in=-8.292677e+04 P_out=-8.292677e+04 resid=5.884e-16
Writing output for iteration 24...
Iteration 25
[it 25] energy J(local)=[-68.5359  35.9015  45.4505]
Maximum Self-Energy Update: 3128.043932763015
Contact Current Difference: 0.0
Current Conservation abs: 1397.3129910843272
Current Conservation rel: 0.003784558406954191
Phonon: rel Sigma^R residual 7.3281e-01; lead balance 6.7742e-01 (best 6.3118e-02; internal spread 3.5911e+00)
Bubble energy balance: P_in=-1.557715e+05 P_out=-1.557715e+05 resid=3.454e-16
Writing output for iteration 25...
Iteration 26
[it 26] energy J(local)=[-130.5407  111.6317   41.569 ]
Maximum Self-Energy Update: 23866.078556861314
Contact Current Difference: 0.0
Current Conservation abs: 18844.872807894833
Current Conservation rel: 0.0017650359172798912
Phonon: rel Sigma^R residual 9.4276e-01; lead balance 7.8109e-01 (best 6.3118e-02; internal spread 6.0380e+00)
Bubble energy balance: P_in=-1.859123e+06 P_out=-1.859123e+06 resid=4.998e-16
Writing output for iteration 26...
Iteration 27
[it 27] energy J(local)=[-78.8283 150.9884  27.3569]
Maximum Self-Energy Update: 4239.720718955425
Contact Current Difference: 0.0
Current Conservation abs: 4217.521390992391
Current Conservation rel: 0.004618523891784933
Phonon: rel Sigma^R residual 7.5661e-01; lead balance 2.4111e-01 (best 6.3118e-02; internal spread 4.1899e+00)
Bubble energy balance: P_in=-3.711537e+05 P_out=-3.711537e+05 resid=7.845e-16
Writing output for iteration 27...
Iteration 28
[it 28] energy J(local)=[-124.2836   85.9688   10.2243]
Maximum Self-Energy Update: 14933.989365941712
Contact Current Difference: 0.0
Current Conservation abs: 6961.3320255384315
Current Conservation rel: 0.0027138020113089668
Phonon: rel Sigma^R residual 8.9315e-01; lead balance 3.2954e-01 (best 6.3118e-02; internal spread 5.0866e+00)
Bubble energy balance: P_in=-6.067471e+05 P_out=-6.067471e+05 resid=4.567e-16
Writing output for iteration 28...
Iteration 29
[it 29] energy J(local)=[-110.1846  366.3769   77.8366]
Maximum Self-Energy Update: 18631.30493059048
Contact Current Difference: 0.0
Current Conservation abs: 4127.744483332499
Current Conservation rel: 0.00220535406776697
Phonon: rel Sigma^R residual 8.5581e-01; lead balance 4.4723e-01 (best 6.3118e-02; internal spread 2.9166e+00)
Bubble energy balance: P_in=-6.112551e+05 P_out=-6.112551e+05 resid=1.782e-15
Writing output for iteration 29...
Iteration 30
[it 30] energy J(local)=[-515.9445 6970.1975 1340.288 ]
Maximum Self-Energy Update: 20062.93539566569
Contact Current Difference: 0.0
Current Conservation abs: 218982.0603350103
Current Conservation rel: 0.0016305703682689473
Phonon: rel Sigma^R residual 9.3714e-01; lead balance 2.2750e-01 (best 6.3118e-02; internal spread 3.0566e+00)
Bubble energy balance: P_in=-6.600230e+07 P_out=-6.600230e+07 resid=2.797e-17
Writing output for iteration 30...
Iteration 31
[it 31] energy J(local)=[-21.0424  36.5071  55.2222]
Maximum Self-Energy Update: 4223.117300122901
Contact Current Difference: 0.0
Current Conservation abs: 5925.317648295313
Current Conservation rel: 0.0008205809602848297
Phonon: rel Sigma^R residual 2.4166e+00; lead balance 1.3508e+00 (best 6.3118e-02; internal spread 6.5426e+00)
Bubble energy balance: P_in=-5.140600e+06 P_out=-5.140600e+06 resid=8.153e-16
Writing output for iteration 31...
Iteration 32
[it 32] energy J(local)=[-53.8279 503.1721 101.7932]
Maximum Self-Energy Update: 207903.71422770736
Contact Current Difference: 0.0
Current Conservation abs: 65192652.16290283
Current Conservation rel: 0.00011379929747150825
Phonon: rel Sigma^R residual 1.0058e+00; lead balance 9.6878e-01 (best 6.3118e-02; internal spread 5.4975e+00)
Bubble energy balance: P_in=-8.432980e+11 P_out=-8.432980e+11 resid=2.192e-16
Writing output for iteration 32...
Iteration 33
[it 33] energy J(local)=[-99.0297 226.3021 108.4455]
Maximum Self-Energy Update: 996634.87519548
Contact Current Difference: 0.0
Current Conservation abs: 9273857.628222466
Current Conservation rel: 0.0013311987315486706
Phonon: rel Sigma^R residual 9.9997e-01; lead balance 1.4330e-01 (best 6.3118e-02; internal spread 2.8877e+00)
Bubble energy balance: P_in=1.509309e+10 P_out=1.509309e+10 resid=1.685e-15
Writing output for iteration 33...
Iteration 34
[it 34] energy J(local)=[-1262.2153  4553.5747   -28.2262]
Maximum Self-Energy Update: 101138.83181491354
Contact Current Difference: 0.0
Current Conservation abs: 10841662.081925392
Current Conservation rel: 0.0015957835989159096
Phonon: rel Sigma^R residual 1.0619e+00; lead balance 2.1413e-01 (best 6.3118e-02; internal spread 1.5732e+00)
Bubble energy balance: P_in=-3.150988e+10 P_out=-3.150988e+10 resid=5.225e-15
Writing output for iteration 34...
Iteration 35
[it 35] energy J(local)=[-3.53240200e+02  6.73874036e+05  4.75763700e+02]
Maximum Self-Energy Update: 1145546.190266201
Contact Current Difference: 0.0
Current Conservation abs: 48015943.26074219
Current Conservation rel: 7.284157702360216e-06
Phonon: rel Sigma^R residual 9.9984e-01; lead balance 8.5475e-02 (best 6.3118e-02; internal spread 3.1952e+00)
Bubble energy balance: P_in=1.415057e+13 P_out=1.415057e+13 resid=3.407e-15
Writing output for iteration 35...
Iteration 36
[it 36] energy J(local)=[ 1.34504800e+03 -3.90299365e+06  6.72658100e+03]
Maximum Self-Energy Update: 974373.3377225747
Contact Current Difference: 0.0
Current Conservation abs: 234566171.8828125
Current Conservation rel: 3.7448501690027125e-06
Phonon: rel Sigma^R residual 1.0005e+00; lead balance 8.1223e-02 (best 6.3118e-02; internal spread 3.1776e+00)
Bubble energy balance: P_in=-2.339691e+14 P_out=-2.339691e+14 resid=2.940e-15
Writing output for iteration 36...
Iteration 37
[it 37] energy J(local)=[  109762.1258 -6810654.897   -884437.4404]
Maximum Self-Energy Update: 5390025.817200046
Contact Current Difference: 0.0
Current Conservation abs: 9595049568.0
Current Conservation rel: 5.674905253803706e-07
Phonon: rel Sigma^R residual 1.0000e+00; lead balance 8.2059e-03 (best 8.2059e-03; internal spread 2.9832e+00)
Bubble energy balance: P_in=-1.068372e+17 P_out=-1.068372e+17 resid=4.747e-15
Writing output for iteration 37...
Iteration 38
[it 38] energy J(local)=[  -890457.137  -20698093.1885    995089.8609]
Maximum Self-Energy Update: 920491551.0556126
Contact Current Difference: 0.0
Current Conservation abs: 43337915044034.76
Current Conservation rel: 7.301673426309528e-07
Phonon: rel Sigma^R residual 9.9999e-01; lead balance 1.6677e-05 (best 1.6677e-05; internal spread 2.9998e+00)
Bubble energy balance: P_in=9.024306e+20 P_out=9.024306e+20 resid=2.740e-12
Writing output for iteration 38...
Iteration 39
[it 39] energy J(local)=[1.31436851e+04 1.29149184e+09 5.03076576e+04]
Maximum Self-Energy Update: 128419510.80333678
Contact Current Difference: 0.0
Current Conservation abs: 592740077592.8025
Current Conservation rel: 2.2666243655370482e-08
Phonon: rel Sigma^R residual 9.9714e-01; lead balance 2.9067e-07 (best 2.9067e-07; internal spread 3.0000e+00)
Bubble energy balance: P_in=-3.353791e+20 P_out=-3.353791e+20 resid=2.422e-12
Writing output for iteration 39...
Iteration 40
[it 40] energy J(local)=[ 1.32752653e+06  1.03762196e+10 -1.53680652e+06]
Maximum Self-Energy Update: 4066751078.7643876
Contact Current Difference: 0.0
Current Conservation abs: 4000472793088.7256
Current Conservation rel: 3.36509311889353e-08
Phonon: rel Sigma^R residual 9.9995e-01; lead balance 3.0872e-07 (best 2.9067e-07; internal spread 3.0000e+00)
Bubble energy balance: P_in=-1.855722e+21 P_out=-1.855722e+21 resid=2.891e-14
Writing output for iteration 40...
Iteration 41
[it 41] energy J(local)=[ 1.17032637e+07  7.31303323e+10 -7.93333448e+06]
Maximum Self-Energy Update: 544623039.3491086
Contact Current Difference: 0.0
Current Conservation abs: 3435770415315.7104
Current Conservation rel: 4.75039840242519e-10
Phonon: rel Sigma^R residual 9.9919e-01; lead balance 3.7084e-05 (best 2.9067e-07; internal spread 3.0000e+00)
Bubble energy balance: P_in=-8.508307e+22 P_out=-8.508307e+22 resid=3.021e-14
Writing output for iteration 41...
Iteration 42
[it 42] energy J(local)=[ 4.75621762e+06 -2.07453264e+11 -1.93623875e+07]
Maximum Self-Energy Update: 140326176044.66028
Contact Current Difference: 0.0
Current Conservation abs: 1111698739243845.4
Current Conservation rel: 3.917283848863319e-09
Phonon: rel Sigma^R residual 1.0000e+00; lead balance 1.8922e-07 (best 1.8922e-07; internal spread 3.0000e+00)
Bubble energy balance: P_in=-5.167927e+24 P_out=-5.167927e+24 resid=1.129e-10
Writing output for iteration 42...
Iteration 43
[it 43] energy J(local)=[ 6.46345145e+06  5.54564625e+11 -4.02743281e+06]
Maximum Self-Energy Update: 250704355241.68298
Contact Current Difference: 0.0
Current Conservation abs: 1.8735235755681616e+16
Current Conservation rel: 1.279448514876182e-09
Phonon: rel Sigma^R residual 1.0000e+00; lead balance 6.1561e-10 (best 6.1561e-10; internal spread 3.0000e+00)
Bubble energy balance: P_in=-2.267503e+26 P_out=-2.267503e+26 resid=8.965e-14
Writing output for iteration 43...
Iteration 44
[it 44] energy J(local)=[ 8.63948537e+06 -1.29592647e+12 -3.09434804e+07]
Maximum Self-Energy Update: 25070544770.067818
Contact Current Difference: 0.0
Current Conservation abs: 234477846649.2086
Current Conservation rel: 1.1979516135004033e-10
Phonon: rel Sigma^R residual 5.8807e+02; lead balance 1.5252e-09 (best 6.1561e-10; internal spread 3.0000e+00)
Bubble energy balance: P_in=2.151997e+22 P_out=2.151997e+22 resid=1.414e-14
Writing output for iteration 44...
Iteration 45
[it 45] energy J(local)=[ 9.23737575e+06 -1.42397720e+12 -3.32987163e+07]
Maximum Self-Energy Update: 22563480594.44865
Contact Current Difference: 0.0
Current Conservation abs: 1361405149198.479
Current Conservation rel: 7.911491319692988e-10
Phonon: rel Sigma^R residual 2.6572e+02; lead balance 1.5790e-10 (best 1.5790e-10; internal spread 3.0000e+00)
Bubble energy balance: P_in=2.070096e+22 P_out=2.070096e+22 resid=3.652e-14
Writing output for iteration 45...
Iteration 46
