/usr/scratch/mont-fort11/pfischill/quatrex/src/qttools/__init__.py:56: UserWarning: 'cupy' is unavailable or not working, defaulting to 'numpy'. (No module named 'cupy')
  warnings.warn(
/usr/scratch/mont-fort11/pfischill/quatrex/src/quatrex/core/config.py:1907: UserWarning: The CPU code will run sequentially which may impact performance.
  warnings.warn(
Max Interaction Cutoff: 10.0
Energy window: 0.0 to 55.0 eV with 361 grid points.
Resolution is 0.152778 eV.
comm.stack size: 1, comm.block size: 1
Each comm.block has 361 grid points.
/usr/scratch/mont-fort11/pfischill/quatrex/src/quatrex/core/statistics.py:42: RuntimeWarning: divide by zero encountered in divide
  return 1 / (xp.exp(energy / (k_B * temperature)) - 1)
SSE band-limit: harmonic band top 46.335 THz (fixed above-band mask)
Max Interaction Cutoff: 10.0
RUN config=/usr/scratch/mont-fort11/pfischill/quatrex/phonon/studies/out/local_mw/L2_bare_nf361/quatrex_config.toml phonon=True eta=1e-12 retarded=fft nblk=2 ne=361 bcs=1 qcs=1 nranks=1
Entering SCBA loop...
Iteration 0
SSE band-limit: masking 56 bin(s) above 46.335 THz
[it  0] energy J(local)=[154.3076 154.3076 154.3076]
Maximum Self-Energy Update: 14299.191900222633
Contact Current Difference: 0.0
Current Conservation abs: 8.657900153659284
Current Conservation rel: 1.2086204599315158e-06
Phonon: rel Sigma^R residual 1.0000e+00; lead balance 9.5778e-15 (best inf; internal spread 4.2087e-13)
Bubble energy balance: P_in=-9.262282e+05 P_out=-9.262282e+05 resid=9.530e-16
Writing output for iteration 0...
Iteration 1
[it  1] energy J(local)=[84.2068 62.6234 84.2058]
Maximum Self-Energy Update: 2776.1893128065462
Contact Current Difference: 0.0
Current Conservation abs: 0.021852230572221742
Current Conservation rel: 2.4540546743387544e-06
Phonon: rel Sigma^R residual 1.4640e+01; lead balance 1.3245e-05 (best inf; internal spread 2.8026e-01)
Bubble energy balance: P_in=-9.792718e+03 P_out=-9.792718e+03 resid=1.862e-16
Writing output for iteration 1...
Iteration 2
[it  2] energy J(local)=[86.8382 69.153  86.84  ]
Maximum Self-Energy Update: 2201.415889702943
Contact Current Difference: 0.0
Current Conservation abs: 0.02214490643928002
Current Conservation rel: 1.5415502405185145e-06
Phonon: rel Sigma^R residual 9.2528e+00; lead balance 2.2513e-05 (best inf; internal spread 2.1851e-01)
Bubble energy balance: P_in=-1.192786e+04 P_out=-1.192786e+04 resid=1.496e-16
Writing output for iteration 2...
Iteration 3
[it  3] energy J(local)=[88.6741 74.0137 88.6797]
Maximum Self-Energy Update: 1745.715345167816
Contact Current Difference: 0.0
Current Conservation abs: 0.019986723284091568
Current Conservation rel: 1.1566358870845243e-06
Phonon: rel Sigma^R residual 7.5462e+00; lead balance 6.7203e-05 (best 6.7203e-05; internal spread 1.7503e-01)
Bubble energy balance: P_in=-1.333928e+04 P_out=-1.333928e+04 resid=7.503e-16
Writing output for iteration 3...
Iteration 4
[it  4] energy J(local)=[90.0406 77.711  90.0489]
Maximum Self-Energy Update: 1387.4736196442202
Contact Current Difference: 0.0
Current Conservation abs: 0.018781774489980307
Current Conservation rel: 9.77865963528123e-07
Phonon: rel Sigma^R residual 6.3869e+00; lead balance 9.6678e-05 (best 6.7203e-05; internal spread 1.4358e-01)
Bubble energy balance: P_in=-1.452471e+04 P_out=-1.452471e+04 resid=1.882e-16
Writing output for iteration 4...
Iteration 5
[it  5] energy J(local)=[91.0619 80.5337 91.0726]
Maximum Self-Energy Update: 1119.9872047762753
Contact Current Difference: 0.0
Current Conservation abs: 0.017258359788684174
Current Conservation rel: 8.268838841419832e-07
Phonon: rel Sigma^R residual 5.4318e+00; lead balance 1.2229e-04 (best 6.7203e-05; internal spread 1.2037e-01)
Bubble energy balance: P_in=-1.558038e+04 P_out=-1.558038e+04 resid=2.922e-16
Writing output for iteration 5...
Iteration 6
[it  6] energy J(local)=[91.8046 82.6306 91.8185]
Maximum Self-Energy Update: 902.93104350468
Contact Current Difference: 0.0
Current Conservation abs: 0.013444639216686483
Current Conservation rel: 6.068009582341909e-07
Phonon: rel Sigma^R residual 4.2829e+00; lead balance 1.5630e-04 (best 6.7203e-05; internal spread 1.0352e-01)
Bubble energy balance: P_in=-1.638895e+04 P_out=-1.638895e+04 resid=4.548e-16
Writing output for iteration 6...
Iteration 7
[it  7] energy J(local)=[92.3271 84.1205 92.3442]
Maximum Self-Energy Update: 721.361955922913
Contact Current Difference: 0.0
Current Conservation abs: 0.007646161377124372
Current Conservation rel: 3.08602007149824e-07
Phonon: rel Sigma^R residual 3.3959e+00; lead balance 1.9173e-04 (best 6.7203e-05; internal spread 9.1785e-02)
Bubble energy balance: P_in=-1.747671e+04 P_out=-1.747671e+04 resid=3.149e-16
Writing output for iteration 7...
Iteration 8
[it  8] energy J(local)=[92.623  85.0596 92.6438]
Maximum Self-Energy Update: 573.2277010063337
Contact Current Difference: 0.0
Current Conservation abs: 0.0012681005919148447
Current Conservation rel: 3.981012621727384e-08
Phonon: rel Sigma^R residual 2.4903e+00; lead balance 2.3016e-04 (best 6.7203e-05; internal spread 8.4167e-02)
Bubble energy balance: P_in=-1.966563e+04 P_out=-1.966563e+04 resid=9.673e-17
Writing output for iteration 8...
Iteration 9
[it  9] energy J(local)=[92.6347 85.4041 92.6594]
Maximum Self-Energy Update: 447.33373366609453
Contact Current Difference: 0.0
Current Conservation abs: 0.015278760078217601
Current Conservation rel: 3.1312716755421365e-07
Phonon: rel Sigma^R residual 1.6287e+00; lead balance 2.7331e-04 (best 6.7203e-05; internal spread 8.0407e-02)
Bubble energy balance: P_in=-2.451095e+04 P_out=-2.451095e+04 resid=1.515e-16
Writing output for iteration 9...
Iteration 10
[it 10] energy J(local)=[92.244  85.0606 92.271 ]
Maximum Self-Energy Update: 350.3458241515894
Contact Current Difference: 0.0
Current Conservation abs: 0.0006602761168323923
Current Conservation rel: 1.0296297294428749e-08
Phonon: rel Sigma^R residual 1.1133e+00; lead balance 3.0054e-04 (best 6.7203e-05; internal spread 8.0243e-02)
Bubble energy balance: P_in=-2.808140e+04 P_out=-2.808140e+04 resid=2.692e-16
Writing output for iteration 10...
Iteration 11
[it 11] energy J(local)=[91.5124 84.341  91.5422]
Maximum Self-Energy Update: 288.30361445818676
Contact Current Difference: 0.0
Current Conservation abs: 0.015987867482181173
Current Conservation rel: 3.153743126044539e-07
Phonon: rel Sigma^R residual 9.8786e-01; lead balance 3.3421e-04 (best 6.7203e-05; internal spread 8.0792e-02)
Bubble energy balance: P_in=-2.591796e+04 P_out=-2.591796e+04 resid=3.614e-16
Writing output for iteration 11...
Iteration 12
[it 12] energy J(local)=[90.9995 83.8651 91.0311]
Maximum Self-Energy Update: 223.6256003820297
Contact Current Difference: 0.0
Current Conservation abs: 0.01806326486985199
Current Conservation rel: 3.430840434860592e-07
Phonon: rel Sigma^R residual 7.3948e-01; lead balance 3.5673e-04 (best 6.7203e-05; internal spread 8.0851e-02)
Bubble energy balance: P_in=-2.818842e+04 P_out=-2.818842e+04 resid=1.596e-16
Writing output for iteration 12...
Iteration 13
[it 13] energy J(local)=[90.5627 83.4468 90.5974]
Maximum Self-Energy Update: 165.76350715392354
Contact Current Difference: 0.0
Current Conservation abs: 0.017010975316225085
Current Conservation rel: 2.583052092697429e-07
Phonon: rel Sigma^R residual 4.4759e-01; lead balance 3.9262e-04 (best 6.7203e-05; internal spread 8.1070e-02)
Bubble energy balance: P_in=-3.288245e+04 P_out=-3.288245e+04 resid=2.420e-16
Writing output for iteration 13...
Iteration 14
[it 14] energy J(local)=[90.0554 82.9359 90.0928]
Maximum Self-Energy Update: 379.82130705492
Contact Current Difference: 0.0
Current Conservation abs: 0.01120386554975994
Current Conservation rel: 9.745718146348038e-08
Phonon: rel Sigma^R residual 7.1079e-01; lead balance 4.2613e-04 (best 6.7203e-05; internal spread 8.1612e-02)
Bubble energy balance: P_in=-4.411903e+04 P_out=-4.411903e+04 resid=1.593e-16
Writing output for iteration 14...
Iteration 15
[it 15] energy J(local)=[89.1952 81.8947 89.2337]
Maximum Self-Energy Update: 308.7294846107288
Contact Current Difference: 0.0
Current Conservation abs: 0.01176309536822373
Current Conservation rel: 1.1867572364366764e-07
Phonon: rel Sigma^R residual 5.6423e-01; lead balance 4.4414e-04 (best 6.7203e-05; internal spread 8.4576e-02)
Bubble energy balance: P_in=-4.308532e+04 P_out=-4.308532e+04 resid=9.589e-17
Writing output for iteration 15...
Iteration 16
[it 16] energy J(local)=[88.7801 81.4626 88.8167]
Maximum Self-Energy Update: 114.80490432382312
Contact Current Difference: 0.0
Current Conservation abs: 0.019308956565510016
Current Conservation rel: 2.568894556059019e-07
Phonon: rel Sigma^R residual 2.8820e-01; lead balance 4.2344e-04 (best 6.7203e-05; internal spread 8.5164e-02)
Bubble energy balance: P_in=-3.751607e+04 P_out=-3.751607e+04 resid=4.340e-18
Writing output for iteration 16...
Iteration 17
[it 17] energy J(local)=[88.2831 80.9328 88.3196]
Maximum Self-Energy Update: 92.87832767776196
Contact Current Difference: 0.0
Current Conservation abs: 0.026141254624235444
Current Conservation rel: 3.5732142755536484e-07
Phonon: rel Sigma^R residual 2.3466e-01; lead balance 4.2555e-04 (best 6.7203e-05; internal spread 8.6048e-02)
Bubble energy balance: P_in=-3.701086e+04 P_out=-3.701086e+04 resid=1.069e-16
Writing output for iteration 17...
Iteration 18
[it 18] energy J(local)=[87.8228 80.3745 87.8509]
Maximum Self-Energy Update: 131.35108198080098
Contact Current Difference: 0.0
Current Conservation abs: 0.029057445513899438
Current Conservation rel: 3.136420402454442e-07
Phonon: rel Sigma^R residual 2.8228e-01; lead balance 3.2990e-04 (best 6.7203e-05; internal spread 8.7598e-02)
Bubble energy balance: P_in=-4.186539e+04 P_out=-4.186539e+04 resid=2.607e-16
Writing output for iteration 18...
Iteration 19
[it 19] energy J(local)=[87.1132 79.3931 87.1354]
Maximum Self-Energy Update: 111.56793622312779
Contact Current Difference: 0.0
Current Conservation abs: 0.028858246325398795
Current Conservation rel: 3.206163216697015e-07
Phonon: rel Sigma^R residual 2.3968e-01; lead balance 2.6317e-04 (best 6.7203e-05; internal spread 9.1574e-02)
Bubble energy balance: P_in=-4.245890e+04 P_out=-4.245890e+04 resid=1.058e-16
Writing output for iteration 19...
Iteration 20
[it 20] energy J(local)=[86.6295 78.6593 86.6519]
Maximum Self-Energy Update: 90.0421083252237
Contact Current Difference: 0.0
Current Conservation abs: 0.03949502767500235
Current Conservation rel: 4.566448699228366e-07
Phonon: rel Sigma^R residual 2.0142e-01; lead balance 2.6612e-04 (best 6.7203e-05; internal spread 9.5172e-02)
Bubble energy balance: P_in=-4.232796e+04 P_out=-4.232796e+04 resid=1.401e-16
Writing output for iteration 20...
Iteration 21
[it 21] energy J(local)=[86.2715 78.1149 86.285 ]
Maximum Self-Energy Update: 83.80887454664749
Contact Current Difference: 0.0
Current Conservation abs: 0.03635141708946321
Current Conservation rel: 4.557745394814719e-07
Phonon: rel Sigma^R residual 2.0161e-01; lead balance 1.6199e-04 (best 6.7203e-05; internal spread 9.7780e-02)
Bubble energy balance: P_in=-3.994085e+04 P_out=-3.994085e+04 resid=9.129e-17
Writing output for iteration 21...
Iteration 22
[it 22] energy J(local)=[86.0445 77.8764 86.0509]
Maximum Self-Energy Update: 70.64611933233435
Contact Current Difference: 0.0
Current Conservation abs: 0.030211986937501933
Current Conservation rel: 4.509774334325401e-07
Phonon: rel Sigma^R residual 1.7605e-01; lead balance 7.7008e-05 (best 6.7203e-05; internal spread 9.8105e-02)
Bubble energy balance: P_in=-3.677561e+04 P_out=-3.677561e+04 resid=2.639e-19
Writing output for iteration 22...
Iteration 23
[it 23] energy J(local)=[86.1169 78.0274 86.1212]
Maximum Self-Energy Update: 56.86879295370798
Contact Current Difference: 0.0
Current Conservation abs: 0.030672707514895592
Current Conservation rel: 4.37093756831014e-07
Phonon: rel Sigma^R residual 1.3641e-01; lead balance 5.1372e-05 (best 5.1372e-05; internal spread 9.7023e-02)
Bubble energy balance: P_in=-3.789903e+04 P_out=-3.789903e+04 resid=1.921e-16
Writing output for iteration 23...
Iteration 24
[it 24] energy J(local)=[86.1383 78.0834 86.141 ]
Maximum Self-Energy Update: 49.38294116204928
Contact Current Difference: 0.0
Current Conservation abs: 0.03060586926585529
Current Conservation rel: 4.419585027244917e-07
Phonon: rel Sigma^R residual 1.1798e-01; lead balance 3.3145e-05 (best 3.3145e-05; internal spread 9.6552e-02)
Bubble energy balance: P_in=-3.756899e+04 P_out=-3.756899e+04 resid=4.843e-16
Writing output for iteration 24...
Iteration 25
[it 25] energy J(local)=[86.1811 78.1596 86.1828]
Maximum Self-Energy Update: 41.95580547886504
Contact Current Difference: 0.0
Current Conservation abs: 0.03070480626047356
Current Conservation rel: 4.3968578877794805e-07
Phonon: rel Sigma^R residual 9.8601e-02; lead balance 1.9822e-05 (best 1.9822e-05; internal spread 9.6077e-02)
Bubble energy balance: P_in=-3.770800e+04 P_out=-3.770800e+04 resid=2.104e-17
Writing output for iteration 25...
Iteration 26
[it 26] energy J(local)=[86.2111 78.2086 86.2119]
Maximum Self-Energy Update: 35.83131805500081
Contact Current Difference: 0.0
Current Conservation abs: 0.030717157111212146
Current Conservation rel: 4.3928253303235605e-07
Phonon: rel Sigma^R residual 8.3017e-02; lead balance 8.9364e-06 (best 8.9364e-06; internal spread 9.5797e-02)
Bubble energy balance: P_in=-3.768000e+04 P_out=-3.768000e+04 resid=8.170e-17
Writing output for iteration 26...
Iteration 27
[it 27] energy J(local)=[86.2364 78.2451 86.2364]
Maximum Self-Energy Update: 30.243834745166588
Contact Current Difference: 0.0
Current Conservation abs: 0.03073071938706562
Current Conservation rel: 4.3771431310435223e-07
Phonon: rel Sigma^R residual 6.8886e-02; lead balance 2.3690e-07 (best 2.3690e-07; internal spread 9.5620e-02)
Bubble energy balance: P_in=-3.771298e+04 P_out=-3.771298e+04 resid=2.007e-17
Writing output for iteration 27...
Iteration 28
[it 28] energy J(local)=[86.2526 78.2644 86.2519]
Maximum Self-Energy Update: 28.5261966181937
Contact Current Difference: 0.0
Current Conservation abs: 0.030718303205503616
Current Conservation rel: 4.363280851099274e-07
Phonon: rel Sigma^R residual 6.3841e-02; lead balance 8.1842e-06 (best 2.3690e-07; internal spread 9.5564e-02)
Bubble energy balance: P_in=-3.772068e+04 P_out=-3.772068e+04 resid=5.880e-17
Writing output for iteration 28...
Iteration 29
[it 29] energy J(local)=[86.2614 78.2701 86.2601]
Maximum Self-Energy Update: 30.911615384946426
Contact Current Difference: 0.0
Current Conservation abs: 0.030696851208631415
Current Conservation rel: 4.347477182209116e-07
Phonon: rel Sigma^R residual 6.7895e-02; lead balance 1.5069e-05 (best 2.3690e-07; internal spread 9.5592e-02)
Bubble energy balance: P_in=-3.773680e+04 P_out=-3.773680e+04 resid=1.954e-16
Writing output for iteration 29...
Iteration 30
[it 30] energy J(local)=[86.2627 78.2632 86.2609]
Maximum Self-Energy Update: 33.73726913469113
Contact Current Difference: 0.0
Current Conservation abs: 0.030664867685118224
Current Conservation rel: 4.3321144593185483e-07
Phonon: rel Sigma^R residual 7.2678e-02; lead balance 2.1003e-05 (best 2.3690e-07; internal spread 9.5692e-02)
Bubble energy balance: P_in=-3.774870e+04 P_out=-3.774870e+04 resid=1.955e-16
Writing output for iteration 30...
Iteration 31
[it 31] energy J(local)=[86.2573 78.2455 86.2551]
Maximum Self-Energy Update: 36.48943026531266
Contact Current Difference: 0.0
Current Conservation abs: 0.030626590487372596
Current Conservation rel: 4.3166093884810244e-07
Phonon: rel Sigma^R residual 7.7038e-02; lead balance 2.6052e-05 (best 2.3690e-07; internal spread 9.5851e-02)
Bubble energy balance: P_in=-3.776260e+04 P_out=-3.776260e+04 resid=1.441e-16
Writing output for iteration 31...
Iteration 32
[it 32] energy J(local)=[86.2458 78.2183 86.2432]
Maximum Self-Energy Update: 39.11382265098847
Contact Current Difference: 0.0
Current Conservation abs: 0.03058254129427951
Current Conservation rel: 4.3013123262351373e-07
Phonon: rel Sigma^R residual 8.0889e-02; lead balance 3.0285e-05 (best 2.3690e-07; internal spread 9.6058e-02)
Bubble energy balance: P_in=-3.777663e+04 P_out=-3.777663e+04 resid=1.939e-16
Writing output for iteration 32...
Iteration 33
[it 33] energy J(local)=[86.2288 78.183  86.226 ]
Maximum Self-Energy Update: 41.604457689720384
Contact Current Difference: 0.0
Current Conservation abs: 0.030533907454810105
Current Conservation rel: 4.2860058610394875e-07
Phonon: rel Sigma^R residual 8.4247e-02; lead balance 3.3769e-05 (best 2.3690e-07; internal spread 9.6304e-02)
Bubble energy balance: P_in=-3.779214e+04 P_out=-3.779214e+04 resid=1.315e-16
Writing output for iteration 33...
Iteration 34
[it 34] energy J(local)=[86.207  78.1408 86.204 ]
Maximum Self-Energy Update: 43.93216200469014
Contact Current Difference: 0.0
Current Conservation abs: 0.030481044574116822
Current Conservation rel: 4.2706554654839196e-07
Phonon: rel Sigma^R residual 8.7087e-02; lead balance 3.6580e-05 (best 2.3690e-07; internal spread 9.6582e-02)
Bubble energy balance: P_in=-3.780877e+04 P_out=-3.780877e+04 resid=2.978e-16
Writing output for iteration 34...
Iteration 35
[it 35] energy J(local)=[86.1809 78.0926 86.1777]
Maximum Self-Energy Update: 46.079355579954736
Contact Current Difference: 0.0
Current Conservation abs: 0.03042438652482815
Current Conservation rel: 4.255131353288107e-07
Phonon: rel Sigma^R residual 8.9410e-02; lead balance 3.8793e-05 (best 2.3690e-07; internal spread 9.6885e-02)
Bubble energy balance: P_in=-3.782671e+04 P_out=-3.782671e+04 resid=9.921e-17
Writing output for iteration 35...
Iteration 36
[it 36] energy J(local)=[86.151  78.0394 86.1477]
Maximum Self-Energy Update: 48.025196007821144
Contact Current Difference: 0.0
Current Conservation abs: 0.03036418173724087
Current Conservation rel: 4.239368364885037e-07
Phonon: rel Sigma^R residual 9.1215e-02; lead balance 4.0486e-05 (best 2.3690e-07; internal spread 9.7208e-02)
Bubble energy balance: P_in=-3.784574e+04 P_out=-3.784574e+04 resid=1.680e-16
Writing output for iteration 36...
Iteration 37
[it 37] energy J(local)=[86.1179 77.9821 86.1144]
Maximum Self-Energy Update: 49.75486732578446
Contact Current Difference: 0.0
Current Conservation abs: 0.030300694445031695
Current Conservation rel: 4.2233036303832537e-07
Phonon: rel Sigma^R residual 9.2513e-02; lead balance 4.1730e-05 (best 2.3690e-07; internal spread 9.7546e-02)
Bubble energy balance: P_in=-3.786572e+04 P_out=-3.786572e+04 resid=1.003e-16
Writing output for iteration 37...
Iteration 38
[it 38] energy J(local)=[86.082  77.9213 86.0784]
Maximum Self-Energy Update: 51.256047010956436
Contact Current Difference: 0.0
Current Conservation abs: 0.030234149598982185
Current Conservation rel: 4.2069109851787664e-07
Phonon: rel Sigma^R residual 9.3322e-02; lead balance 4.2597e-05 (best 2.3690e-07; internal spread 9.7896e-02)
Bubble energy balance: P_in=-3.788638e+04 P_out=-3.788638e+04 resid=1.949e-16
Writing output for iteration 38...
Iteration 39
[it 39] energy J(local)=[86.0437 77.8577 86.0401]
Maximum Self-Energy Update: 52.52140115827163
Contact Current Difference: 0.0
Current Conservation abs: 0.030164783689542674
Current Conservation rel: 4.1901816240330934e-07
Phonon: rel Sigma^R residual 9.3666e-02; lead balance 4.3150e-05 (best 2.3690e-07; internal spread 9.8254e-02)
Bubble energy balance: P_in=-3.790749e+04 P_out=-3.790749e+04 resid=1.070e-16
Writing output for iteration 39...
Iteration 40
[it 40] energy J(local)=[86.0034 77.7919 85.9998]
Maximum Self-Energy Update: 53.54734516761866
Contact Current Difference: 0.0
Current Conservation abs: 0.030092835135292262
Current Conservation rel: 4.173129536183546e-07
Phonon: rel Sigma^R residual 9.3576e-02; lead balance 4.3445e-05 (best 2.3690e-07; internal spread 9.8618e-02)
Bubble energy balance: P_in=-3.792877e+04 P_out=-3.792877e+04 resid=9.592e-17
Writing output for iteration 40...
Iteration 41
[it 41] energy J(local)=[85.9616 77.7245 85.9579]
Maximum Self-Energy Update: 54.334510721705655
Contact Current Difference: 0.0
Current Conservation abs: 0.0300185607484309
Current Conservation rel: 4.155782813613932e-07
Phonon: rel Sigma^R residual 9.3085e-02; lead balance 4.3532e-05 (best 2.3690e-07; internal spread 9.8986e-02)
Bubble energy balance: P_in=-3.794997e+04 P_out=-3.794997e+04 resid=3.522e-18
Writing output for iteration 41...
Iteration 42
[it 42] energy J(local)=[85.9185 77.6559 85.9149]
Maximum Self-Energy Update: 54.886999805952534
Contact Current Difference: 0.0
Current Conservation abs: 0.02994223334826529
Current Conservation rel: 4.138182515382202e-07
Phonon: rel Sigma^R residual 9.2231e-02; lead balance 4.3453e-05 (best 2.3690e-07; internal spread 9.9355e-02)
Bubble energy balance: P_in=-3.797087e+04 P_out=-3.797087e+04 resid=9.414e-17
Writing output for iteration 42...
Iteration 43
[it 43] energy J(local)=[85.8746 77.5865 85.871 ]
Maximum Self-Energy Update: 55.21215637335777
Contact Current Difference: 0.0
Current Conservation abs: 0.029864144074963406
Current Conservation rel: 4.120377687389251e-07
Phonon: rel Sigma^R residual 9.1052e-02; lead balance 4.3243e-05 (best 2.3690e-07; internal spread 9.9723e-02)
Bubble energy balance: P_in=-3.799129e+04 P_out=-3.799129e+04 resid=4.156e-17
Writing output for iteration 43...
Iteration 44
[it 44] energy J(local)=[85.83   77.5168 85.8264]
Maximum Self-Energy Update: 55.31988535677862
Contact Current Difference: 0.0
Current Conservation abs: 0.029784596932586282
Current Conservation rel: 4.1024231748603517e-07
Phonon: rel Sigma^R residual 8.9586e-02; lead balance 4.2930e-05 (best 2.3690e-07; internal spread 1.0009e-01)
Bubble energy balance: P_in=-3.801108e+04 P_out=-3.801108e+04 resid=9.976e-17
Writing output for iteration 44...
Iteration 45
[it 45] energy J(local)=[85.7851 77.447  85.7816]
Maximum Self-Energy Update: 55.22215212574501
Contact Current Difference: 0.0
Current Conservation abs: 0.02970390369591769
Current Conservation rel: 4.0843764305559675e-07
Phonon: rel Sigma^R residual 8.7870e-02; lead balance 4.2536e-05 (best 2.3690e-07; internal spread 1.0045e-01)
Bubble energy balance: P_in=-3.803014e+04 P_out=-3.803014e+04 resid=1.040e-16
Writing output for iteration 45...
Iteration 46
[it 46] energy J(local)=[85.7402 77.3775 85.7367]
Maximum Self-Energy Update: 54.950418729580036
Contact Current Difference: 0.0
Current Conservation abs: 0.029622376438055653
Current Conservation rel: 4.0662956093468574e-07
Phonon: rel Sigma^R residual 8.5969e-02; lead balance 4.2078e-05 (best 2.3690e-07; internal spread 1.0081e-01)
Bubble energy balance: P_in=-3.804838e+04 P_out=-3.804838e+04 resid=3.905e-16
Writing output for iteration 46...
Iteration 47
[it 47] energy J(local)=[85.6953 77.3084 85.6919]
Maximum Self-Energy Update: 54.55604362395248
Contact Current Difference: 0.0
Current Conservation abs: 0.029540321564127225
Current Conservation rel: 4.0482376226537345e-07
Phonon: rel Sigma^R residual 8.3973e-02; lead balance 4.1568e-05 (best 2.3690e-07; internal spread 1.0117e-01)
Bubble energy balance: P_in=-3.806578e+04 P_out=-3.806578e+04 resid=3.733e-17
Writing output for iteration 47...
Iteration 48
[it 48] energy J(local)=[85.6508 77.2401 85.6474]
Maximum Self-Energy Update: 53.999205835919966
Contact Current Difference: 0.0
Current Conservation abs: 0.02945803411421366
Current Conservation rel: 4.030256924297795e-07
Phonon: rel Sigma^R residual 8.1826e-02; lead balance 4.1016e-05 (best 2.3690e-07; internal spread 1.0152e-01)
Bubble energy balance: P_in=-3.808232e+04 P_out=-3.808232e+04 resid=1.946e-16
Writing output for iteration 48...
Iteration 49
[it 49] energy J(local)=[85.6068 77.1728 85.6035]
Maximum Self-Energy Update: 53.29355399012103
Contact Current Difference: 0.0
Current Conservation abs: 0.029375794176303316
Current Conservation rel: 4.012404534735243e-07
Phonon: rel Sigma^R residual 7.9554e-02; lead balance 4.0426e-05 (best 2.3690e-07; internal spread 1.0187e-01)
Bubble energy balance: P_in=-3.809800e+04 P_out=-3.809800e+04 resid=1.914e-16
Writing output for iteration 49...
Iteration 50
[it 50] energy J(local)=[85.5634 77.1064 85.5601]
Maximum Self-Energy Update: 52.45242509563917
Contact Current Difference: 0.0
Current Conservation abs: 0.029293864507053513
Current Conservation rel: 3.994727556906716e-07
Phonon: rel Sigma^R residual 7.7183e-02; lead balance 3.9801e-05 (best 2.3690e-07; internal spread 1.0221e-01)
Bubble energy balance: P_in=-3.811287e+04 P_out=-3.811287e+04 resid=1.312e-16
Writing output for iteration 50...
Iteration 51
[it 51] energy J(local)=[85.5208 77.0413 85.5176]
Maximum Self-Energy Update: 51.491178438046525
Contact Current Difference: 0.0
Current Conservation abs: 0.029212489345809445
Current Conservation rel: 3.977268865460014e-07
Phonon: rel Sigma^R residual 7.4737e-02; lead balance 3.9142e-05 (best 2.3690e-07; internal spread 1.0254e-01)
Bubble energy balance: P_in=-3.812695e+04 P_out=-3.812695e+04 resid=4.771e-16
Writing output for iteration 51...
Iteration 52
[it 52] energy J(local)=[85.4791 76.9775 85.4759]
Maximum Self-Energy Update: 50.432680713205656
Contact Current Difference: 0.0
Current Conservation abs: 0.029131893919839058
Current Conservation rel: 3.960067060866027e-07
Phonon: rel Sigma^R residual 7.2250e-02; lead balance 3.8448e-05 (best 2.3690e-07; internal spread 1.0287e-01)
Bubble energy balance: P_in=-3.814029e+04 P_out=-3.814029e+04 resid=2.036e-16
Writing output for iteration 52...
Iteration 53
[it 53] energy J(local)=[85.4383 76.9151 85.4352]
Maximum Self-Energy Update: 49.27530562675001
Contact Current Difference: 0.0
Current Conservation abs: 0.029052284444333054
Current Conservation rel: 3.943156511958849e-07
Phonon: rel Sigma^R residual 6.9719e-02; lead balance 3.7718e-05 (best 2.3690e-07; internal spread 1.0319e-01)
Bubble energy balance: P_in=-3.815296e+04 P_out=-3.815296e+04 resid=3.004e-16
Writing output for iteration 53...
Iteration 54
[it 54] energy J(local)=[85.3986 76.8541 85.3955]
Maximum Self-Energy Update: 48.029979030570644
Contact Current Difference: 0.0
Current Conservation abs: 0.028973847482120618
Current Conservation rel: 3.9265673982868574e-07
Phonon: rel Sigma^R residual 6.7157e-02; lead balance 3.6947e-05 (best 2.3690e-07; internal spread 1.0351e-01)
Bubble energy balance: P_in=-3.816500e+04 P_out=-3.816500e+04 resid=3.828e-16
Writing output for iteration 54...
Iteration 55
[it 55] energy J(local)=[85.36   76.7946 85.357 ]
Maximum Self-Energy Update: 46.70696392821062
Contact Current Difference: 0.0
Current Conservation abs: 0.02889674960897537
Current Conservation rel: 3.9103258022483634e-07
Phonon: rel Sigma^R residual 6.4578e-02; lead balance 3.6134e-05 (best 2.3690e-07; internal spread 1.0382e-01)
Bubble energy balance: P_in=-3.817649e+04 P_out=-3.817649e+04 resid=2.867e-16
Writing output for iteration 55...
Iteration 56
[it 56] energy J(local)=[85.3225 76.7368 85.3196]
Maximum Self-Energy Update: 45.31588148747509
Contact Current Difference: 0.0
Current Conservation abs: 0.02882113619853044
Current Conservation rel: 3.8944537161392204e-07
Phonon: rel Sigma^R residual 6.1991e-02; lead balance 3.5274e-05 (best 2.3690e-07; internal spread 1.0412e-01)
Bubble energy balance: P_in=-3.818749e+04 P_out=-3.818749e+04 resid=2.869e-16
Writing output for iteration 56...
Iteration 57
[it 57] energy J(local)=[85.2863 76.6805 85.2835]
Maximum Self-Energy Update: 43.86573333745811
Contact Current Difference: 0.0
Current Conservation abs: 0.028747130461852066
Current Conservation rel: 3.878969075850786e-07
Phonon: rel Sigma^R residual 5.9406e-02; lead balance 3.4364e-05 (best 2.3690e-07; internal spread 1.0442e-01)
Bubble energy balance: P_in=-3.819807e+04 P_out=-3.819807e+04 resid=3.882e-16
Writing output for iteration 57...
Iteration 58
[it 58] energy J(local)=[85.2514 76.6259 85.2487]
Maximum Self-Energy Update: 42.36491480318584
Contact Current Difference: 0.0
Current Conservation abs: 0.028674831708485726
Current Conservation rel: 3.8638856938470543e-07
Phonon: rel Sigma^R residual 5.6830e-02; lead balance 3.3400e-05 (best 2.3690e-07; internal spread 1.0471e-01)
Bubble energy balance: P_in=-3.820828e+04 P_out=-3.820828e+04 resid=6.561e-17
Writing output for iteration 58...
Iteration 59
[it 59] energy J(local)=[85.2178 76.5729 85.2151]
Maximum Self-Energy Update: 40.82121936165584
Contact Current Difference: 0.0
Current Conservation abs: 0.028604314364201855
Current Conservation rel: 3.849213278510425e-07
Phonon: rel Sigma^R residual 5.4271e-02; lead balance 3.2380e-05 (best 2.3690e-07; internal spread 1.0500e-01)
Bubble energy balance: P_in=-3.821819e+04 P_out=-3.821819e+04 resid=1.212e-16
Writing output for iteration 59...
Iteration 60
[it 60] energy J(local)=[85.1855 76.5216 85.1829]
Maximum Self-Energy Update: 39.24183219884884
Contact Current Difference: 0.0
Current Conservation abs: 0.02853562711243285
Current Conservation rel: 3.8349574629975457e-07
Phonon: rel Sigma^R residual 5.1733e-02; lead balance 3.1302e-05 (best 2.3690e-07; internal spread 1.0528e-01)
Bubble energy balance: P_in=-3.822785e+04 P_out=-3.822785e+04 resid=2.888e-16
Writing output for iteration 60...
Iteration 61
[it 61] energy J(local)=[85.1545 76.472  85.152 ]
Maximum Self-Energy Update: 37.633316596298464
Contact Current Difference: 0.0
Current Conservation abs: 0.028468792261264753
Current Conservation rel: 3.8211198501442277e-07
Phonon: rel Sigma^R residual 4.9222e-02; lead balance 3.0162e-05 (best 2.3690e-07; internal spread 1.0555e-01)
Bubble energy balance: P_in=-3.823732e+04 P_out=-3.823732e+04 resid=2.875e-16
Writing output for iteration 61...
Iteration 62
[it 62] energy J(local)=[85.1249 76.424  85.1225]
Maximum Self-Energy Update: 36.00159521178107
Contact Current Difference: 0.0
Current Conservation abs: 0.028403806616552174
Current Conservation rel: 3.807698253888442e-07
Phonon: rel Sigma^R residual 4.6741e-02; lead balance 2.8962e-05 (best 2.3690e-07; internal spread 1.0582e-01)
Bubble energy balance: P_in=-3.824666e+04 P_out=-3.824666e+04 resid=1.281e-16
Writing output for iteration 62...
Iteration 63
[it 63] energy J(local)=[85.0966 76.3778 85.0943]
Maximum Self-Energy Update: 34.35193103496442
Contact Current Difference: 0.0
Current Conservation abs: 0.028340642689727247
Current Conservation rel: 3.7946869792130443e-07
Phonon: rel Sigma^R residual 4.4292e-02; lead balance 2.7700e-05 (best 2.3690e-07; internal spread 1.0608e-01)
Bubble energy balance: P_in=-3.825589e+04 P_out=-3.825589e+04 resid=1.923e-16
Writing output for iteration 63...
Iteration 64
[it 64] energy J(local)=[85.0696 76.3332 85.0675]
Maximum Self-Energy Update: 32.68891131086293
Contact Current Difference: 0.0
Current Conservation abs: 0.02827925101883011
Current Conservation rel: 3.782077253525959e-07
Phonon: rel Sigma^R residual 4.1874e-02; lead balance 2.6378e-05 (best 2.3690e-07; internal spread 1.0634e-01)
Bubble energy balance: P_in=-3.826506e+04 P_out=-3.826506e+04 resid=9.561e-17
Writing output for iteration 64...
Iteration 65
[it 65] energy J(local)=[85.044  76.2903 85.0419]
Maximum Self-Energy Update: 31.01643875595504
Contact Current Difference: 0.0
Current Conservation abs: 0.028219563151651528
Current Conservation rel: 3.7698577524466866e-07
Phonon: rel Sigma^R residual 3.9493e-02; lead balance 2.4998e-05 (best 2.3690e-07; internal spread 1.0659e-01)
Bubble energy balance: P_in=-3.827421e+04 P_out=-3.827421e+04 resid=2.093e-16
Writing output for iteration 65...
Iteration 66
[it 66] energy J(local)=[85.0197 76.249  85.0177]
Maximum Self-Energy Update: 29.337733221673925
Contact Current Difference: 0.0
Current Conservation abs: 0.02816149654245237
Current Conservation rel: 3.7580153951347845e-07
Phonon: rel Sigma^R residual 3.7148e-02; lead balance 2.3562e-05 (best 2.3690e-07; internal spread 1.0684e-01)
Bubble energy balance: P_in=-3.828336e+04 P_out=-3.828336e+04 resid=1.960e-16
Writing output for iteration 66...
Iteration 67
[it 67] energy J(local)=[84.9966 76.2093 84.9948]
Maximum Self-Energy Update: 28.04203851559205
Contact Current Difference: 0.0
Current Conservation abs: 0.02810495879384689
Current Conservation rel: 3.7465360708070894e-07
Phonon: rel Sigma^R residual 3.5325e-02; lead balance 2.2074e-05 (best 2.3690e-07; internal spread 1.0708e-01)
Bubble energy balance: P_in=-3.829252e+04 P_out=-3.829252e+04 resid=3.001e-16
Writing output for iteration 67...
Iteration 68
[it 68] energy J(local)=[84.9748 76.1712 84.9731]
Maximum Self-Energy Update: 27.105862504263435
Contact Current Difference: 0.0
Current Conservation abs: 0.028049854379787575
Current Conservation rel: 3.7354057224929784e-07
Phonon: rel Sigma^R residual 3.3986e-02; lead balance 2.0539e-05 (best 2.3690e-07; internal spread 1.0731e-01)
Bubble energy balance: P_in=-3.830173e+04 P_out=-3.830173e+04 resid=1.695e-16
Writing output for iteration 68...
Iteration 69
[it 69] energy J(local)=[84.9542 76.1347 84.9527]
Maximum Self-Energy Update: 26.142795212286778
Contact Current Difference: 0.0
Current Conservation abs: 0.027996090248052496
Current Conservation rel: 3.7246113117423406e-07
Phonon: rel Sigma^R residual 3.2639e-02; lead balance 1.8963e-05 (best 2.3690e-07; internal spread 1.0754e-01)
Bubble energy balance: P_in=-3.831097e+04 P_out=-3.831097e+04 resid=1.003e-16
Writing output for iteration 69...
Iteration 70
[it 70] energy J(local)=[84.9348 76.0997 84.9334]
Maximum Self-Energy Update: 25.152328227398446
Contact Current Difference: 0.0
Current Conservation abs: 0.027943583467276767
Current Conservation rel: 3.714142090596846e-07
Phonon: rel Sigma^R residual 3.1281e-02; lead balance 1.7350e-05 (best 2.3690e-07; internal spread 1.0776e-01)
Bubble energy balance: P_in=-3.832026e+04 P_out=-3.832026e+04 resid=2.470e-16
Writing output for iteration 70...
Iteration 71
[it 71] energy J(local)=[84.9166 76.0663 84.9153]
Maximum Self-Energy Update: 24.13390040136401
Contact Current Difference: 0.0
Current Conservation abs: 0.02789226824825164
Current Conservation rel: 3.7039908250142417e-07
Phonon: rel Sigma^R residual 2.9912e-02; lead balance 1.5709e-05 (best 2.3690e-07; internal spread 1.0797e-01)
Bubble energy balance: P_in=-3.832957e+04 P_out=-3.832957e+04 resid=2.098e-16
Writing output for iteration 71...
Iteration 72
[it 72] energy J(local)=[84.8994 76.0343 84.8982]
Maximum Self-Energy Update: 23.086965595003345
Contact Current Difference: 0.0
Current Conservation abs: 0.027842103212606162
Current Conservation rel: 3.694155082541918e-07
Phonon: rel Sigma^R residual 2.8528e-02; lead balance 1.4046e-05 (best 2.3690e-07; internal spread 1.0818e-01)
Bubble energy balance: P_in=-3.833891e+04 P_out=-3.833891e+04 resid=1.632e-16
Writing output for iteration 72...
Iteration 73
[it 73] energy J(local)=[84.8832 76.0039 84.8822]
Maximum Self-Energy Update: 22.01107611479093
Contact Current Difference: 0.0
Current Conservation abs: 0.027793079178081825
Current Conservation rel: 3.684638608593658e-07
Phonon: rel Sigma^R residual 2.7127e-02; lead balance 1.2371e-05 (best 2.3690e-07; internal spread 1.0839e-01)
Bubble energy balance: P_in=-3.834823e+04 P_out=-3.834823e+04 resid=3.052e-17
Writing output for iteration 73...
Iteration 74
[it 74] energy J(local)=[84.8681 75.9748 84.8672]
Maximum Self-Energy Update: 20.905983762058263
Contact Current Difference: 0.0
Current Conservation abs: 0.027745226201659534
Current Conservation rel: 3.675452603880042e-07
Phonon: rel Sigma^R residual 2.5708e-02; lead balance 1.0691e-05 (best 2.3690e-07; internal spread 1.0858e-01)
Bubble energy balance: P_in=-3.835750e+04 P_out=-3.835750e+04 resid=2.852e-16
Writing output for iteration 74...
Iteration 75
[it 75] energy J(local)=[84.8539 75.9472 84.8532]
Maximum Self-Energy Update: 19.771759847030605
Contact Current Difference: 0.0
Current Conservation abs: 0.02769861969863996
Current Conservation rel: 3.6666168470189025e-07
Phonon: rel Sigma^R residual 2.4270e-02; lead balance 9.0159e-06 (best 2.3690e-07; internal spread 1.0877e-01)
Bubble energy balance: P_in=-3.836669e+04 P_out=-3.836669e+04 resid=1.970e-16
Writing output for iteration 75...
Iteration 76
[it 76] energy J(local)=[84.8407 75.9209 84.8401]
Maximum Self-Energy Update: 18.608934161136602
Contact Current Difference: 0.0
Current Conservation abs: 0.027653386678139213
Current Conservation rel: 3.6581607548264856e-07
Phonon: rel Sigma^R residual 2.2810e-02; lead balance 7.3546e-06 (best 2.3690e-07; internal spread 1.0895e-01)
Bubble energy balance: P_in=-3.837573e+04 P_out=-3.837573e+04 resid=2.863e-16
Writing output for iteration 76...
Iteration 77
[it 77] energy J(local)=[84.8282 75.8961 84.8278]
Maximum Self-Energy Update: 17.41865068166681
Contact Current Difference: 0.0
Current Conservation abs: 0.027609709359239787
Current Conservation rel: 3.6501239595783604e-07
Phonon: rel Sigma^R residual 2.1329e-02; lead balance 5.7171e-06 (best 2.3690e-07; internal spread 1.0913e-01)
Bubble energy balance: P_in=-3.838458e+04 P_out=-3.838458e+04 resid=1.949e-16
Writing output for iteration 77...
Iteration 78
[it 78] energy J(local)=[84.8166 75.8725 84.8163]
Maximum Self-Energy Update: 16.20283451298332
Contact Current Difference: 0.0
Current Conservation abs: 0.02756782762298826
Current Conservation rel: 3.642556528704294e-07
Phonon: rel Sigma^R residual 1.9827e-02; lead balance 4.1131e-06 (best 2.3690e-07; internal spread 1.0929e-01)
Bubble energy balance: P_in=-3.839316e+04 P_out=-3.839316e+04 resid=3.082e-16
Writing output for iteration 78...
Iteration 79
[it 79] energy J(local)=[84.8058 75.8504 84.8056]
Maximum Self-Energy Update: 14.964360474552315
Contact Current Difference: 0.0
Current Conservation abs: 0.027528038430318702
Current Conservation rel: 3.6355185107398276e-07
Phonon: rel Sigma^R residual 1.8307e-02; lead balance 2.5528e-06 (best 2.3690e-07; internal spread 1.0945e-01)
Bubble energy balance: P_in=-3.840142e+04 P_out=-3.840142e+04 resid=2.070e-16
Writing output for iteration 79...
Iteration 80
[it 80] energy J(local)=[84.7956 75.8295 84.7956]
Maximum Self-Energy Update: 13.710734803044607
Contact Current Difference: 0.0
Current Conservation abs: 0.027490692082210444
Current Conservation rel: 3.629078734745004e-07
Phonon: rel Sigma^R residual 1.6775e-02; lead balance 1.0464e-06 (best 2.3690e-07; internal spread 1.0960e-01)
Bubble energy balance: P_in=-3.840929e+04 P_out=-3.840929e+04 resid=3.792e-16
Writing output for iteration 80...
Iteration 81
[it 81] energy J(local)=[84.7862 75.81   84.7862]
Maximum Self-Energy Update: 12.461413470055868
Contact Current Difference: 0.0
Current Conservation abs: 0.027456184339825995
Current Conservation rel: 3.6233127062320056e-07
Phonon: rel Sigma^R residual 1.5253e-02; lead balance 3.9581e-07 (best 2.3690e-07; internal spread 1.0974e-01)
Bubble energy balance: P_in=-3.841671e+04 P_out=-3.841671e+04 resid=2.951e-16
Writing output for iteration 81...
Iteration 82
[it 82] energy J(local)=[84.7774 75.7917 84.7776]
Maximum Self-Energy Update: 11.20469205413867
Contact Current Difference: 0.0
Current Conservation abs: 0.027424943997175433
Current Conservation rel: 3.6182995666108466e-07
Phonon: rel Sigma^R residual 1.3726e-02; lead balance 1.7636e-06 (best 2.3690e-07; internal spread 1.0988e-01)
Bubble energy balance: P_in=-3.842364e+04 P_out=-3.842364e+04 resid=1.138e-16
Writing output for iteration 82...
Iteration 83
[it 83] energy J(local)=[84.7692 75.7748 84.7695]
Maximum Self-Energy Update: 9.94775736762659
Contact Current Difference: 0.0
Current Conservation abs: 0.027397416073654313
Current Conservation rel: 3.6141182210225683e-07
Phonon: rel Sigma^R residual 1.2200e-02; lead balance 3.0466e-06 (best 2.3690e-07; internal spread 1.1000e-01)
Bubble energy balance: P_in=-3.843005e+04 P_out=-3.843005e+04 resid=3.788e-16
Writing output for iteration 83...
Iteration 84
[it 84] energy J(local)=[84.7616 75.7591 84.762 ]
Maximum Self-Energy Update: 8.698860269472075
Contact Current Difference: 0.0
Current Conservation abs: 0.027374039884307422
Current Conservation rel: 3.6108426846141466e-07
Phonon: rel Sigma^R residual 1.0683e-02; lead balance 4.2348e-06 (best 2.3690e-07; internal spread 1.1011e-01)
Bubble energy balance: P_in=-3.843594e+04 P_out=-3.843594e+04 resid=4.780e-16
Writing output for iteration 84...
Iteration 85
[it 85] energy J(local)=[84.7545 75.7447 84.755 ]
Maximum Self-Energy Update: 7.467103608653816
Contact Current Difference: 0.0
Current Conservation abs: 0.027355224890925456
Current Conservation rel: 3.608537229800544e-07
Phonon: rel Sigma^R residual 9.1853e-03; lead balance 5.3183e-06 (best 2.3690e-07; internal spread 1.1022e-01)
Bubble energy balance: P_in=-3.844132e+04 P_out=-3.844132e+04 resid=9.965e-17
Writing output for iteration 85...
Iteration 86
[it 86] energy J(local)=[84.7479 75.7315 84.7484]
Maximum Self-Energy Update: 6.26214365913551
Contact Current Difference: 0.0
Current Conservation abs: 0.027341323904693127
Current Conservation rel: 3.6072514974940807e-07
Phonon: rel Sigma^R residual 7.7176e-03; lead balance 6.2876e-06 (best 2.3690e-07; internal spread 1.1031e-01)
Bubble energy balance: P_in=-3.844622e+04 P_out=-3.844622e+04 resid=3.034e-16
Writing output for iteration 86...
Iteration 87
[it 87] energy J(local)=[84.7418 75.7195 84.7424]
Maximum Self-Energy Update: 5.230192099789673
Contact Current Difference: 0.0
Current Conservation abs: 0.02733260714012431
Current Conservation rel: 3.607016229738262e-07
Phonon: rel Sigma^R residual 6.4591e-03; lead balance 7.1336e-06 (best 2.3690e-07; internal spread 1.1039e-01)
Bubble energy balance: P_in=-3.845070e+04 P_out=-3.845070e+04 resid=1.356e-16
Writing output for iteration 87...
Iteration 88
[it 88] energy J(local)=[84.736  75.7086 84.7367]
Maximum Self-Energy Update: 5.50923955766075
Contact Current Difference: 0.0
Current Conservation abs: 0.027329239492246415
Current Conservation rel: 3.6078400638232564e-07
Phonon: rel Sigma^R residual 6.8188e-03; lead balance 7.8480e-06 (best 2.3690e-07; internal spread 1.1047e-01)
Bubble energy balance: P_in=-3.845482e+04 P_out=-3.845482e+04 resid=1.921e-16
Writing output for iteration 88...
Iteration 89
[it 89] energy J(local)=[84.7307 75.6988 84.7314]
Maximum Self-Energy Update: 6.444535962512295
Contact Current Difference: 0.0
Current Conservation abs: 0.027331263438099995
Current Conservation rel: 3.6097077322488405e-07
Phonon: rel Sigma^R residual 7.9951e-03; lead balance 8.4234e-06 (best 2.3690e-07; internal spread 1.1053e-01)
Bubble energy balance: P_in=-3.845867e+04 P_out=-3.845867e+04 resid=4.911e-16
Writing output for iteration 89...
Iteration 90
[it 90] energy J(local)=[84.7256 75.6901 84.7263]
Maximum Self-Energy Update: 7.248430238283363
Contact Current Difference: 0.0
Current Conservation abs: 0.02733858937426703
Current Conservation rel: 3.6125798290573734e-07
Phonon: rel Sigma^R residual 9.0142e-03; lead balance 8.8533e-06 (best 2.3690e-07; internal spread 1.1058e-01)
Bubble energy balance: P_in=-3.846231e+04 P_out=-3.846231e+04 resid=4.734e-16
Writing output for iteration 90...
Iteration 91
[it 91] energy J(local)=[84.7208 75.6823 84.7216]
Maximum Self-Energy Update: 7.917008353539178
Contact Current Difference: 0.0
Current Conservation abs: 0.02735099440178601
Current Conservation rel: 3.6163941118468763e-07
Phonon: rel Sigma^R residual 9.8698e-03; lead balance 9.1327e-06 (best 2.3690e-07; internal spread 1.1063e-01)
Bubble energy balance: P_in=-3.846582e+04 P_out=-3.846582e+04 resid=2.839e-16
Writing output for iteration 91...
Iteration 92
[it 92] energy J(local)=[84.7163 75.6753 84.717 ]
Maximum Self-Energy Update: 8.449641408619819
Contact Current Difference: 0.0
Current Conservation abs: 0.027368130278773606
Current Conservation rel: 3.6210682252593585e-07
Phonon: rel Sigma^R residual 1.0560e-02; lead balance 9.2580e-06 (best 2.3690e-07; internal spread 1.1067e-01)
Bubble energy balance: P_in=-3.846924e+04 P_out=-3.846924e+04 resid=1.558e-16
Writing output for iteration 92...
Iteration 93
[it 93] energy J(local)=[84.7118 75.6691 84.7126]
Maximum Self-Energy Update: 8.848791361310719
Contact Current Difference: 0.0
Current Conservation abs: 0.027389538634452038
Current Conservation rel: 3.626503385958978e-07
Phonon: rel Sigma^R residual 1.1086e-02; lead balance 9.2272e-06 (best 2.3690e-07; internal spread 1.1069e-01)
Bubble energy balance: P_in=-3.847264e+04 P_out=-3.847264e+04 resid=4.733e-16
Writing output for iteration 93...
Iteration 94
[it 94] energy J(local)=[84.7076 75.6636 84.7083]
Maximum Self-Energy Update: 9.119666907501077
Contact Current Difference: 0.0
Current Conservation abs: 0.027414672702434473
Current Conservation rel: 3.6325887627773293e-07
Phonon: rel Sigma^R residual 1.1452e-02; lead balance 9.0400e-06 (best 2.3690e-07; internal spread 1.1072e-01)
Bubble energy balance: P_in=-3.847603e+04 P_out=-3.847603e+04 resid=1.994e-16
Writing output for iteration 94...
Iteration 95
[it 95] energy J(local)=[84.7033 75.6587 84.7041]
Maximum Self-Energy Update: 9.269762618807253
Contact Current Difference: 0.0
Current Conservation abs: 0.027442922320915386
Current Conservation rel: 3.639206015312773e-07
Phonon: rel Sigma^R residual 1.1668e-02; lead balance 8.6981e-06 (best 2.3690e-07; internal spread 1.1073e-01)
Bubble energy balance: P_in=-3.847943e+04 P_out=-3.847943e+04 resid=1.249e-16
Writing output for iteration 95...
Iteration 96
[it 96] energy J(local)=[84.6992 75.6542 84.6998]
Maximum Self-Energy Update: 9.308334103741007
Contact Current Difference: 0.0
Current Conservation abs: 0.027473640904645436
Current Conservation rel: 3.646233777921739e-07
Phonon: rel Sigma^R residual 1.1743e-02; lead balance 8.2051e-06 (best 2.3690e-07; internal spread 1.1074e-01)
Bubble energy balance: P_in=-3.848283e+04 P_out=-3.848283e+04 resid=1.245e-16
Writing output for iteration 96...
Iteration 97
[it 97] energy J(local)=[84.695  75.6502 84.6956]
Maximum Self-Energy Update: 9.24586184164447
Contact Current Difference: 0.0
Current Conservation abs: 0.027506171776622068
Current Conservation rel: 3.653551755219212e-07
Phonon: rel Sigma^R residual 1.1689e-02; lead balance 7.5664e-06 (best 2.3690e-07; internal spread 1.1074e-01)
Bubble energy balance: P_in=-3.848623e+04 P_out=-3.848623e+04 resid=2.843e-16
Writing output for iteration 97...
Iteration 98
[it 98] energy J(local)=[84.6907 75.6466 84.6913]
Maximum Self-Energy Update: 9.093546667735401
Contact Current Difference: 0.0
Current Conservation abs: 0.02753987192409113
Current Conservation rel: 3.6610442191664203e-07
Phonon: rel Sigma^R residual 1.1520e-02; lead balance 6.7893e-06 (best 2.3690e-07; internal spread 1.1074e-01)
Bubble energy balance: P_in=-3.848961e+04 P_out=-3.848961e+04 resid=1.964e-16
Writing output for iteration 98...
Iteration 99
[it 99] energy J(local)=[84.6865 75.6432 84.6869]
Maximum Self-Energy Update: 8.862866373833095
Contact Current Difference: 0.0
Current Conservation abs: 0.02757413224026095
Current Conservation rel: 3.668602845176469e-07
Phonon: rel Sigma^R residual 1.1249e-02; lead balance 5.8829e-06 (best 2.3690e-07; internal spread 1.1073e-01)
Bubble energy balance: P_in=-3.849294e+04 P_out=-3.849294e+04 resid=3.056e-16
Writing output for iteration 99...
Iteration 100
[it 100] energy J(local)=[84.6821 75.6401 84.6825]
Maximum Self-Energy Update: 8.565209290358926
Contact Current Difference: 0.0
Current Conservation abs: 0.027608393822447397
Current Conservation rel: 3.67612889215179e-07
Phonon: rel Sigma^R residual 1.0890e-02; lead balance 4.8580e-06 (best 2.3690e-07; internal spread 1.1072e-01)
Bubble energy balance: P_in=-3.849621e+04 P_out=-3.849621e+04 resid=1.457e-17
Writing output for iteration 100...
Iteration 101
[it 101] energy J(local)=[84.6777 75.6371 84.678 ]
Maximum Self-Energy Update: 8.211589260034481
Contact Current Difference: 0.0
Current Conservation abs: 0.027642159271636046
Current Conservation rel: 3.6835346379840336e-07
Phonon: rel Sigma^R residual 1.0458e-02; lead balance 3.7265e-06 (best 2.3690e-07; internal spread 1.1071e-01)
Bubble energy balance: P_in=-3.849940e+04 P_out=-3.849940e+04 resid=3.026e-16
Writing output for iteration 101...
Iteration 102
[it 102] energy J(local)=[84.6731 75.6343 84.6733]
Maximum Self-Energy Update: 7.812438078781026
Contact Current Difference: 0.0
Current Conservation abs: 0.027674999939335976
Current Conservation rel: 3.690744233943976e-07
Phonon: rel Sigma^R residual 9.9645e-03; lead balance 2.5020e-06 (best 2.3690e-07; internal spread 1.1069e-01)
Bubble energy balance: P_in=-3.850248e+04 P_out=-3.850248e+04 resid=1.053e-16
Writing output for iteration 102...
Iteration 103
[it 103] energy J(local)=[84.6684 75.6316 84.6685]
Maximum Self-Energy Update: 7.377466330306184
Contact Current Difference: 0.0
Current Conservation abs: 0.027706559136277065
Current Conservation rel: 3.6976940037148494e-07
Phonon: rel Sigma^R residual 9.4226e-03; lead balance 1.1986e-06 (best 2.3690e-07; internal spread 1.1067e-01)
Bubble energy balance: P_in=-3.850544e+04 P_out=-3.850544e+04 resid=9.449e-17
Writing output for iteration 103...
Iteration 104
[it 104] energy J(local)=[84.6637 75.6289 84.6637]
Maximum Self-Energy Update: 6.915581096128712
Contact Current Difference: 0.0
Current Conservation abs: 0.02773655187775148
Current Conservation rel: 3.7043322758948164e-07
Phonon: rel Sigma^R residual 8.8435e-03; lead balance 1.6837e-07 (best 1.6837e-07; internal spread 1.1065e-01)
Bubble energy balance: P_in=-3.850828e+04 P_out=-3.850828e+04 resid=1.913e-16
Writing output for iteration 104...
Iteration 105
[it 105] energy J(local)=[84.6588 75.6262 84.6587]
Maximum Self-Energy Update: 6.43484858022891
Contact Current Difference: 0.0
Current Conservation abs: 0.0277647621333017
Current Conservation rel: 3.7106188834339103e-07
Phonon: rel Sigma^R residual 8.2379e-03; lead balance 1.5835e-06 (best 1.6837e-07; internal spread 1.1063e-01)
Bubble energy balance: P_in=-3.851099e+04 P_out=-3.851099e+04 resid=9.589e-17
Writing output for iteration 105...
Iteration 106
[it 106] energy J(local)=[84.6539 75.6235 84.6536]
Maximum Self-Energy Update: 5.9424905325699156
Contact Current Difference: 0.0
Current Conservation abs: 0.02779103780630976
Current Conservation rel: 3.716524359966721e-07
Phonon: rel Sigma^R residual 7.6150e-03; lead balance 3.0310e-06 (best 1.6837e-07; internal spread 1.1061e-01)
Bubble energy balance: P_in=-3.851357e+04 P_out=-3.851357e+04 resid=1.011e-16
Writing output for iteration 106...
Iteration 107
[it 107] energy J(local)=[84.6489 75.6209 84.6485]
Maximum Self-Energy Update: 5.444904892858152
Contact Current Difference: 0.0
Current Conservation abs: 0.027815284236567095
Current Conservation rel: 3.722028936828894e-07
Phonon: rel Sigma^R residual 6.9833e-03; lead balance 4.4951e-06 (best 1.6837e-07; internal spread 1.1058e-01)
Bubble energy balance: P_in=-3.851601e+04 P_out=-3.851601e+04 resid=1.691e-16
Writing output for iteration 107...
Iteration 108
[it 108] energy J(local)=[84.6438 75.6182 84.6433]
Maximum Self-Energy Update: 4.947702866795209
Contact Current Difference: 0.0
Current Conservation abs: 0.02783745738270227
Current Conservation rel: 3.7271214933744217e-07
Phonon: rel Sigma^R residual 6.3503e-03; lead balance 5.9606e-06 (best 1.6837e-07; internal spread 1.1056e-01)
Bubble energy balance: P_in=-3.851832e+04 P_out=-3.851832e+04 resid=9.451e-17
Writing output for iteration 108...
Iteration 109
[it 109] energy J(local)=[84.6386 75.6155 84.638 ]
Maximum Self-Energy Update: 4.467626770329046
Contact Current Difference: 0.0
Current Conservation abs: 0.02785755605873419
Current Conservation rel: 3.7317983757122785e-07
Phonon: rel Sigma^R residual 5.7377e-03; lead balance 7.4125e-06 (best 1.6837e-07; internal spread 1.1054e-01)
Bubble energy balance: P_in=-3.852050e+04 P_out=-3.852050e+04 resid=1.901e-16
Writing output for iteration 109...
Iteration 110
[it 110] energy J(local)=[84.6334 75.6128 84.6327]
Maximum Self-Energy Update: 4.1550832382087535
Contact Current Difference: 0.0
Current Conservation abs: 0.027875614316144492
Current Conservation rel: 3.7360622297504115e-07
Phonon: rel Sigma^R residual 5.3391e-03; lead balance 8.8368e-06 (best 1.6837e-07; internal spread 1.1051e-01)
Bubble energy balance: P_in=-3.852257e+04 P_out=-3.852257e+04 resid=3.865e-16
Writing output for iteration 110...
Iteration 111
[it 111] energy J(local)=[84.6282 75.6101 84.6274]
Maximum Self-Energy Update: 3.9693318277096914
Contact Current Difference: 0.0
Current Conservation abs: 0.027891694553545676
Current Conservation rel: 3.739920927755138e-07
Phonon: rel Sigma^R residual 5.1025e-03; lead balance 1.0220e-05 (best 1.6837e-07; internal spread 1.1049e-01)
Bubble energy balance: P_in=-3.852452e+04 P_out=-3.852452e+04 resid=2.137e-17
Writing output for iteration 111...
Iteration 112
[it 112] energy J(local)=[84.623  75.6073 84.622 ]
Maximum Self-Energy Update: 3.7698865069752854
Contact Current Difference: 0.0
Current Conservation abs: 0.027905880378966685
Current Conservation rel: 3.743386459768372e-07
Phonon: rel Sigma^R residual 4.8477e-03; lead balance 1.1551e-05 (best 1.6837e-07; internal spread 1.1046e-01)
Bubble energy balance: P_in=-3.852637e+04 P_out=-3.852637e+04 resid=2.838e-16
Writing output for iteration 112...
Iteration 113
[it 113] energy J(local)=[84.6178 75.6045 84.6167]
Maximum Self-Energy Update: 3.55997094624397
Contact Current Difference: 0.0
Current Conservation abs: 0.0279182709637098
Current Conservation rel: 3.746474025366068e-07
Phonon: rel Sigma^R residual 4.5788e-03; lead balance 1.2818e-05 (best 1.6837e-07; internal spread 1.1044e-01)
Bubble energy balance: P_in=-3.852812e+04 P_out=-3.852812e+04 resid=2.849e-16
Writing output for iteration 113...
Iteration 114
[it 114] energy J(local)=[84.6126 75.6017 84.6115]
Maximum Self-Energy Update: 3.3425494960675666
Contact Current Difference: 0.0
Current Conservation abs: 0.027928975672693923
Current Conservation rel: 3.7492011655275165e-07
Phonon: rel Sigma^R residual 4.2998e-03; lead balance 1.4012e-05 (best 1.6837e-07; internal spread 1.1042e-01)
Bubble energy balance: P_in=-3.852978e+04 P_out=-3.852978e+04 resid=2.125e-16
Writing output for iteration 114...
Iteration 115
[it 115] energy J(local)=[84.6075 75.5988 84.6062]
Maximum Self-Energy Update: 3.120327891161195
Contact Current Difference: 0.0
Current Conservation abs: 0.027938109429669566
Current Conservation rel: 3.75158699839861e-07
Phonon: rel Sigma^R residual 4.0143e-03; lead balance 1.5124e-05 (best 1.6837e-07; internal spread 1.1039e-01)
Bubble energy balance: P_in=-3.853136e+04 P_out=-3.853136e+04 resid=1.889e-16
Writing output for iteration 115...
Iteration 116
[it 116] energy J(local)=[84.6024 75.596  84.6011]
Maximum Self-Energy Update: 2.895756497903549
Contact Current Difference: 0.0
Current Conservation abs: 0.02794578916655155
Current Conservation rel: 3.7536516079097453e-07
Phonon: rel Sigma^R residual 3.7254e-03; lead balance 1.6147e-05 (best 1.6837e-07; internal spread 1.1037e-01)
Bubble energy balance: P_in=-3.853287e+04 P_out=-3.853287e+04 resid=2.104e-16
Writing output for iteration 116...
Iteration 117
[it 117] energy J(local)=[84.5974 75.5931 84.596 ]
Maximum Self-Energy Update: 2.6710357633751234
Contact Current Difference: 0.0
Current Conservation abs: 0.02795213071658509
Current Conservation rel: 3.7554155008904217e-07
Phonon: rel Sigma^R residual 3.4362e-03; lead balance 1.7076e-05 (best 1.6837e-07; internal spread 1.1035e-01)
Bubble energy balance: P_in=-3.853430e+04 P_out=-3.853430e+04 resid=1.923e-16
Writing output for iteration 117...
Iteration 118
[it 118] energy J(local)=[84.5925 75.5903 84.591 ]
Maximum Self-Energy Update: 2.448123569435053
Contact Current Difference: 0.0
Current Conservation abs: 0.027957246580626816
Current Conservation rel: 3.756899191378122e-07
Phonon: rel Sigma^R residual 3.1491e-03; lead balance 1.7907e-05 (best 1.6837e-07; internal spread 1.1033e-01)
Bubble energy balance: P_in=-3.853566e+04 P_out=-3.853566e+04 resid=2.140e-16
Writing output for iteration 118...
Iteration 119
[it 119] energy J(local)=[84.5877 75.5875 84.5862]
Maximum Self-Energy Update: 2.2287442253391316
Contact Current Difference: 0.0
Current Conservation abs: 0.027961244297330268
Current Conservation rel: 3.7581228765827934e-07
Phonon: rel Sigma^R residual 2.8665e-03; lead balance 1.8637e-05 (best 1.6837e-07; internal spread 1.1031e-01)
Bubble energy balance: P_in=-3.853696e+04 P_out=-3.853696e+04 resid=3.784e-16
Writing output for iteration 119...
Iteration 120
[it 120] energy J(local)=[84.583  75.5846 84.5814]
Maximum Self-Energy Update: 2.0143988590475304
Contact Current Difference: 0.0
Current Conservation abs: 0.027964225264440756
Current Conservation rel: 3.759106184140312e-07
Phonon: rel Sigma^R residual 2.5903e-03; lead balance 1.9263e-05 (best 1.6837e-07; internal spread 1.1030e-01)
Bubble energy balance: P_in=-3.853820e+04 P_out=-3.853820e+04 resid=1.043e-16
Writing output for iteration 120...
Iteration 121
[it 121] energy J(local)=[84.5784 75.5818 84.5768]
Maximum Self-Energy Update: 1.8063769950876225
Contact Current Difference: 0.0
Current Conservation abs: 0.027966284033027478
Current Conservation rel: 3.7598679934076813e-07
Phonon: rel Sigma^R residual 2.3223e-03; lead balance 1.9785e-05 (best 1.6837e-07; internal spread 1.1028e-01)
Bubble energy balance: P_in=-3.853938e+04 P_out=-3.853938e+04 resid=2.843e-16
Writing output for iteration 121...
Iteration 122
[it 122] energy J(local)=[84.574  75.5791 84.5724]
Maximum Self-Energy Update: 1.605769145864697
Contact Current Difference: 0.0
Current Conservation abs: 0.027967507994617335
Current Conservation rel: 3.7604263196096675e-07
Phonon: rel Sigma^R residual 2.0638e-03; lead balance 2.0204e-05 (best 1.6837e-07; internal spread 1.1027e-01)
Bubble energy balance: P_in=-3.854051e+04 P_out=-3.854051e+04 resid=1.888e-16
Writing output for iteration 122...
Iteration 123
[it 123] energy J(local)=[84.5697 75.5764 84.5681]
Maximum Self-Energy Update: 1.413480304547665
Contact Current Difference: 0.0
Current Conservation abs: 0.02796797735209111
Current Conservation rel: 3.7607982455495064e-07
Phonon: rel Sigma^R residual 1.8162e-03; lead balance 2.0520e-05 (best 1.6837e-07; internal spread 1.1025e-01)
Bubble energy balance: P_in=-3.854158e+04 P_out=-3.854158e+04 resid=9.895e-17
Writing output for iteration 123...
Iteration 124
[it 124] energy J(local)=[84.5656 75.5737 84.5639]
Maximum Self-Energy Update: 1.2326328625663263
Contact Current Difference: 0.0
Current Conservation abs: 0.027967765476205386
Current Conservation rel: 3.760999913849722e-07
Phonon: rel Sigma^R residual 1.5833e-03; lead balance 2.0736e-05 (best 1.6837e-07; internal spread 1.1024e-01)
Bubble energy balance: P_in=-3.854261e+04 P_out=-3.854261e+04 resid=1.201e-16
Writing output for iteration 124...
Iteration 125
[it 125] energy J(local)=[84.5616 75.5711 84.5599]
Maximum Self-Energy Update: 1.0621458862995217
Contact Current Difference: 0.0
Current Conservation abs: 0.027966939145699143
Current Conservation rel: 3.761046511434305e-07
Phonon: rel Sigma^R residual 1.3639e-03; lead balance 2.0854e-05 (best 1.6837e-07; internal spread 1.1023e-01)
Bubble energy balance: P_in=-3.854358e+04 P_out=-3.854358e+04 resid=1.888e-16
Writing output for iteration 125...
Iteration 126
[it 126] energy J(local)=[84.5579 75.5685 84.5562]
Maximum Self-Energy Update: 0.9876587580631727
Contact Current Difference: 0.0
Current Conservation abs: 0.02796555908571463
Current Conservation rel: 3.760952301221926e-07
Phonon: rel Sigma^R residual 1.2678e-03; lead balance 2.0878e-05 (best 1.6837e-07; internal spread 1.1022e-01)
Bubble energy balance: P_in=-3.854449e+04 P_out=-3.854449e+04 resid=4.724e-16
Writing output for iteration 126...
Iteration 127
[it 127] energy J(local)=[84.5542 75.566  84.5525]
Maximum Self-Energy Update: 1.0924471225102204
Contact Current Difference: 0.0
Current Conservation abs: 0.027963680666289292
Current Conservation rel: 3.7607306816858525e-07
Phonon: rel Sigma^R residual 1.4018e-03; lead balance 2.0813e-05 (best 1.6837e-07; internal spread 1.1021e-01)
Bubble energy balance: P_in=-3.854536e+04 P_out=-3.854536e+04 resid=2.838e-16
Writing output for iteration 127...
Iteration 128
[it 128] energy J(local)=[84.5508 75.5636 84.5491]
Maximum Self-Energy Update: 1.189858913595048
Contact Current Difference: 0.0
Current Conservation abs: 0.027961354280705564
Current Conservation rel: 3.760394208980874e-07
Phonon: rel Sigma^R residual 1.5263e-03; lead balance 2.0662e-05 (best 1.6837e-07; internal spread 1.1020e-01)
Bubble energy balance: P_in=-3.854618e+04 P_out=-3.854618e+04 resid=1.273e-16
Writing output for iteration 128...
Iteration 129
[it 129] energy J(local)=[84.5475 75.5613 84.5459]
Maximum Self-Energy Update: 1.269697941699621
Contact Current Difference: 0.0
Current Conservation abs: 0.027958626080362592
Current Conservation rel: 3.759954671988489e-07
Phonon: rel Sigma^R residual 1.6281e-03; lead balance 2.0430e-05 (best 1.6837e-07; internal spread 1.1019e-01)
Bubble energy balance: P_in=-3.854695e+04 P_out=-3.854695e+04 resid=4.756e-16
Writing output for iteration 129...
Iteration 130
[it 130] energy J(local)=[84.5445 75.559  84.5428]
Maximum Self-Energy Update: 1.3329846945879529
Contact Current Difference: 0.0
Current Conservation abs: 0.027955538731475826
Current Conservation rel: 3.7594231746844326e-07
Phonon: rel Sigma^R residual 1.7086e-03; lead balance 2.0124e-05 (best 1.6837e-07; internal spread 1.1018e-01)
Bubble energy balance: P_in=-3.854766e+04 P_out=-3.854766e+04 resid=1.986e-16
Writing output for iteration 130...
Iteration 131
[it 131] energy J(local)=[84.5416 75.5569 84.5399]
Maximum Self-Energy Update: 1.3807914141662743
Contact Current Difference: 0.0
Current Conservation abs: 0.027952131560596172
Current Conservation rel: 3.758810140186527e-07
Phonon: rel Sigma^R residual 1.7693e-03; lead balance 1.9747e-05 (best 1.6837e-07; internal spread 1.1018e-01)
Bubble energy balance: P_in=-3.854833e+04 P_out=-3.854833e+04 resid=1.941e-16
Writing output for iteration 131...
Iteration 132
[it 132] energy J(local)=[84.5388 75.5548 84.5373]
Maximum Self-Energy Update: 1.4142169952290575
Contact Current Difference: 0.0
Current Conservation abs: 0.02794844131130958
Current Conservation rel: 3.7581254004216856e-07
Phonon: rel Sigma^R residual 1.8115e-03; lead balance 1.9306e-05 (best 1.6837e-07; internal spread 1.1017e-01)
Bubble energy balance: P_in=-3.854895e+04 P_out=-3.854895e+04 resid=6.794e-17
Writing output for iteration 132...
Iteration 133
[it 133] energy J(local)=[84.5363 75.5529 84.5348]
Maximum Self-Energy Update: 1.4343698952305708
Contact Current Difference: 0.0
Current Conservation abs: 0.027944502544414718
Current Conservation rel: 3.7573782408807745e-07
Phonon: rel Sigma^R residual 1.8367e-03; lead balance 1.8807e-05 (best 1.6837e-07; internal spread 1.1017e-01)
Bubble energy balance: P_in=-3.854952e+04 P_out=-3.854952e+04 resid=1.753e-17
Writing output for iteration 133...
Iteration 134
[it 134] energy J(local)=[84.5339 75.551  84.5324]
Maximum Self-Energy Update: 1.4423553804830886
Contact Current Difference: 0.0
Current Conservation abs: 0.027940347885305528
Current Conservation rel: 3.756577427527616e-07
Phonon: rel Sigma^R residual 1.8463e-03; lead balance 1.8254e-05 (best 1.6837e-07; internal spread 1.1017e-01)
Bubble energy balance: P_in=-3.855004e+04 P_out=-3.855004e+04 resid=1.041e-16
Writing output for iteration 134...
Iteration 135
[it 135] energy J(local)=[84.5317 75.5492 84.5303]
Maximum Self-Energy Update: 1.43926545378324
Contact Current Difference: 0.0
Current Conservation abs: 0.02793600853328826
Current Conservation rel: 3.7557312713296335e-07
Phonon: rel Sigma^R residual 1.8417e-03; lead balance 1.7655e-05 (best 1.6837e-07; internal spread 1.1016e-01)
Bubble energy balance: P_in=-3.855051e+04 P_out=-3.855051e+04 resid=2.855e-16
Writing output for iteration 135...
Iteration 136
[it 136] energy J(local)=[84.5297 75.5476 84.5283]
Maximum Self-Energy Update: 1.42617064386213
Contact Current Difference: 0.0
Current Conservation abs: 0.027931514247029554
Current Conservation rel: 3.754847624501118e-07
Phonon: rel Sigma^R residual 1.8244e-03; lead balance 1.7015e-05 (best 1.6837e-07; internal spread 1.1016e-01)
Bubble energy balance: P_in=-3.855093e+04 P_out=-3.855093e+04 resid=2.854e-16
Writing output for iteration 136...
Iteration 137
[it 137] energy J(local)=[84.5279 75.546  84.5266]
Maximum Self-Energy Update: 1.4041132161819903
Contact Current Difference: 0.0
Current Conservation abs: 0.02792689367197454
Current Conservation rel: 3.753933924646941e-07
Phonon: rel Sigma^R residual 1.7956e-03; lead balance 1.6339e-05 (best 1.6837e-07; internal spread 1.1016e-01)
Bubble energy balance: P_in=-3.855131e+04 P_out=-3.855131e+04 resid=2.931e-16
Writing output for iteration 137...
Iteration 138
[it 138] energy J(local)=[84.5262 75.5445 84.5249]
Maximum Self-Energy Update: 1.374101544192133
Contact Current Difference: 0.0
Current Conservation abs: 0.027922174602281302
Current Conservation rel: 3.7529972318139976e-07
Phonon: rel Sigma^R residual 1.7568e-03; lead balance 1.5632e-05 (best 1.6837e-07; internal spread 1.1016e-01)
Bubble energy balance: P_in=-3.855164e+04 P_out=-3.855164e+04 resid=1.312e-16
Writing output for iteration 138...
Iteration 139
[it 139] energy J(local)=[84.5247 75.5432 84.5235]
Maximum Self-Energy Update: 1.3371054727784952
Contact Current Difference: 0.0
Current Conservation abs: 0.02791738369705854
Current Conservation rel: 3.752044193726805e-07
Phonon: rel Sigma^R residual 1.7090e-03; lead balance 1.4901e-05 (best 1.6837e-07; internal spread 1.1016e-01)
Bubble energy balance: P_in=-3.855193e+04 P_out=-3.855193e+04 resid=2.983e-16
Writing output for iteration 139...
Iteration 140
[it 140] energy J(local)=[84.5233 75.5419 84.5221]
Maximum Self-Energy Update: 1.294052555298781
Contact Current Difference: 0.0
Current Conservation abs: 0.027912546909647062
Current Conservation rel: 3.751081108235717e-07
Phonon: rel Sigma^R residual 1.6535e-03; lead balance 1.4150e-05 (best 1.6837e-07; internal spread 1.1016e-01)
Bubble energy balance: P_in=-3.855218e+04 P_out=-3.855218e+04 resid=1.922e-16
Writing output for iteration 140...
Iteration 141
[it 141] energy J(local)=[84.5221 75.5407 84.521 ]
Maximum Self-Energy Update: 1.2458250715249897
Contact Current Difference: 0.0
Current Conservation abs: 0.027907689356652554
Current Conservation rel: 3.750113911664945e-07
Phonon: rel Sigma^R residual 1.5915e-03; lead balance 1.3384e-05 (best 1.6837e-07; internal spread 1.1016e-01)
Bubble energy balance: P_in=-3.855239e+04 P_out=-3.855239e+04 resid=9.987e-17
Writing output for iteration 141...
Iteration 142
[it 142] energy J(local)=[84.521  75.5397 84.5199]
Maximum Self-Energy Update: 1.1932577508821096
Contact Current Difference: 0.0
Current Conservation abs: 0.027902835216082167
Current Conservation rel: 3.7491481721402497e-07
Phonon: rel Sigma^R residual 1.5240e-03; lead balance 1.2608e-05 (best 1.6837e-07; internal spread 1.1016e-01)
Bubble energy balance: P_in=-3.855255e+04 P_out=-3.855255e+04 resid=1.889e-16
Writing output for iteration 142...
Iteration 143
[it 143] energy J(local)=[84.52   75.5387 84.5191]
Maximum Self-Energy Update: 1.1371361334865246
Contact Current Difference: 0.0
Current Conservation abs: 0.027898007865587715
Current Conservation rel: 3.748189116104534e-07
Phonon: rel Sigma^R residual 1.4521e-03; lead balance 1.1827e-05 (best 1.6837e-07; internal spread 1.1017e-01)
Bubble energy balance: P_in=-3.855269e+04 P_out=-3.855269e+04 resid=1.923e-16
Writing output for iteration 143...
Iteration 144
[it 144] energy J(local)=[84.5192 75.5378 84.5183]
Maximum Self-Energy Update: 1.0781955087922206
Contact Current Difference: 0.0
Current Conservation abs: 0.027893229729670566
Current Conservation rel: 3.747241616510758e-07
Phonon: rel Sigma^R residual 1.3765e-03; lead balance 1.1044e-05 (best 1.6837e-07; internal spread 1.1017e-01)
Bubble energy balance: P_in=-3.855278e+04 P_out=-3.855278e+04 resid=2.098e-16
Writing output for iteration 144...
Iteration 145
[it 145] energy J(local)=[84.5185 75.537  84.5176]
Maximum Self-Energy Update: 1.0171203749435487
Contact Current Difference: 0.0
Current Conservation abs: 0.027888522250577807
Current Conservation rel: 3.746310198301028e-07
Phonon: rel Sigma^R residual 1.2983e-03; lead balance 1.0264e-05 (best 1.6837e-07; internal spread 1.1017e-01)
Bubble energy balance: P_in=-3.855284e+04 P_out=-3.855284e+04 resid=1.232e-16
Writing output for iteration 145...
Iteration 146
[it 146] energy J(local)=[84.5179 75.5363 84.5171]
Maximum Self-Energy Update: 0.9545443659526065
Contact Current Difference: 0.0
Current Conservation abs: 0.02788390580099076
Current Conservation rel: 3.745399036606805e-07
Phonon: rel Sigma^R residual 1.2183e-03; lead balance 9.4903e-06 (best 1.6837e-07; internal spread 1.1017e-01)
Bubble energy balance: P_in=-3.855287e+04 P_out=-3.855287e+04 resid=1.106e-16
Writing output for iteration 146...
Iteration 147
[it 147] energy J(local)=[84.5174 75.5357 84.5167]
Maximum Self-Energy Update: 0.8910505960862593
Contact Current Difference: 0.0
Current Conservation abs: 0.027879399720404763
Current Conservation rel: 3.7445119719936024e-07
Phonon: rel Sigma^R residual 1.1371e-03; lead balance 8.7263e-06 (best 1.6837e-07; internal spread 1.1017e-01)
Bubble energy balance: P_in=-3.855288e+04 P_out=-3.855288e+04 resid=2.028e-16
Writing output for iteration 147...
Iteration 148
[it 148] energy J(local)=[84.517  75.5352 84.5164]
Maximum Self-Energy Update: 0.8271723744193715
Contact Current Difference: 0.0
Current Conservation abs: 0.027875022089574486
Current Conservation rel: 3.743652490841452e-07
Phonon: rel Sigma^R residual 1.0554e-03; lead balance 7.9753e-06 (best 1.6837e-07; internal spread 1.1018e-01)
Bubble energy balance: P_in=-3.855285e+04 P_out=-3.855285e+04 resid=1.892e-16
Writing output for iteration 148...
Iteration 149
[it 149] energy J(local)=[84.5167 75.5347 84.5161]
Maximum Self-Energy Update: 0.7633942446987618
Contact Current Difference: 0.0
Current Conservation abs: 0.027870789781445637
Current Conservation rel: 3.742823743086509e-07
Phonon: rel Sigma^R residual 9.7393e-04; lead balance 7.2401e-06 (best 1.6837e-07; internal spread 1.1018e-01)
Bubble energy balance: P_in=-3.855280e+04 P_out=-3.855280e+04 resid=4.762e-16
SCBA converged after 149 iterations.
SAVED /usr/scratch/mont-fort11/pfischill/quatrex/phonon/studies/out/local_mw/L2_bare_nf361/run.npz  final_heat=[84.517 75.535 84.516]  best=[84.664 75.629 84.664]  best_cons=1.683711760843681e-07
