/usr/scratch/mont-fort11/pfischill/quatrex/src/qttools/__init__.py:56: UserWarning: 'cupy' is unavailable or not working, defaulting to 'numpy'. (No module named 'cupy')
  warnings.warn(
/usr/scratch/mont-fort11/pfischill/quatrex/src/quatrex/core/config.py:1907: UserWarning: The CPU code will run sequentially which may impact performance.
  warnings.warn(
Max Interaction Cutoff: 10.0
Energy window: 0.0 to 55.0 eV with 181 grid points.
Resolution is 0.305556 eV.
comm.stack size: 1, comm.block size: 1
Each comm.block has 181 grid points.
/usr/scratch/mont-fort11/pfischill/quatrex/src/quatrex/core/statistics.py:42: RuntimeWarning: divide by zero encountered in divide
  return 1 / (xp.exp(energy / (k_B * temperature)) - 1)
SSE band-limit: harmonic band top 46.335 THz (fixed above-band mask)
Max Interaction Cutoff: 10.0
RUN config=/usr/scratch/mont-fort11/pfischill/quatrex/phonon/studies/out/local_mw/L3_eta07/quatrex_config.toml phonon=True eta=0.7 retarded=fft nblk=3 ne=181 bcs=1 qcs=1 nranks=1
Entering SCBA loop...
Iteration 0
SSE band-limit: masking 28 bin(s) above 46.335 THz
[it  0] energy J(local)=[31.0647 29.5588 29.0786 31.0647]
Maximum Self-Energy Update: 464.9330269130073
Contact Current Difference: 0.0
Current Conservation abs: 0.036859490544884466
Current Conservation rel: 1.491737415665477e-06
Phonon: rel Sigma^R residual 1.0000e+00; lead balance 8.5900e-15 (best inf; internal spread 6.5781e-02)
Bubble energy balance: P_in=-8.608305e+03 P_out=-8.608305e+03 resid=3.192e-16
Writing output for iteration 0...
Iteration 1
[it  1] energy J(local)=[31.0532 29.2903 28.8444 31.0559]
Maximum Self-Energy Update: 209.78364073854118
Contact Current Difference: 0.0
Current Conservation abs: 0.009914849782944657
Current Conservation rel: 4.380601433759988e-07
Phonon: rel Sigma^R residual 6.9520e-01; lead balance 8.9232e-05 (best inf; internal spread 7.3569e-02)
Bubble energy balance: P_in=-8.741799e+03 P_out=-8.741799e+03 resid=1.860e-17
Writing output for iteration 1...
Iteration 2
[it  2] energy J(local)=[30.9802 29.1388 28.769  30.9851]
Maximum Self-Energy Update: 92.98313047971745
Contact Current Difference: 0.0
Current Conservation abs: 0.008605037862253084
Current Conservation rel: 6.78021015397143e-07
Phonon: rel Sigma^R residual 4.2014e-01; lead balance 1.6560e-04 (best inf; internal spread 7.3949e-02)
Bubble energy balance: P_in=-5.707129e+03 P_out=-5.707129e+03 resid=7.852e-18
Writing output for iteration 2...
Iteration 3
[it  3] energy J(local)=[31.0036 29.1708 28.8737 31.0091]
Maximum Self-Energy Update: 70.70717194440506
Contact Current Difference: 0.0
Current Conservation abs: 0.007655435121705523
Current Conservation rel: 6.960710994421375e-07
Phonon: rel Sigma^R residual 3.5214e-01; lead balance 1.8600e-04 (best 1.8600e-04; internal spread 7.1146e-02)
Bubble energy balance: P_in=-5.129205e+03 P_out=-5.129205e+03 resid=9.489e-17
Writing output for iteration 3...
Iteration 4
[it  4] energy J(local)=[31.012  29.192  28.9531 31.0177]
Maximum Self-Energy Update: 62.651842099324945
Contact Current Difference: 0.0
Current Conservation abs: 0.007216685513412813
Current Conservation rel: 6.727276354359324e-07
Phonon: rel Sigma^R residual 3.1270e-01; lead balance 1.9252e-04 (best 1.8600e-04; internal spread 6.8723e-02)
Bubble energy balance: P_in=-5.015823e+03 P_out=-5.015823e+03 resid=9.967e-17
Writing output for iteration 4...
Iteration 5
[it  5] energy J(local)=[30.9961 29.1805 28.9889 31.002 ]
Maximum Self-Energy Update: 63.859617798841846
Contact Current Difference: 0.0
Current Conservation abs: 0.0070191008926485665
Current Conservation rel: 6.172398030289674e-07
Phonon: rel Sigma^R residual 2.9831e-01; lead balance 1.9629e-04 (best 1.8600e-04; internal spread 6.7010e-02)
Bubble energy balance: P_in=-5.188441e+03 P_out=-5.188441e+03 resid=1.606e-17
Writing output for iteration 5...
Iteration 6
[it  6] energy J(local)=[30.9462 29.1197 28.9685 30.9523]
Maximum Self-Energy Update: 66.8203110262509
Contact Current Difference: 0.0
Current Conservation abs: 0.006803966420193319
Current Conservation rel: 5.492559200816832e-07
Phonon: rel Sigma^R residual 2.9089e-01; lead balance 2.0129e-04 (best 1.8600e-04; internal spread 6.6134e-02)
Bubble energy balance: P_in=-5.476342e+03 P_out=-5.476342e+03 resid=8.307e-17
Writing output for iteration 6...
Iteration 7
[it  7] energy J(local)=[30.8554 29.0016 28.8864 30.8616]
Maximum Self-Energy Update: 54.20333054939427
Contact Current Difference: 0.0
Current Conservation abs: 0.006353040613248595
Current Conservation rel: 5.109868843391668e-07
Phonon: rel Sigma^R residual 2.3546e-01; lead balance 2.0770e-04 (best 1.8600e-04; internal spread 6.6058e-02)
Bubble energy balance: P_in=-5.493213e+03 P_out=-5.493213e+03 resid=8.348e-17
Writing output for iteration 7...
Iteration 8
[it  8] energy J(local)=[30.7521 28.8716 28.7866 30.7584]
Maximum Self-Energy Update: 35.35512428208446
Contact Current Difference: 0.0
Current Conservation abs: 0.005968612251308514
Current Conservation rel: 5.145745580902874e-07
Phonon: rel Sigma^R residual 1.6211e-01; lead balance 2.1417e-04 (best 1.8600e-04; internal spread 6.6185e-02)
Bubble energy balance: P_in=-5.256988e+03 P_out=-5.256988e+03 resid=8.820e-17
Writing output for iteration 8...
Iteration 9
[it  9] energy J(local)=[30.6648 28.7685 28.7059 30.6713]
Maximum Self-Energy Update: 30.666160833976207
Contact Current Difference: 0.0
Current Conservation abs: 0.005752698985816096
Current Conservation rel: 5.229824628221751e-07
Phonon: rel Sigma^R residual 1.4520e-01; lead balance 2.1948e-04 (best 1.8600e-04; internal spread 6.6168e-02)
Bubble energy balance: P_in=-5.084216e+03 P_out=-5.084216e+03 resid=3.667e-18
Writing output for iteration 9...
Iteration 10
[it 10] energy J(local)=[30.5908 28.6841 28.6375 30.5975]
Maximum Self-Energy Update: 26.32340762289118
Contact Current Difference: 0.0
Current Conservation abs: 0.005611649711681821
Current Conservation rel: 5.255710528839372e-07
Phonon: rel Sigma^R residual 1.2547e-01; lead balance 2.2372e-04 (best 1.8600e-04; internal spread 6.6153e-02)
Bubble energy balance: P_in=-4.990720e+03 P_out=-4.990720e+03 resid=1.052e-16
Writing output for iteration 10...
Iteration 11
[it 11] energy J(local)=[30.5257 28.6098 28.5749 30.5324]
Maximum Self-Energy Update: 22.819311519219657
Contact Current Difference: 0.0
Current Conservation abs: 0.005511121425115562
Current Conservation rel: 5.246957820699781e-07
Phonon: rel Sigma^R residual 1.0817e-01; lead balance 2.2683e-04 (best 1.8600e-04; internal spread 6.6219e-02)
Bubble energy balance: P_in=-4.940102e+03 P_out=-4.940102e+03 resid=2.329e-17
Writing output for iteration 11...
Iteration 12
[it 12] energy J(local)=[30.4672 28.5425 28.5161 30.4739]
Maximum Self-Energy Update: 20.264212399094596
Contact Current Difference: 0.0
Current Conservation abs: 0.00543141442904016
Current Conservation rel: 5.214826330954938e-07
Phonon: rel Sigma^R residual 9.5048e-02; lead balance 2.2879e-04 (best 1.8600e-04; internal spread 6.6367e-02)
Bubble energy balance: P_in=-4.914226e+03 P_out=-4.914226e+03 resid=3.324e-17
Writing output for iteration 12...
Iteration 13
[it 13] energy J(local)=[30.4144 28.4811 28.4609 30.4212]
Maximum Self-Energy Update: 18.553693462945812
Contact Current Difference: 0.0
Current Conservation abs: 0.00535991929609736
Current Conservation rel: 5.162435650470322e-07
Phonon: rel Sigma^R residual 8.5934e-02; lead balance 2.2976e-04 (best 1.8600e-04; internal spread 6.6576e-02)
Bubble energy balance: P_in=-4.904474e+03 P_out=-4.904474e+03 resid=2.583e-17
Writing output for iteration 13...
Iteration 14
[it 14] energy J(local)=[30.3667 28.4249 28.4093 30.3734]
Maximum Self-Energy Update: 17.498528189694746
Contact Current Difference: 0.0
Current Conservation abs: 0.005290008758493059
Current Conservation rel: 5.092596098702336e-07
Phonon: rel Sigma^R residual 7.9967e-02; lead balance 2.3005e-04 (best 1.8600e-04; internal spread 6.6821e-02)
Bubble energy balance: P_in=-4.905905e+03 P_out=-4.905905e+03 resid=5.557e-17
Writing output for iteration 14...
Iteration 15
[it 15] energy J(local)=[30.3234 28.3735 28.3614 30.3301]
Maximum Self-Energy Update: 16.98660330813136
Contact Current Difference: 0.0
Current Conservation abs: 0.005219399768975563
Current Conservation rel: 5.009907435228267e-07
Phonon: rel Sigma^R residual 7.6582e-02; lead balance 2.2991e-04 (best 1.8600e-04; internal spread 6.7085e-02)
Bubble energy balance: P_in=-4.914923e+03 P_out=-4.914923e+03 resid=1.028e-16
Writing output for iteration 15...
Iteration 16
[it 16] energy J(local)=[30.284  28.3264 28.317  30.2907]
Maximum Self-Energy Update: 16.772805549139576
Contact Current Difference: 0.0
Current Conservation abs: 0.005148928569724376
Current Conservation rel: 4.920863652888946e-07
Phonon: rel Sigma^R residual 7.4618e-02; lead balance 2.2956e-04 (best 1.8600e-04; internal spread 6.7350e-02)
Bubble energy balance: P_in=-4.928412e+03 P_out=-4.928412e+03 resid=9.229e-17
Writing output for iteration 16...
Iteration 17
[it 17] energy J(local)=[30.248  28.2834 28.2761 30.2547]
Maximum Self-Energy Update: 16.642403942688684
Contact Current Difference: 0.0
Current Conservation abs: 0.005081792070996016
Current Conservation rel: 4.833321678832836e-07
Phonon: rel Sigma^R residual 7.3105e-02; lead balance 2.2918e-04 (best 1.8600e-04; internal spread 6.7607e-02)
Bubble energy balance: P_in=-4.943540e+03 P_out=-4.943540e+03 resid=3.727e-17
Writing output for iteration 17...
Iteration 18
[it 18] energy J(local)=[30.215  28.2442 28.2386 30.2217]
Maximum Self-Energy Update: 16.44029128961336
Contact Current Difference: 0.0
Current Conservation abs: 0.005022826908316347
Current Conservation rel: 4.7555085344208636e-07
Phonon: rel Sigma^R residual 7.1377e-02; lead balance 2.2893e-04 (best 1.8600e-04; internal spread 6.7847e-02)
Bubble energy balance: P_in=-4.957947e+03 P_out=-4.957947e+03 resid=1.842e-16
Writing output for iteration 18...
Iteration 19
[it 19] energy J(local)=[30.1848 28.2086 28.2043 30.1915]
Maximum Self-Energy Update: 16.059957836896004
Contact Current Difference: 0.0
Current Conservation abs: 0.0049774514855016605
Current Conservation rel: 4.694612305010197e-07
Phonon: rel Sigma^R residual 6.9000e-02; lead balance 2.2891e-04 (best 1.8600e-04; internal spread 6.8062e-02)
Bubble energy balance: P_in=-4.970098e+03 P_out=-4.970098e+03 resid=9.427e-17
Writing output for iteration 19...
Iteration 20
[it 20] energy J(local)=[30.1571 28.1765 28.1731 30.1638]
Maximum Self-Energy Update: 15.458991947396541
Contact Current Difference: 0.0
Current Conservation abs: 0.004950265471961757
Current Conservation rel: 4.655325583361322e-07
Phonon: rel Sigma^R residual 6.5814e-02; lead balance 2.2921e-04 (best 1.8600e-04; internal spread 6.8249e-02)
Bubble energy balance: P_in=-4.979519e+03 P_out=-4.979519e+03 resid=1.828e-16
Writing output for iteration 20...
Iteration 21
[it 21] energy J(local)=[30.1317 28.1476 28.145  30.1384]
Maximum Self-Energy Update: 14.658349859032937
Contact Current Difference: 0.0
Current Conservation abs: 0.004943758891386096
Current Conservation rel: 4.638989330326937e-07
Phonon: rel Sigma^R residual 6.1915e-02; lead balance 2.2986e-04 (best 1.8600e-04; internal spread 6.8406e-02)
Bubble energy balance: P_in=-4.986695e+03 P_out=-4.986695e+03 resid=1.833e-16
Writing output for iteration 21...
Iteration 22
[it 22] energy J(local)=[30.1085 28.1219 28.1198 30.1152]
Maximum Self-Energy Update: 13.720805004583625
Contact Current Difference: 0.0
Current Conservation abs: 0.004957714736519847
Current Conservation rel: 4.6437747238630406e-07
Phonon: rel Sigma^R residual 5.7560e-02; lead balance 2.3084e-04 (best 1.8600e-04; internal spread 6.8532e-02)
Bubble energy balance: P_in=-4.992608e+03 P_out=-4.992608e+03 resid=1.064e-16
Writing output for iteration 22...
Iteration 23
[it 23] energy J(local)=[30.0872 28.0989 28.0972 30.0939]
Maximum Self-Energy Update: 12.719683899485355
Contact Current Difference: 0.0
Current Conservation abs: 0.004989495168956637
Current Conservation rel: 4.665700275313174e-07
Phonon: rel Sigma^R residual 5.3040e-02; lead balance 2.3210e-04 (best 1.8600e-04; internal spread 6.8629e-02)
Bubble energy balance: P_in=-4.998209e+03 P_out=-4.998209e+03 resid=9.184e-17
Writing output for iteration 23...
Iteration 24
[it 24] energy J(local)=[30.0675 28.0783 28.0769 30.0743]
Maximum Self-Energy Update: 11.777670353249626
Contact Current Difference: 0.0
Current Conservation abs: 0.005034875714045484
Current Conservation rel: 4.6998376437258753e-07
Phonon: rel Sigma^R residual 4.8849e-02; lead balance 2.3356e-04 (best 1.8600e-04; internal spread 6.8699e-02)
Bubble energy balance: P_in=-5.004096e+03 P_out=-5.004096e+03 resid=1.818e-16
Writing output for iteration 24...
Iteration 25
[it 25] energy J(local)=[30.0492 28.0598 28.0585 30.056 ]
Maximum Self-Energy Update: 11.191938340710767
Contact Current Difference: 0.0
Current Conservation abs: 0.0050889456551885814
Current Conservation rel: 4.741203586755417e-07
Phonon: rel Sigma^R residual 4.6195e-02; lead balance 2.3511e-04 (best 1.8600e-04; internal spread 6.8748e-02)
Bubble energy balance: P_in=-5.010478e+03 P_out=-5.010478e+03 resid=9.994e-17
Writing output for iteration 25...
Iteration 26
[it 26] energy J(local)=[30.0321 28.0431 28.0418 30.039 ]
Maximum Self-Energy Update: 10.914568280274144
Contact Current Difference: 0.0
Current Conservation abs: 0.005146815224179591
Current Conservation rel: 4.785257675528981e-07
Phonon: rel Sigma^R residual 4.4852e-02; lead balance 2.3664e-04 (best 1.8600e-04; internal spread 6.8777e-02)
Bubble energy balance: P_in=-5.017294e+03 P_out=-5.017294e+03 resid=9.077e-17
Writing output for iteration 26...
Iteration 27
[it 27] energy J(local)=[30.0161 28.0278 28.0265 30.023 ]
Maximum Self-Energy Update: 10.572690459708259
Contact Current Difference: 0.0
Current Conservation abs: 0.005204107505960565
Current Conservation rel: 4.828162945665766e-07
Phonon: rel Sigma^R residual 4.3273e-02; lead balance 2.3803e-04 (best 1.8600e-04; internal spread 6.8790e-02)
Bubble energy balance: P_in=-5.024362e+03 P_out=-5.024362e+03 resid=9.080e-17
Writing output for iteration 27...
Iteration 28
[it 28] energy J(local)=[30.0009 28.0138 28.0124 30.0079]
Maximum Self-Energy Update: 10.174473584334626
Contact Current Difference: 0.0
Current Conservation abs: 0.005257286248706805
Current Conservation rel: 4.866945336632895e-07
Phonon: rel Sigma^R residual 4.1492e-02; lead balance 2.3920e-04 (best 1.8600e-04; internal spread 6.8790e-02)
Bubble energy balance: P_in=-5.031476e+03 P_out=-5.031476e+03 resid=1.910e-16
Writing output for iteration 28...
Iteration 29
[it 29] energy J(local)=[29.9866 28.0008 27.9993 29.9935]
Maximum Self-Energy Update: 9.736293319675108
Contact Current Difference: 0.0
Current Conservation abs: 0.005303844271111302
Current Conservation rel: 4.899585818979365e-07
Phonon: rel Sigma^R residual 3.9574e-02; lead balance 2.4007e-04 (best 1.8600e-04; internal spread 6.8778e-02)
Bubble energy balance: P_in=-5.038457e+03 P_out=-5.038457e+03 resid=9.220e-17
Writing output for iteration 29...
Iteration 30
[it 30] energy J(local)=[29.9729 27.9888 27.9872 29.9799]
Maximum Self-Energy Update: 9.271336967309857
Contact Current Difference: 0.0
Current Conservation abs: 0.005342352427760488
Current Conservation rel: 4.925026171144112e-07
Phonon: rel Sigma^R residual 3.7572e-02; lead balance 2.4059e-04 (best 1.8600e-04; internal spread 6.8757e-02)
Bubble energy balance: P_in=-5.045165e+03 P_out=-5.045165e+03 resid=1.305e-17
Writing output for iteration 30...
Iteration 31
[it 31] energy J(local)=[29.9599 27.9777 27.9759 29.9669]
Maximum Self-Energy Update: 8.790075603588328
Contact Current Difference: 0.0
Current Conservation abs: 0.0053723763794550905
Current Conservation rel: 4.943075848444918e-07
Phonon: rel Sigma^R residual 3.5525e-02; lead balance 2.4076e-04 (best 1.8600e-04; internal spread 6.8726e-02)
Bubble energy balance: P_in=-5.051502e+03 P_out=-5.051502e+03 resid=4.936e-17
Writing output for iteration 31...
Iteration 32
[it 32] energy J(local)=[29.9476 27.9674 27.9654 29.9546]
Maximum Self-Energy Update: 8.300828421888934
Contact Current Difference: 0.0
Current Conservation abs: 0.005394290999902296
Current Conservation rel: 4.954236084120289e-07
Phonon: rel Sigma^R residual 3.3467e-02; lead balance 2.4060e-04 (best 1.8600e-04; internal spread 6.8689e-02)
Bubble energy balance: P_in=-5.057403e+03 P_out=-5.057403e+03 resid=7.161e-17
Writing output for iteration 32...
Iteration 33
[it 33] energy J(local)=[29.9359 27.9579 27.9557 29.9428]
Maximum Self-Energy Update: 7.810248003763457
Contact Current Difference: 0.0
Current Conservation abs: 0.005409039193182252
Current Conservation rel: 4.959479065287826e-07
Phonon: rel Sigma^R residual 3.1420e-02; lead balance 2.4014e-04 (best 1.8600e-04; internal spread 6.8645e-02)
Bubble energy balance: P_in=-5.062834e+03 P_out=-5.062834e+03 resid=1.800e-16
Writing output for iteration 33...
Iteration 34
[it 34] energy J(local)=[29.9247 27.9491 27.9467 29.9317]
Maximum Self-Energy Update: 7.323688240267466
Contact Current Difference: 0.0
Current Conservation abs: 0.005417883672635071
Current Conservation rel: 4.960024500206501e-07
Phonon: rel Sigma^R residual 2.9405e-02; lead balance 2.3944e-04 (best 1.8600e-04; internal spread 6.8595e-02)
Bubble energy balance: P_in=-5.067779e+03 P_out=-5.067779e+03 resid=1.807e-16
Writing output for iteration 34...
Iteration 35
[it 35] energy J(local)=[29.9142 27.941  27.9383 29.9211]
Maximum Self-Energy Update: 6.84546937335746
Contact Current Difference: 0.0
Current Conservation abs: 0.005422190019089612
Current Conservation rel: 4.957147357351003e-07
Phonon: rel Sigma^R residual 2.7437e-02; lead balance 2.3856e-04 (best 1.8600e-04; internal spread 6.8542e-02)
Bubble energy balance: P_in=-5.072242e+03 P_out=-5.072242e+03 resid=9.076e-17
Writing output for iteration 35...
Iteration 36
[it 36] energy J(local)=[29.9043 27.9335 27.9306 29.9112]
Maximum Self-Energy Update: 6.37906750724923
Contact Current Difference: 0.0
Current Conservation abs: 0.005423262994554534
Current Conservation rel: 4.952035728245288e-07
Phonon: rel Sigma^R residual 2.5528e-02; lead balance 2.3756e-04 (best 1.8600e-04; internal spread 6.8484e-02)
Bubble energy balance: P_in=-5.076239e+03 P_out=-5.076239e+03 resid=8.995e-17
Writing output for iteration 36...
Iteration 37
[it 37] energy J(local)=[29.895  27.9267 27.9236 29.9018]
Maximum Self-Energy Update: 5.9272531864071
Contact Current Difference: 0.0
Current Conservation abs: 0.005422242198619642
Current Conservation rel: 4.945703316844088e-07
Phonon: rel Sigma^R residual 2.3687e-02; lead balance 2.3651e-04 (best 1.8600e-04; internal spread 6.8423e-02)
Bubble energy balance: P_in=-5.079793e+03 P_out=-5.079793e+03 resid=3.745e-17
Writing output for iteration 37...
Iteration 38
[it 38] energy J(local)=[29.8863 27.9206 27.9172 29.8931]
Maximum Self-Energy Update: 5.49219686677828
Contact Current Difference: 0.0
Current Conservation abs: 0.0054200513168325415
Current Conservation rel: 4.938950449474806e-07
Phonon: rel Sigma^R residual 2.1922e-02; lead balance 2.3544e-04 (best 1.8600e-04; internal spread 6.8360e-02)
Bubble energy balance: P_in=-5.082936e+03 P_out=-5.082936e+03 resid=1.793e-16
Writing output for iteration 38...
Iteration 39
[it 39] energy J(local)=[29.8781 27.915  27.9113 29.8849]
Maximum Self-Energy Update: 5.075552861959047
Contact Current Difference: 0.0
Current Conservation abs: 0.005417388762907649
Current Conservation rel: 4.932361906537939e-07
Phonon: rel Sigma^R residual 2.0237e-02; lead balance 2.3440e-04 (best 1.8600e-04; internal spread 6.8295e-02)
Bubble energy balance: P_in=-5.085703e+03 P_out=-5.085703e+03 resid=8.943e-17
Writing output for iteration 39...
Iteration 40
[it 40] energy J(local)=[29.8705 27.9099 27.906  29.8772]
Maximum Self-Energy Update: 4.678528851188489
Contact Current Difference: 0.0
Current Conservation abs: 0.005414745689449774
Current Conservation rel: 4.926328503614529e-07
Phonon: rel Sigma^R residual 1.8636e-02; lead balance 2.3340e-04 (best 1.8600e-04; internal spread 6.8229e-02)
Bubble energy balance: P_in=-5.088130e+03 P_out=-5.088130e+03 resid=1.863e-16
Writing output for iteration 40...
Iteration 41
[it 41] energy J(local)=[29.8634 27.9054 27.9013 29.8702]
Maximum Self-Energy Update: 4.3019452016883974
Contact Current Difference: 0.0
Current Conservation abs: 0.005412438717939949
Current Conservation rel: 4.921080838733613e-07
Phonon: rel Sigma^R residual 1.7122e-02; lead balance 2.3247e-04 (best 1.8600e-04; internal spread 6.8162e-02)
Bubble energy balance: P_in=-5.090251e+03 P_out=-5.090251e+03 resid=9.658e-17
Writing output for iteration 41...
Iteration 42
[it 42] energy J(local)=[29.8569 27.9014 27.897  29.8636]
Maximum Self-Energy Update: 3.946286714063489
Contact Current Difference: 0.0
Current Conservation abs: 0.005410647715507366
Current Conservation rel: 4.916726490116351e-07
Phonon: rel Sigma^R residual 1.5695e-02; lead balance 2.3160e-04 (best 1.8600e-04; internal spread 6.8095e-02)
Bubble energy balance: P_in=-5.092102e+03 P_out=-5.092102e+03 resid=1.797e-17
Writing output for iteration 42...
Iteration 43
[it 43] energy J(local)=[29.8509 27.8979 27.8933 29.8576]
Maximum Self-Energy Update: 3.6136065852304746
Contact Current Difference: 0.0
Current Conservation abs: 0.005409452120147762
Current Conservation rel: 4.913284922271802e-07
Phonon: rel Sigma^R residual 1.4363e-02; lead balance 2.3082e-04 (best 1.8600e-04; internal spread 6.8029e-02)
Bubble energy balance: P_in=-5.093715e+03 P_out=-5.093715e+03 resid=1.796e-16
Writing output for iteration 43...
Iteration 44
[it 44] energy J(local)=[29.8454 27.8948 27.8899 29.852 ]
Maximum Self-Energy Update: 3.302379284808065
Contact Current Difference: 0.0
Current Conservation abs: 0.005408862377407786
Current Conservation rel: 4.910717173455021e-07
Phonon: rel Sigma^R residual 1.3118e-02; lead balance 2.3010e-04 (best 1.8600e-04; internal spread 6.7963e-02)
Bubble energy balance: P_in=-5.095120e+03 P_out=-5.095120e+03 resid=7.129e-17
Writing output for iteration 44...
Iteration 45
[it 45] energy J(local)=[29.8403 27.892  27.887  29.8469]
Maximum Self-Energy Update: 3.0114002188613727
Contact Current Difference: 0.0
Current Conservation abs: 0.005408845064266643
Current Conservation rel: 4.908949223033266e-07
Phonon: rel Sigma^R residual 1.1957e-02; lead balance 2.2945e-04 (best 1.8600e-04; internal spread 6.7898e-02)
Bubble energy balance: P_in=-5.096342e+03 P_out=-5.096342e+03 resid=8.959e-17
Writing output for iteration 45...
Iteration 46
[it 46] energy J(local)=[29.8357 27.8897 27.8844 29.8423]
Maximum Self-Energy Update: 2.740318930435558
Contact Current Difference: 0.0
Current Conservation abs: 0.005409341723861871
Current Conservation rel: 4.907889230145555e-07
Phonon: rel Sigma^R residual 1.0876e-02; lead balance 2.2885e-04 (best 1.8600e-04; internal spread 6.7835e-02)
Bubble energy balance: P_in=-5.097407e+03 P_out=-5.097407e+03 resid=5.561e-17
Writing output for iteration 46...
Iteration 47
[it 47] energy J(local)=[29.8315 27.8876 27.8821 29.8381]
Maximum Self-Energy Update: 2.488626937165258
Contact Current Difference: 0.0
Current Conservation abs: 0.005410282183220261
Current Conservation rel: 4.907439484221249e-07
Phonon: rel Sigma^R residual 9.8732e-03; lead balance 2.2831e-04 (best 1.8600e-04; internal spread 6.7774e-02)
Bubble energy balance: P_in=-5.098334e+03 P_out=-5.098334e+03 resid=1.099e-16
Writing output for iteration 47...
Iteration 48
[it 48] energy J(local)=[29.8276 27.8859 27.8802 29.8342]
Maximum Self-Energy Update: 2.255687000703445
Contact Current Difference: 0.0
Current Conservation abs: 0.00541159342174069
Current Conservation rel: 4.907504144780821e-07
Phonon: rel Sigma^R residual 8.9462e-03; lead balance 2.2781e-04 (best 1.8600e-04; internal spread 6.7714e-02)
Bubble energy balance: P_in=-5.099143e+03 P_out=-5.099143e+03 resid=2.792e-17
Writing output for iteration 48...
Iteration 49
[it 49] energy J(local)=[29.8242 27.8844 27.8785 29.8307]
Maximum Self-Energy Update: 2.040759880098926
Contact Current Difference: 0.0
Current Conservation abs: 0.005413205031800317
Current Conservation rel: 4.907993795437839e-07
Phonon: rel Sigma^R residual 8.0916e-03; lead balance 2.2734e-04 (best 1.8600e-04; internal spread 6.7657e-02)
Bubble energy balance: P_in=-5.099848e+03 P_out=-5.099848e+03 resid=8.917e-17
Writing output for iteration 49...
Iteration 50
[it 50] energy J(local)=[29.821  27.8831 27.8771 29.8276]
Maximum Self-Energy Update: 1.8430286012809312
Contact Current Difference: 0.0
Current Conservation abs: 0.005415052334683423
Current Conservation rel: 4.908827832734301e-07
Phonon: rel Sigma^R residual 7.3059e-03; lead balance 2.2690e-04 (best 1.8600e-04; internal spread 6.7601e-02)
Bubble energy balance: P_in=-5.100463e+03 P_out=-5.100463e+03 resid=1.791e-16
Writing output for iteration 50...
Iteration 51
[it 51] energy J(local)=[29.8182 27.8821 27.8759 29.8247]
Maximum Self-Energy Update: 1.661620255545395
Contact Current Difference: 0.0
Current Conservation abs: 0.005417077796664671
Current Conservation rel: 4.909935311942903e-07
Phonon: rel Sigma^R residual 6.5855e-03; lead balance 2.2649e-04 (best 1.8600e-04; internal spread 6.7549e-02)
Bubble energy balance: P_in=-5.101001e+03 P_out=-5.101001e+03 resid=9.013e-17
Writing output for iteration 51...
Iteration 52
[it 52] energy J(local)=[29.8156 27.8812 27.8749 29.8221]
Maximum Self-Energy Update: 1.4956253459971343
Contact Current Difference: 0.0
Current Conservation abs: 0.005419231451924134
Current Conservation rel: 4.911254913722198e-07
Phonon: rel Sigma^R residual 5.9266e-03; lead balance 2.2610e-04 (best 1.8600e-04; internal spread 6.7499e-02)
Bubble energy balance: P_in=-5.101471e+03 P_out=-5.101471e+03 resid=1.784e-16
Writing output for iteration 52...
Iteration 53
[it 53] energy J(local)=[29.8133 27.8805 27.8741 29.8198]
Maximum Self-Energy Update: 1.344114723527243
Contact Current Difference: 0.0
Current Conservation abs: 0.005421470659712213
Current Conservation rel: 4.912734341310553e-07
Phonon: rel Sigma^R residual 5.3254e-03; lead balance 2.2572e-04 (best 1.8600e-04; internal spread 6.7451e-02)
Bubble energy balance: P_in=-5.101883e+03 P_out=-5.101883e+03 resid=6.528e-17
Writing output for iteration 53...
Iteration 54
[it 54] energy J(local)=[29.8113 27.88   27.8734 29.8178]
Maximum Self-Energy Update: 1.2061541848346176
Contact Current Difference: 0.0
Current Conservation abs: 0.005423759552286356
Current Conservation rel: 4.914329477275384e-07
Phonon: rel Sigma^R residual 4.7782e-03; lead balance 2.2536e-04 (best 1.8600e-04; internal spread 6.7406e-02)
Bubble energy balance: P_in=-5.102243e+03 P_out=-5.102243e+03 resid=2.679e-16
Writing output for iteration 54...
Iteration 55
[it 55] energy J(local)=[29.8094 27.8795 27.8728 29.8159]
Maximum Self-Energy Update: 1.0808168375563194
Contact Current Difference: 0.0
Current Conservation abs: 0.005426068297310849
Current Conservation rel: 4.916003413200007e-07
Phonon: rel Sigma^R residual 4.2812e-03; lead balance 2.2500e-04 (best 1.8600e-04; internal spread 6.7364e-02)
Bubble energy balance: P_in=-5.102559e+03 P_out=-5.102559e+03 resid=1.793e-16
Writing output for iteration 55...
Iteration 56
[it 56] energy J(local)=[29.8078 27.8792 27.8724 29.8142]
Maximum Self-Energy Update: 0.9671933670616027
Contact Current Difference: 0.0
Current Conservation abs: 0.005428372372080048
Current Conservation rel: 4.917725529656813e-07
Phonon: rel Sigma^R residual 3.8308e-03; lead balance 2.2466e-04 (best 1.8600e-04; internal spread 6.7324e-02)
Bubble energy balance: P_in=-5.102835e+03 P_out=-5.102835e+03 resid=1.389e-17
Writing output for iteration 56...
Iteration 57
[it 57] energy J(local)=[29.8063 27.879  27.8721 29.8128]
Maximum Self-Energy Update: 0.8644003631084393
Contact Current Difference: 0.0
Current Conservation abs: 0.005430651806818787
Current Conservation rel: 4.919470584708756e-07
Phonon: rel Sigma^R residual 3.4234e-03; lead balance 2.2432e-04 (best 1.8600e-04; internal spread 6.7286e-02)
Bubble energy balance: P_in=-5.103078e+03 P_out=-5.103078e+03 resid=2.997e-17
Writing output for iteration 57...
Iteration 58
[it 58] energy J(local)=[29.805  27.8788 27.8718 29.8114]
Maximum Self-Energy Update: 0.7715868809889195
Contact Current Difference: 0.0
Current Conservation abs: 0.005432890539850632
Current Conservation rel: 4.921217936584788e-07
Phonon: rel Sigma^R residual 3.0556e-03; lead balance 2.2399e-04 (best 1.8600e-04; internal spread 6.7251e-02)
Bubble energy balance: P_in=-5.103291e+03 P_out=-5.103291e+03 resid=8.952e-17
Writing output for iteration 58...
Iteration 59
[it 59] energy J(local)=[29.8038 27.8787 27.8716 29.8103]
Maximum Self-Energy Update: 0.6879394210039933
Contact Current Difference: 0.0
Current Conservation abs: 0.0054350758209693595
Current Conservation rel: 4.922950838931141e-07
Phonon: rel Sigma^R residual 2.7242e-03; lead balance 2.2366e-04 (best 1.8600e-04; internal spread 6.7219e-02)
Bubble energy balance: P_in=-5.103477e+03 P_out=-5.103477e+03 resid=8.973e-17
Writing output for iteration 59...
Iteration 60
[it 60] energy J(local)=[29.8028 27.8786 27.8715 29.8092]
Maximum Self-Energy Update: 0.6126855125719857
Contact Current Difference: 0.0
Current Conservation abs: 0.0054371977003029315
Current Conservation rel: 4.924655838632724e-07
Phonon: rel Sigma^R residual 2.4261e-03; lead balance 2.2335e-04 (best 1.8600e-04; internal spread 6.7188e-02)
Bubble energy balance: P_in=-5.103641e+03 P_out=-5.103641e+03 resid=7.019e-17
Writing output for iteration 60...
Iteration 61
[it 61] energy J(local)=[29.8018 27.8786 27.8714 29.8083]
Maximum Self-Energy Update: 0.5450960861596293
Contact Current Difference: 0.0
Current Conservation abs: 0.005439248583570588
Current Conservation rel: 4.926322255398087e-07
Phonon: rel Sigma^R residual 2.1584e-03; lead balance 2.2304e-04 (best 1.8600e-04; internal spread 6.7160e-02)
Bubble energy balance: P_in=-5.103785e+03 P_out=-5.103785e+03 resid=1.721e-17
Writing output for iteration 61...
Iteration 62
[it 62] energy J(local)=[29.801  27.8786 27.8713 29.8075]
Maximum Self-Energy Update: 0.4844868085960559
Contact Current Difference: 0.0
Current Conservation abs: 0.005441222870103957
Current Conservation rel: 4.92794175478933e-07
Phonon: rel Sigma^R residual 1.9183e-03; lead balance 2.2274e-04 (best 1.8600e-04; internal spread 6.7134e-02)
Bubble energy balance: P_in=-5.103911e+03 P_out=-5.103911e+03 resid=9.605e-17
Writing output for iteration 62...
Iteration 63
[it 63] energy J(local)=[29.8003 27.8786 27.8713 29.8067]
Maximum Self-Energy Update: 0.43021854646587976
Contact Current Difference: 0.0
Current Conservation abs: 0.005443116620881483
Current Conservation rel: 4.92950796414934e-07
Phonon: rel Sigma^R residual 1.7034e-03; lead balance 2.2244e-04 (best 1.8600e-04; internal spread 6.7110e-02)
Bubble energy balance: P_in=-5.104021e+03 P_out=-5.104021e+03 resid=9.539e-17
Writing output for iteration 63...
Iteration 64
[it 64] energy J(local)=[29.7997 27.8787 27.8713 29.8061]
Maximum Self-Energy Update: 0.38169710917724436
Contact Current Difference: 0.0
Current Conservation abs: 0.005444927302050928
Current Conservation rel: 4.931016170206561e-07
Phonon: rel Sigma^R residual 1.5113e-03; lead balance 2.2215e-04 (best 1.8600e-04; internal spread 6.7088e-02)
Bubble energy balance: P_in=-5.104118e+03 P_out=-5.104118e+03 resid=4.497e-17
Writing output for iteration 64...
Iteration 65
[it 65] energy J(local)=[29.7991 27.8788 27.8714 29.8055]
Maximum Self-Energy Update: 0.33837240897403703
Contact Current Difference: 0.0
Current Conservation abs: 0.005446653534818324
Current Conservation rel: 4.932463033682061e-07
Phonon: rel Sigma^R residual 1.3397e-03; lead balance 2.2187e-04 (best 1.8600e-04; internal spread 6.7068e-02)
Bubble energy balance: P_in=-5.104203e+03 P_out=-5.104203e+03 resid=1.772e-17
Writing output for iteration 65...
Iteration 66
[it 66] energy J(local)=[29.7986 27.8789 27.8714 29.805 ]
Maximum Self-Energy Update: 0.29973716029090564
Contact Current Difference: 0.0
Current Conservation abs: 0.005448294921734487
Current Conservation rel: 4.933846382547536e-07
Phonon: rel Sigma^R residual 1.1867e-03; lead balance 2.2160e-04 (best 1.8600e-04; internal spread 6.7049e-02)
Bubble energy balance: P_in=-5.104277e+03 P_out=-5.104277e+03 resid=9.160e-17
Writing output for iteration 66...
Iteration 67
[it 67] energy J(local)=[29.7982 27.879  27.8715 29.8046]
Maximum Self-Energy Update: 0.2653252260581886
Contact Current Difference: 0.0
Current Conservation abs: 0.0054498518711625366
Current Conservation rel: 4.935165011586058e-07
Phonon: rel Sigma^R residual 1.0504e-03; lead balance 2.2134e-04 (best 1.8600e-04; internal spread 6.7032e-02)
Bubble energy balance: P_in=-5.104343e+03 P_out=-5.104343e+03 resid=8.995e-17
Writing output for iteration 67...
Iteration 68
[it 68] energy J(local)=[29.7978 27.8791 27.8715 29.8042]
Maximum Self-Energy Update: 0.2347097042839768
Contact Current Difference: 0.0
Current Conservation abs: 0.005451325449030264
Current Conservation rel: 4.936418513330627e-07
Phonon: rel Sigma^R residual 9.2923e-04; lead balance 2.2108e-04 (best 1.8600e-04; internal spread 6.7016e-02)
Bubble energy balance: P_in=-5.104400e+03 P_out=-5.104400e+03 resid=9.210e-17
SCBA converged after 68 iterations.
SAVED /usr/scratch/mont-fort11/pfischill/quatrex/phonon/studies/out/local_mw/L3_eta07/run.npz  final_heat=[29.798 27.879 27.872 29.804]  best=[31.004 29.171 28.874 31.009]  best_cons=0.0001860025325216738
