/usr/scratch/mont-fort11/pfischill/quatrex/src/qttools/__init__.py:56: UserWarning: 'cupy' is unavailable or not working, defaulting to 'numpy'. (No module named 'cupy')
  warnings.warn(
/usr/scratch/mont-fort11/pfischill/quatrex/src/quatrex/core/config.py:1885: UserWarning: The CPU code will run sequentially which may impact performance.
  warnings.warn(
Max Interaction Cutoff: 10.0
Energy window: 0.0 to 66.0 eV with 181 grid points.
Resolution is 0.366667 eV.
comm.stack size: 32, comm.block size: 1
Each comm.block has 5 grid points.
/usr/scratch/mont-fort11/pfischill/quatrex/src/quatrex/core/statistics.py:42: RuntimeWarning: divide by zero encountered in divide
  return 1 / (xp.exp(energy / (k_B * temperature)) - 1)
WARNING: phonon_energies.npy (181 pts, dw=0.3667) does not match the solver energy grid (6 pts); using the solver grid for the scattering self-energy.
Max Interaction Cutoff: 10.0
RUN config=/usr/scratch/mont-fort11/pfischill/quatrex/phonon/studies/out/d5a_bisect/ircut_rre/quatrex_config.toml phonon=True eta=1e-12 retarded=fft nblk=2 ne=181 bcs=1 qcs=1 nranks=32
Entering SCBA loop...
Iteration 0
[it  0] energy J(local)=[2.2879 2.2879 2.2879]
Maximum Self-Energy Update: 1471.5500930387602
Contact Current Difference: 0.0
Current Conservation abs: 0.00039571426657580844
Current Conservation rel: 1.3531675324068713e-05
Phonon: rel Sigma^R residual 1.0000e+00; lead balance 4.8274e-13 (best inf; internal spread 8.6664e-13)
Bubble energy balance: P_in=-7.373024e+01 P_out=-7.373024e+01 resid=1.358e-13
Writing output for iteration 0...
Iteration 1
[it  1] energy J(local)=[2.2876 2.2876 2.2876]
Maximum Self-Energy Update: 2374.3041198336164
Contact Current Difference: 0.0
Current Conservation abs: 0.00018118738548267288
Current Conservation rel: 3.5676983796973956e-06
Phonon: rel Sigma^R residual 9.4302e-01; lead balance 1.7787e-04 (best inf; internal spread 1.2322e-03)
Bubble energy balance: P_in=-1.925608e+02 P_out=-1.925608e+02 resid=1.869e-14
Writing output for iteration 1...
Iteration 2
[it  2] energy J(local)=[2.2872 2.2874 2.2871]
Maximum Self-Energy Update: 24566.357529048077
Contact Current Difference: 0.0
Current Conservation abs: 0.00015847362791987507
Current Conservation rel: 2.051459379962128e-06
Phonon: rel Sigma^R residual 9.9862e-01; lead balance 1.3965e-04 (best inf; internal spread 5.0023e-03)
Bubble energy balance: P_in=-3.358933e+02 P_out=-3.358933e+02 resid=1.638e-14
Writing output for iteration 2...
Iteration 3
[it  3] energy J(local)=[2.2867 2.287  2.2866]
Maximum Self-Energy Update: 4198.447649810893
Contact Current Difference: 0.0
Current Conservation abs: 0.004298756481723842
Current Conservation rel: 3.490340972075464e-05
Phonon: rel Sigma^R residual 6.2974e-01; lead balance 1.7188e-04 (best 1.7188e-04; internal spread 4.0297e-03)
Bubble energy balance: P_in=-4.844692e+02 P_out=-4.844692e+02 resid=3.034e-15
Writing output for iteration 3...
Iteration 4
[it  4] energy J(local)=[2.2862 2.2865 2.2861]
Maximum Self-Energy Update: 5019.490616825443
Contact Current Difference: 0.0
Current Conservation abs: 0.03383787455749143
Current Conservation rel: 5.848493800800888e-05
Phonon: rel Sigma^R residual 9.6073e-01; lead balance 1.2310e-04 (best 1.2310e-04; internal spread 1.1080e-03)
Bubble energy balance: P_in=-1.942723e+03 P_out=-1.942723e+03 resid=3.431e-15
Writing output for iteration 4...
Iteration 5
[it  5] energy J(local)=[2.2855 2.2854 2.2856]
Maximum Self-Energy Update: 74902.72742148614
Contact Current Difference: 0.0
Current Conservation abs: 0.03132700242633746
Current Conservation rel: 4.0267430652850565e-05
Phonon: rel Sigma^R residual 9.9615e-01; lead balance 1.1164e-03 (best 1.2310e-04; internal spread 2.4379e-02)
Bubble energy balance: P_in=-2.926159e+03 P_out=-2.926159e+03 resid=2.178e-14
Writing output for iteration 5...
Iteration 6
[it  6] energy J(local)=[2.2849 2.2848 2.2851]
Maximum Self-Energy Update: 7180.390837415435
Contact Current Difference: 0.0
Current Conservation abs: 0.014097066221950172
Current Conservation rel: 1.8232081726631106e-05
Phonon: rel Sigma^R residual 3.1132e+00; lead balance 6.2171e-04 (best 1.2310e-04; internal spread 4.5525e-02)
Bubble energy balance: P_in=-2.309779e+03 P_out=-2.309779e+03 resid=3.101e-15
Writing output for iteration 6...
Iteration 7
[it  7] energy J(local)=[2.2841 2.2846 2.2846]
Maximum Self-Energy Update: 6514.196861138457
Contact Current Difference: 0.0
Current Conservation abs: 0.020810570910612114
Current Conservation rel: 2.0804914296651446e-05
Phonon: rel Sigma^R residual 2.2927e+00; lead balance 1.3835e-05 (best 1.3835e-05; internal spread 5.2127e-02)
Bubble energy balance: P_in=-2.902973e+03 P_out=-2.902973e+03 resid=2.729e-15
Writing output for iteration 7...
Iteration 8
[it  8] energy J(local)=[2.2866 2.2868 2.2866]
Maximum Self-Energy Update: 4452.344265292026
Contact Current Difference: 0.0
Current Conservation abs: 0.007541872665854044
Current Conservation rel: 1.3216444704887617e-05
Phonon: rel Sigma^R residual 7.1392e-01; lead balance 2.3120e-04 (best 1.3835e-05; internal spread 1.8341e-03)
Bubble energy balance: P_in=-2.037478e+03 P_out=-2.037478e+03 resid=3.126e-15
Writing output for iteration 8...
Iteration 9
[it  9] energy J(local)=[2.2861 2.2857 2.2861]
Maximum Self-Energy Update: 9317.631014613946
Contact Current Difference: 0.0
Current Conservation abs: 0.009925727433426346
Current Conservation rel: 1.28915084197944e-05
Phonon: rel Sigma^R residual 9.9765e-01; lead balance 3.8197e-04 (best 1.3835e-05; internal spread 1.8840e-02)
Bubble energy balance: P_in=-2.552978e+03 P_out=-2.552978e+03 resid=1.732e-13
Writing output for iteration 9...
Iteration 10
[it 10] energy J(local)=[2.2853 2.285  2.2855]
Maximum Self-Energy Update: 2441.716391687091
Contact Current Difference: 0.0
Current Conservation abs: 0.004777585116244154
Current Conservation rel: 6.648436189556241e-06
Phonon: rel Sigma^R residual 1.0708e+00; lead balance 5.6183e-03 (best 1.3835e-05; internal spread 3.9302e-02)
Bubble energy balance: P_in=-2.204721e+03 P_out=-2.204721e+03 resid=2.421e-14
Writing output for iteration 10...
Iteration 11
[it 11] energy J(local)=[2.2846 2.2847 2.285 ]
Maximum Self-Energy Update: 3984.36933435809
Contact Current Difference: 0.0
Current Conservation abs: 0.015249987311904079
Current Conservation rel: 1.5747908012510938e-05
Phonon: rel Sigma^R residual 9.8990e-01; lead balance 5.8158e-03 (best 1.3835e-05; internal spread 4.8415e-02)
Bubble energy balance: P_in=-2.785405e+03 P_out=-2.785405e+03 resid=8.030e-14
Writing output for iteration 11...
Iteration 12
[it 12] energy J(local)=[2.2837 2.2852 2.2845]
Maximum Self-Energy Update: 1995.3737901260317
Contact Current Difference: 0.0
Current Conservation abs: 0.04130051393303802
Current Conservation rel: 1.6499036558381935e-05
Phonon: rel Sigma^R residual 8.5589e-01; lead balance 1.6292e-03 (best 1.3835e-05; internal spread 5.4399e-02)
Bubble energy balance: P_in=-6.218635e+03 P_out=-6.218635e+03 resid=3.902e-15
Writing output for iteration 12...
Iteration 13
[it 13] energy J(local)=[2.2824 2.2677 2.2836]
Maximum Self-Energy Update: 5300.47245631782
Contact Current Difference: 0.0
Current Conservation abs: 0.23634313782076788
Current Conservation rel: 2.4419225940520482e-05
Phonon: rel Sigma^R residual 9.7299e-01; lead balance 2.6119e-03 (best 1.3835e-05; internal spread 7.4302e-02)
Bubble energy balance: P_in=-1.963520e+04 P_out=-1.963520e+04 resid=9.405e-15
Writing output for iteration 13...
Iteration 14
[it 14] energy J(local)=[2.2525 2.2788 2.2506]
Maximum Self-Energy Update: 1916.180409651205
Contact Current Difference: 0.0
Current Conservation abs: 0.8991371900292506
Current Conservation rel: 0.00012075754076463706
Phonon: rel Sigma^R residual 7.7543e-01; lead balance 3.7714e-02 (best 1.3835e-05; internal spread 8.9981e-02)
Bubble energy balance: P_in=-1.482850e+04 P_out=-1.482850e+04 resid=1.343e-15
Writing output for iteration 14...
Iteration 15
[it 15] energy J(local)=[2.2406 2.2714 2.2394]
Maximum Self-Energy Update: 1618.9459914007405
Contact Current Difference: 0.0
Current Conservation abs: 0.05615219213655109
Current Conservation rel: 2.4875777291351335e-05
Phonon: rel Sigma^R residual 7.5981e-01; lead balance 2.4353e-02 (best 1.3835e-05; internal spread 6.8674e-02)
Bubble energy balance: P_in=-6.453635e+03 P_out=-6.453635e+03 resid=6.416e-15
Writing output for iteration 15...
Iteration 16
[it 16] energy J(local)=[2.2583 2.2702 2.2573]
Maximum Self-Energy Update: 5446.458445003753
Contact Current Difference: 0.0
Current Conservation abs: 0.15207874183397507
Current Conservation rel: 2.8470041832407882e-05
Phonon: rel Sigma^R residual 9.6107e-01; lead balance 1.6440e-02 (best 1.3835e-05; internal spread 7.1708e-02)
Bubble energy balance: P_in=-1.034910e+04 P_out=-1.034910e+04 resid=1.236e-14
Writing output for iteration 16...
Iteration 17
[it 17] energy J(local)=[2.2618 2.2774 2.2615]
Maximum Self-Energy Update: 1478.1983569829927
Contact Current Difference: 0.0
Current Conservation abs: 0.0064183368886006065
Current Conservation rel: 4.4747254858557275e-06
Phonon: rel Sigma^R residual 1.2935e+00; lead balance 1.0393e-03 (best 1.3835e-05; internal spread 5.7220e-02)
Bubble energy balance: P_in=-4.129809e+03 P_out=-4.129809e+03 resid=5.669e-15
Writing output for iteration 17...
Iteration 18
[it 18] energy J(local)=[2.2638 2.2835 2.2633]
Maximum Self-Energy Update: 1345.9251745015847
Contact Current Difference: 0.0
Current Conservation abs: 0.013075705315259256
Current Conservation rel: 1.0937319140067369e-05
Phonon: rel Sigma^R residual 1.3794e+00; lead balance 4.0020e-04 (best 1.3835e-05; internal spread 5.9432e-02)
Bubble energy balance: P_in=-3.558632e+03 P_out=-3.558632e+03 resid=3.450e-15
Writing output for iteration 18...
Iteration 19
[it 19] energy J(local)=[2.2655 2.2789 2.2649]
Maximum Self-Energy Update: 1216.9694852773528
Contact Current Difference: 0.0
Current Conservation abs: 0.008883488319554544
Current Conservation rel: 9.70710454606935e-06
Phonon: rel Sigma^R residual 1.2352e+00; lead balance 2.0147e-03 (best 1.3835e-05; internal spread 6.3213e-02)
Bubble energy balance: P_in=-2.848290e+03 P_out=-2.848290e+03 resid=3.079e-15
Writing output for iteration 19...
Iteration 20
[it 20] energy J(local)=[2.2669 2.2763 2.2661]
Maximum Self-Energy Update: 1159.77208462465
Contact Current Difference: 0.0
Current Conservation abs: 0.0059377610011779325
Current Conservation rel: 8.055866224487384e-06
Phonon: rel Sigma^R residual 1.0702e+00; lead balance 2.7811e-03 (best 1.3835e-05; internal spread 6.3310e-02)
Bubble energy balance: P_in=-2.390573e+03 P_out=-2.390573e+03 resid=3.387e-14
Writing output for iteration 20...
Iteration 21
[it 21] energy J(local)=[2.2681 2.2762 2.2671]
Maximum Self-Energy Update: 2370.2194050879984
Contact Current Difference: 0.0
Current Conservation abs: 0.004754732980245535
Current Conservation rel: 7.129960395471959e-06
Phonon: rel Sigma^R residual 8.6189e-01; lead balance 4.1250e-03 (best 1.3835e-05; internal spread 6.0335e-02)
Bubble energy balance: P_in=-2.218906e+03 P_out=-2.218906e+03 resid=3.851e-14
Writing output for iteration 21...
Iteration 22
[it 22] energy J(local)=[2.2692 2.2769 2.268 ]
Maximum Self-Energy Update: 1494.5344826173439
Contact Current Difference: 0.0
Current Conservation abs: 0.0024063645552132584
Current Conservation rel: 3.7254923374583475e-06
Phonon: rel Sigma^R residual 7.0907e-01; lead balance 4.4198e-03 (best 1.3835e-05; internal spread 5.4683e-02)
Bubble energy balance: P_in=-2.184487e+03 P_out=-2.184487e+03 resid=1.377e-14
Writing output for iteration 22...
Iteration 23
[it 23] energy J(local)=[2.2701 2.2774 2.2688]
Maximum Self-Energy Update: 1475.5207137374528
Contact Current Difference: 0.0
Current Conservation abs: 0.00029999528089774685
Current Conservation rel: 4.5370309099308e-07
Phonon: rel Sigma^R residual 7.6139e-01; lead balance 3.2178e-03 (best 1.3835e-05; internal spread 4.9565e-02)
Bubble energy balance: P_in=-2.267872e+03 P_out=-2.267872e+03 resid=2.123e-14
Writing output for iteration 23...
Iteration 24
[it 24] energy J(local)=[2.2714 2.2762 2.2699]
Maximum Self-Energy Update: 1525.5973425083562
Contact Current Difference: 0.0
Current Conservation abs: 0.0017184357264454775
Current Conservation rel: 3.453210141881098e-06
Phonon: rel Sigma^R residual 7.8201e-01; lead balance 3.1124e-03 (best 1.3835e-05; internal spread 5.0998e-02)
Bubble energy balance: P_in=-1.784569e+03 P_out=-1.784569e+03 resid=2.508e-15
Writing output for iteration 24...
Iteration 25
[it 25] energy J(local)=[2.2718 2.2774 2.2702]
Maximum Self-Energy Update: 1304.0472292370218
Contact Current Difference: 0.0
Current Conservation abs: 0.0014040602150373616
Current Conservation rel: 2.846020736915359e-06
Phonon: rel Sigma^R residual 6.9314e-01; lead balance 2.7731e-03 (best 1.3835e-05; internal spread 4.9194e-02)
Bubble energy balance: P_in=-1.761806e+03 P_out=-1.761806e+03 resid=2.106e-15
Writing output for iteration 25...
Iteration 26
[it 26] energy J(local)=[2.2722 2.2788 2.2705]
Maximum Self-Energy Update: 1024.1938141372314
Contact Current Difference: 0.0
Current Conservation abs: 0.0009689794169389643
Current Conservation rel: 1.951114893526242e-06
Phonon: rel Sigma^R residual 5.9142e-01; lead balance 2.5696e-03 (best 1.3835e-05; internal spread 4.7665e-02)
Bubble energy balance: P_in=-1.760674e+03 P_out=-1.760674e+03 resid=3.693e-15
Writing output for iteration 26...
Iteration 27
[it 27] energy J(local)=[2.2726 2.2804 2.2708]
Maximum Self-Energy Update: 771.1875071961414
Contact Current Difference: 0.0
Current Conservation abs: 0.0005384025054695485
Current Conservation rel: 1.0673807672603512e-06
Phonon: rel Sigma^R residual 4.8779e-01; lead balance 2.4451e-03 (best 1.3835e-05; internal spread 4.6166e-02)
Bubble energy balance: P_in=-1.771913e+03 P_out=-1.771913e+03 resid=1.937e-15
Writing output for iteration 27...
Iteration 28
[it 28] energy J(local)=[2.273  2.2822 2.2711]
Maximum Self-Energy Update: 552.5581513487397
Contact Current Difference: 0.0
Current Conservation abs: 0.0001825041981646791
Current Conservation rel: 3.5446510416978643e-07
Phonon: rel Sigma^R residual 3.8064e-01; lead balance 2.3853e-03 (best 1.3835e-05; internal spread 4.4485e-02)
Bubble energy balance: P_in=-1.791140e+03 P_out=-1.791140e+03 resid=1.343e-15
Writing output for iteration 28...
Iteration 29
[it 29] energy J(local)=[2.2734 2.2839 2.2715]
Maximum Self-Energy Update: 514.6747372567651
Contact Current Difference: 0.0
Current Conservation abs: 4.396897003289269e-05
Current Conservation rel: 8.356950765728098e-08
Phonon: rel Sigma^R residual 3.8176e-01; lead balance 2.4064e-03 (best 1.3835e-05; internal spread 4.2714e-02)
Bubble energy balance: P_in=-1.813746e+03 P_out=-1.813746e+03 resid=1.982e-14
Writing output for iteration 29...
Iteration 30
[it 30] energy J(local)=[2.2738 2.2855 2.2718]
Maximum Self-Energy Update: 493.70487192930017
Contact Current Difference: 0.0
Current Conservation abs: 0.00011102559000164547
Current Conservation rel: 2.0701197199630906e-07
Phonon: rel Sigma^R residual 4.0729e-01; lead balance 2.5161e-03 (best 1.3835e-05; internal spread 4.0961e-02)
Bubble energy balance: P_in=-1.833997e+03 P_out=-1.833997e+03 resid=2.414e-14
Writing output for iteration 30...
Iteration 31
[it 31] energy J(local)=[2.2741 2.2869 2.2722]
Maximum Self-Energy Update: 468.76511339517174
Contact Current Difference: 0.0
Current Conservation abs: 0.00014091385315850857
Current Conservation rel: 2.5857448702891505e-07
Phonon: rel Sigma^R residual 4.6107e-01; lead balance 2.4159e-03 (best 1.3835e-05; internal spread 3.9117e-02)
Bubble energy balance: P_in=-1.850778e+03 P_out=-1.850778e+03 resid=1.156e-14
Writing output for iteration 31...
Iteration 32
[it 32] energy J(local)=[2.2749 2.297  2.2727]
Maximum Self-Energy Update: 500.31720739544556
Contact Current Difference: 0.0
Current Conservation abs: 0.0024366488934219888
Current Conservation rel: 4.156659473522919e-06
Phonon: rel Sigma^R residual 4.6618e-01; lead balance 1.8820e-03 (best 1.3835e-05; internal spread 3.2925e-02)
Bubble energy balance: P_in=-1.929502e+03 P_out=-1.929502e+03 resid=7.161e-15
Writing output for iteration 32...
Iteration 33
[it 33] energy J(local)=[2.2751 2.2969 2.273 ]
Maximum Self-Energy Update: 458.9025290287699
Contact Current Difference: 0.0
Current Conservation abs: 0.0019671635256486297
Current Conservation rel: 3.297584509978529e-06
Phonon: rel Sigma^R residual 4.8529e-01; lead balance 1.7987e-03 (best 1.3835e-05; internal spread 3.1739e-02)
Bubble energy balance: P_in=-1.958254e+03 P_out=-1.958254e+03 resid=6.214e-15
Writing output for iteration 33...
Iteration 34
[it 34] energy J(local)=[2.2754 2.2967 2.2733]
Maximum Self-Energy Update: 512.9330261045849
Contact Current Difference: 0.0
Current Conservation abs: 0.0017651489984018554
Current Conservation rel: 2.9349192792346914e-06
Phonon: rel Sigma^R residual 5.8092e-01; lead balance 1.8962e-03 (best 1.3835e-05; internal spread 3.0755e-02)
Bubble energy balance: P_in=-1.975747e+03 P_out=-1.975747e+03 resid=4.947e-15
Writing output for iteration 34...
Iteration 35
[it 35] energy J(local)=[2.2756 2.2964 2.2735]
Maximum Self-Energy Update: 528.7523116898508
Contact Current Difference: 0.0
Current Conservation abs: 0.00182169945202304
Current Conservation rel: 3.0210215929411653e-06
Phonon: rel Sigma^R residual 6.1793e-01; lead balance 2.0816e-03 (best 1.3835e-05; internal spread 2.9883e-02)
Bubble energy balance: P_in=-1.986175e+03 P_out=-1.986175e+03 resid=8.961e-16
Writing output for iteration 35...
Iteration 36
[it 36] energy J(local)=[2.2758 2.296  2.2737]
Maximum Self-Energy Update: 525.6342082646514
Contact Current Difference: 0.0
Current Conservation abs: 0.002137686707726516
Current Conservation rel: 3.5446215248934314e-06
Phonon: rel Sigma^R residual 6.2580e-01; lead balance 2.3320e-03 (best 1.3835e-05; internal spread 2.9096e-02)
Bubble energy balance: P_in=-1.993140e+03 P_out=-1.993140e+03 resid=8.914e-15
Writing output for iteration 36...
Iteration 37
[it 37] energy J(local)=[2.2759 2.2956 2.2739]
Maximum Self-Energy Update: 512.439215356853
Contact Current Difference: 0.0
Current Conservation abs: 0.0027588081192106984
Current Conservation rel: 4.574985196189907e-06
Phonon: rel Sigma^R residual 6.1968e-01; lead balance 2.6537e-03 (best 1.3835e-05; internal spread 2.8400e-02)
Bubble energy balance: P_in=-1.999660e+03 P_out=-1.999660e+03 resid=1.031e-15
Writing output for iteration 37...
Iteration 38
[it 38] energy J(local)=[2.276  2.2951 2.274 ]
Maximum Self-Energy Update: 493.7431558206819
Contact Current Difference: 0.0
Current Conservation abs: 0.0038079480970054647
Current Conservation rel: 6.304969343219331e-06
Phonon: rel Sigma^R residual 6.0510e-01; lead balance 3.0675e-03 (best 1.3835e-05; internal spread 2.7828e-02)
Bubble energy balance: P_in=-2.008442e+03 P_out=-2.008442e+03 resid=4.251e-15
Writing output for iteration 38...
Iteration 39
[it 39] energy J(local)=[2.276  2.2947 2.2741]
Maximum Self-Energy Update: 472.0952739679393
Contact Current Difference: 0.0
Current Conservation abs: 0.005509196827290452
Current Conservation rel: 9.074702887214083e-06
Phonon: rel Sigma^R residual 5.8534e-01; lead balance 3.5974e-03 (best 1.3835e-05; internal spread 2.7454e-02)
Bubble energy balance: P_in=-2.022441e+03 P_out=-2.022441e+03 resid=4.673e-15
Writing output for iteration 39...
Iteration 40
[it 40] energy J(local)=[2.2768 2.2929 2.2754]
Maximum Self-Energy Update: 318.0956025819392
Contact Current Difference: 0.0
Current Conservation abs: 0.022822477471095226
Current Conservation rel: 3.911025204539753e-05
Phonon: rel Sigma^R residual 3.9836e-01; lead balance 6.2603e-03 (best 1.3835e-05; internal spread 2.3203e-02)
Bubble energy balance: P_in=-1.965463e+03 P_out=-1.965463e+03 resid=9.679e-15
Writing output for iteration 40...
Iteration 41
[it 41] energy J(local)=[2.2764 2.2929 2.2749]
Maximum Self-Energy Update: 253.68540518690023
Contact Current Difference: 0.0
Current Conservation abs: 0.02059616959655841
Current Conservation rel: 3.3857199330644694e-05
Phonon: rel Sigma^R residual 3.1419e-01; lead balance 6.6417e-03 (best 1.3835e-05; internal spread 2.5285e-02)
Bubble energy balance: P_in=-2.024770e+03 P_out=-2.024770e+03 resid=8.836e-15
Writing output for iteration 41...
Iteration 42
[it 42] energy J(local)=[2.2758 2.2927 2.2743]
Maximum Self-Energy Update: 175.98561847936014
Contact Current Difference: 0.0
Current Conservation abs: 0.011670403611901747
Current Conservation rel: 1.8909413610505815e-05
Phonon: rel Sigma^R residual 2.1525e-01; lead balance 5.5395e-03 (best 1.3835e-05; internal spread 2.7042e-02)
Bubble energy balance: P_in=-2.044037e+03 P_out=-2.044037e+03 resid=4.330e-15
Writing output for iteration 42...
Iteration 43
[it 43] energy J(local)=[2.2754 2.2926 2.2738]
Maximum Self-Energy Update: 135.96233324764697
Contact Current Difference: 0.0
Current Conservation abs: 0.00511210230092729
Current Conservation rel: 8.357179211203923e-06
Phonon: rel Sigma^R residual 1.6450e-01; lead balance 4.1458e-03 (best 1.3835e-05; internal spread 2.7969e-02)
Bubble energy balance: P_in=-2.029093e+03 P_out=-2.029093e+03 resid=1.230e-14
Writing output for iteration 43...
Iteration 44
[it 44] energy J(local)=[2.2752 2.2927 2.2736]
Maximum Self-Energy Update: 138.6885679138864
Contact Current Difference: 0.0
Current Conservation abs: 0.002485957091664659
Current Conservation rel: 4.114341151358518e-06
Phonon: rel Sigma^R residual 1.6649e-01; lead balance 3.3792e-03 (best 1.3835e-05; internal spread 2.8356e-02)
Bubble energy balance: P_in=-2.009752e+03 P_out=-2.009752e+03 resid=2.263e-15
Writing output for iteration 44...
Iteration 45
[it 45] energy J(local)=[2.2752 2.293  2.2735]
Maximum Self-Energy Update: 137.8674501993199
Contact Current Difference: 0.0
Current Conservation abs: 0.0016687619048525448
Current Conservation rel: 2.787204655583576e-06
Phonon: rel Sigma^R residual 1.6465e-01; lead balance 3.2075e-03 (best 1.3835e-05; internal spread 2.8490e-02)
Bubble energy balance: P_in=-1.995455e+03 P_out=-1.995455e+03 resid=3.684e-15
Writing output for iteration 45...
Iteration 46
[it 46] energy J(local)=[2.2753 2.2933 2.2736]
Maximum Self-Energy Update: 134.43920942576082
Contact Current Difference: 0.0
Current Conservation abs: 0.0015287798102576744
Current Conservation rel: 2.568970271293065e-06
Phonon: rel Sigma^R residual 1.6007e-01; lead balance 3.4139e-03 (best 1.3835e-05; internal spread 2.8499e-02)
Bubble energy balance: P_in=-1.985822e+03 P_out=-1.985822e+03 resid=8.991e-15
Writing output for iteration 46...
Iteration 47
[it 47] energy J(local)=[2.2754 2.2937 2.2737]
Maximum Self-Energy Update: 129.14385423164416
Contact Current Difference: 0.0
Current Conservation abs: 0.0016367607331631007
Current Conservation rel: 2.7614829562490215e-06
Phonon: rel Sigma^R residual 1.5355e-01; lead balance 3.8399e-03 (best 1.3835e-05; internal spread 2.8435e-02)
Bubble energy balance: P_in=-1.979319e+03 P_out=-1.979319e+03 resid=1.040e-14
Writing output for iteration 47...
Iteration 48
[it 48] energy J(local)=[2.2782 2.2983 2.2759]
Maximum Self-Energy Update: 21.857866624003314
Contact Current Difference: 0.0
Current Conservation abs: 0.0019670677323233576
Current Conservation rel: 3.396624110770026e-06
Phonon: rel Sigma^R residual 2.7091e-02; lead balance 1.2251e-02 (best 1.3835e-05; internal spread 2.2057e-02)
Bubble energy balance: P_in=-1.942544e+03 P_out=-1.942544e+03 resid=1.027e-14
Writing output for iteration 48...
Iteration 49
[it 49] energy J(local)=[2.2782 2.2984 2.2759]
Maximum Self-Energy Update: 19.35310749623699
Contact Current Difference: 0.0
Current Conservation abs: 0.002308798264436973
Current Conservation rel: 3.973161405821096e-06
Phonon: rel Sigma^R residual 2.3985e-02; lead balance 1.2126e-02 (best 1.3835e-05; internal spread 2.2031e-02)
Bubble energy balance: P_in=-1.947274e+03 P_out=-1.947274e+03 resid=4.512e-15
Writing output for iteration 49...
Iteration 50
[it 50] energy J(local)=[2.2782 2.2984 2.2759]
Maximum Self-Energy Update: 17.718167761013415
Contact Current Difference: 0.0
Current Conservation abs: 0.0025454622663119153
Current Conservation rel: 4.367823944785758e-06
Phonon: rel Sigma^R residual 2.1952e-02; lead balance 1.2006e-02 (best 1.3835e-05; internal spread 2.2039e-02)
Bubble energy balance: P_in=-1.951392e+03 P_out=-1.951392e+03 resid=1.708e-15
Writing output for iteration 50...
Iteration 51
[it 51] energy J(local)=[2.2781 2.2985 2.2759]
Maximum Self-Energy Update: 18.33437213759759
Contact Current Difference: 0.0
Current Conservation abs: 0.002692035130962722
Current Conservation rel: 4.6082131004558035e-06
Phonon: rel Sigma^R residual 2.2704e-02; lead balance 1.1891e-02 (best 1.3835e-05; internal spread 2.2073e-02)
Bubble energy balance: P_in=-1.954918e+03 P_out=-1.954918e+03 resid=3.418e-15
Writing output for iteration 51...
Iteration 52
[it 52] energy J(local)=[2.2781 2.2985 2.2759]
Maximum Self-Energy Update: 18.478634655399908
Contact Current Difference: 0.0
Current Conservation abs: 0.002762923984732879
Current Conservation rel: 4.720191988243098e-06
Phonon: rel Sigma^R residual 2.2868e-02; lead balance 1.1783e-02 (best 1.3835e-05; internal spread 2.2124e-02)
Bubble energy balance: P_in=-1.957876e+03 P_out=-1.957876e+03 resid=3.318e-15
Writing output for iteration 52...
Iteration 53
[it 53] energy J(local)=[2.2781 2.2985 2.2759]
Maximum Self-Energy Update: 18.219510831271847
Contact Current Difference: 0.0
Current Conservation abs: 0.0027722126815774573
Current Conservation rel: 4.728491966451544e-06
Phonon: rel Sigma^R residual 2.2531e-02; lead balance 1.1684e-02 (best 1.3835e-05; internal spread 2.2185e-02)
Bubble energy balance: P_in=-1.960301e+03 P_out=-1.960301e+03 resid=3.839e-15
Writing output for iteration 53...
Iteration 54
[it 54] energy J(local)=[2.2781 2.2984 2.2758]
Maximum Self-Energy Update: 17.6290597916432
Contact Current Difference: 0.0
Current Conservation abs: 0.0027335092050293497
Current Conservation rel: 4.656606109319825e-06
Phonon: rel Sigma^R residual 2.1784e-02; lead balance 1.1594e-02 (best 1.3835e-05; internal spread 2.2249e-02)
Bubble energy balance: P_in=-1.962236e+03 P_out=-1.962236e+03 resid=3.128e-15
Writing output for iteration 54...
Iteration 55
[it 55] energy J(local)=[2.278  2.2984 2.2758]
Maximum Self-Energy Update: 16.77968400830724
Contact Current Difference: 0.0
Current Conservation abs: 0.0026595485552434184
Current Conservation rel: 4.526245225830867e-06
Phonon: rel Sigma^R residual 2.0718e-02; lead balance 1.1514e-02 (best 1.3835e-05; internal spread 2.2312e-02)
Bubble energy balance: P_in=-1.963733e+03 P_out=-1.963733e+03 resid=8.494e-15
Writing output for iteration 55...
Iteration 56
[it 56] energy J(local)=[2.2782 2.2989 2.2751]
Maximum Self-Energy Update: 1.409673772732365
Contact Current Difference: 0.0
Current Conservation abs: 0.0002641324561523106
Current Conservation rel: 4.488418229269164e-07
Phonon: rel Sigma^R residual 1.7178e-03; lead balance 1.2236e-02 (best 1.3835e-05; internal spread 2.0970e-02)
Bubble energy balance: P_in=-1.965365e+03 P_out=-1.965365e+03 resid=6.677e-15
Writing output for iteration 56...
Iteration 57
[it 57] energy J(local)=[2.2782 2.299  2.2751]
Maximum Self-Energy Update: 1.2530204738721993
Contact Current Difference: 0.0
Current Conservation abs: 0.00010989615844891887
Current Conservation rel: 1.8674573516983147e-07
Phonon: rel Sigma^R residual 1.5272e-03; lead balance 1.2266e-02 (best 1.3835e-05; internal spread 2.0918e-02)
Bubble energy balance: P_in=-1.965427e+03 P_out=-1.965427e+03 resid=8.798e-15
Writing output for iteration 57...
Iteration 58
[it 58] energy J(local)=[2.2782 2.299  2.2751]
Maximum Self-Energy Update: 1.3133078240349312
Contact Current Difference: 0.0
Current Conservation abs: 9.176085882245399e-06
Current Conservation rel: 1.559229344464132e-08
Phonon: rel Sigma^R residual 1.6009e-03; lead balance 1.2291e-02 (best 1.3835e-05; internal spread 2.0862e-02)
Bubble energy balance: P_in=-1.965528e+03 P_out=-1.965528e+03 resid=5.448e-15
Writing output for iteration 58...
Iteration 59
[it 59] energy J(local)=[2.2782 2.299  2.2751]
Maximum Self-Energy Update: 1.337242492232142
Contact Current Difference: 0.0
Current Conservation abs: 5.128172188051394e-05
Current Conservation rel: 8.713449519230931e-08
Phonon: rel Sigma^R residual 1.6303e-03; lead balance 1.2311e-02 (best 1.3835e-05; internal spread 2.0804e-02)
Bubble energy balance: P_in=-1.965661e+03 P_out=-1.965661e+03 resid=8.639e-15
Writing output for iteration 59...
Iteration 60
[it 60] energy J(local)=[2.2782 2.299  2.2751]
Maximum Self-Energy Update: 1.3306484514871322
Contact Current Difference: 0.0
Current Conservation abs: 8.149764499876255e-05
Current Conservation rel: 1.3846515334113875e-07
Phonon: rel Sigma^R residual 1.6224e-03; lead balance 1.2328e-02 (best 1.3835e-05; internal spread 2.0744e-02)
Bubble energy balance: P_in=-1.965817e+03 P_out=-1.965817e+03 resid=9.750e-15
Writing output for iteration 60...
Iteration 61
[it 61] energy J(local)=[2.2782 2.299  2.2751]
Maximum Self-Energy Update: 1.2992657640861505
Contact Current Difference: 0.0
Current Conservation abs: 8.90513691160777e-05
Current Conservation rel: 1.5128594946609263e-07
Phonon: rel Sigma^R residual 1.5843e-03; lead balance 1.2342e-02 (best 1.3835e-05; internal spread 2.0684e-02)
Bubble energy balance: P_in=-1.965993e+03 P_out=-1.965993e+03 resid=2.456e-15
Writing output for iteration 61...
Iteration 62
[it 62] energy J(local)=[2.2782 2.299  2.2751]
Maximum Self-Energy Update: 1.248433337521019
Contact Current Difference: 0.0
Current Conservation abs: 7.967608405579085e-05
Current Conservation rel: 1.3534569935125458e-07
Phonon: rel Sigma^R residual 1.5224e-03; lead balance 1.2354e-02 (best 1.3835e-05; internal spread 2.0623e-02)
Bubble energy balance: P_in=-1.966183e+03 P_out=-1.966183e+03 resid=1.254e-14
Writing output for iteration 62...
Iteration 63
[it 63] energy J(local)=[2.2782 2.299  2.2751]
Maximum Self-Energy Update: 1.1829520709061323
Contact Current Difference: 0.0
Current Conservation abs: 5.770511199898465e-05
Current Conservation rel: 9.801353746639185e-08
Phonon: rel Sigma^R residual 1.4426e-03; lead balance 1.2364e-02 (best 1.3835e-05; internal spread 2.0563e-02)
Bubble energy balance: P_in=-1.966385e+03 P_out=-1.966385e+03 resid=2.780e-15
Writing output for iteration 63...
Iteration 64
[it 64] energy J(local)=[2.2782 2.2993 2.275 ]
Maximum Self-Energy Update: 0.5053081485154879
Contact Current Difference: 0.0
Current Conservation abs: 0.000724568704754347
Current Conservation rel: 1.2308513547956385e-06
Phonon: rel Sigma^R residual 6.1624e-04; lead balance 1.2653e-02 (best 1.3835e-05; internal spread 2.0078e-02)
Bubble energy balance: P_in=-1.965895e+03 P_out=-1.965895e+03 resid=8.485e-15
Writing output for iteration 64...
Iteration 65
[it 65] energy J(local)=[2.2782 2.2993 2.275 ]
Maximum Self-Energy Update: 0.5172961327482101
Contact Current Difference: 0.0
Current Conservation abs: 0.0003788231655335039
Current Conservation rel: 6.434835996813181e-07
Phonon: rel Sigma^R residual 6.3083e-04; lead balance 1.2649e-02 (best 1.3835e-05; internal spread 1.9981e-02)
Bubble energy balance: P_in=-1.966034e+03 P_out=-1.966034e+03 resid=5.309e-15
Writing output for iteration 65...
Iteration 66
[it 66] energy J(local)=[2.2782 2.2993 2.2749]
Maximum Self-Energy Update: 0.5398448172645298
Contact Current Difference: 0.0
Current Conservation abs: 0.00010636819274623122
Current Conservation rel: 1.8067039946847892e-07
Phonon: rel Sigma^R residual 6.5831e-04; lead balance 1.2646e-02 (best 1.3835e-05; internal spread 1.9895e-02)
Bubble energy balance: P_in=-1.966173e+03 P_out=-1.966173e+03 resid=4.767e-15
Writing output for iteration 66...
Iteration 67
[it 67] energy J(local)=[2.2782 2.2993 2.2749]
Maximum Self-Energy Update: 0.572207256511441
Contact Current Difference: 0.0
Current Conservation abs: 0.00011067128184549802
Current Conservation rel: 1.879677331133119e-07
Phonon: rel Sigma^R residual 6.9774e-04; lead balance 1.2644e-02 (best 1.3835e-05; internal spread 1.9817e-02)
Bubble energy balance: P_in=-1.966315e+03 P_out=-1.966315e+03 resid=4.870e-15
Writing output for iteration 67...
Iteration 68
[it 68] energy J(local)=[2.2782 2.2993 2.2749]
Maximum Self-Energy Update: 0.6059449307269452
Contact Current Difference: 0.0
Current Conservation abs: 0.0002858109252770191
Current Conservation rel: 4.853989338745588e-07
Phonon: rel Sigma^R residual 7.3885e-04; lead balance 1.2642e-02 (best 1.3835e-05; internal spread 1.9744e-02)
Bubble energy balance: P_in=-1.966461e+03 P_out=-1.966461e+03 resid=4.231e-15
Writing output for iteration 68...
Iteration 69
[it 69] energy J(local)=[2.2782 2.2993 2.2749]
Maximum Self-Energy Update: 0.6412917097409044
Contact Current Difference: 0.0
Current Conservation abs: 0.00042927108654566837
Current Conservation rel: 7.289897764588393e-07
Phonon: rel Sigma^R residual 7.8192e-04; lead balance 1.2641e-02 (best 1.3835e-05; internal spread 1.9676e-02)
Bubble energy balance: P_in=-1.966613e+03 P_out=-1.966613e+03 resid=2.231e-15
Writing output for iteration 69...
Iteration 70
[it 70] energy J(local)=[2.2783 2.2993 2.2749]
Maximum Self-Energy Update: 0.6785789205511822
Contact Current Difference: 0.0
Current Conservation abs: 0.0005487821045448982
Current Conservation rel: 9.318745720054572e-07
Phonon: rel Sigma^R residual 8.2736e-04; lead balance 1.2639e-02 (best 1.3835e-05; internal spread 1.9612e-02)
Bubble energy balance: P_in=-1.966773e+03 P_out=-1.966773e+03 resid=2.651e-15
Writing output for iteration 70...
Iteration 71
[it 71] energy J(local)=[2.2783 2.2993 2.2749]
Maximum Self-Energy Update: 0.7181912094337914
Contact Current Difference: 0.0
Current Conservation abs: 0.0006501935280880389
Current Conservation rel: 1.1039910482356967e-06
Phonon: rel Sigma^R residual 8.7562e-04; lead balance 1.2638e-02 (best 1.3835e-05; internal spread 1.9550e-02)
Bubble energy balance: P_in=-1.966942e+03 P_out=-1.966942e+03 resid=2.187e-15
Writing output for iteration 71...
Iteration 72
[it 72] energy J(local)=[2.2782 2.2994 2.2749]
Maximum Self-Energy Update: 0.3173817979518398
Contact Current Difference: 0.0
Current Conservation abs: 0.0007359050594004657
Current Conservation rel: 1.2504724606171475e-06
Phonon: rel Sigma^R residual 3.8697e-04; lead balance 1.2754e-02 (best 1.3835e-05; internal spread 1.9461e-02)
Bubble energy balance: P_in=-1.965326e+03 P_out=-1.965326e+03 resid=2.438e-15
Writing output for iteration 72...
Iteration 73
[it 73] energy J(local)=[2.2783 2.2995 2.2749]
Maximum Self-Energy Update: 0.321424645324127
Contact Current Difference: 0.0
Current Conservation abs: 0.0008177581838140213
Current Conservation rel: 1.389516021899471e-06
Phonon: rel Sigma^R residual 3.9190e-04; lead balance 1.2754e-02 (best 1.3835e-05; internal spread 1.9402e-02)
Bubble energy balance: P_in=-1.965405e+03 P_out=-1.965405e+03 resid=7.546e-15
Writing output for iteration 73...
Iteration 74
[it 74] energy J(local)=[2.2783 2.2995 2.2748]
Maximum Self-Energy Update: 0.33567765397610405
Contact Current Difference: 0.0
Current Conservation abs: 0.0008898102322518753
Current Conservation rel: 1.511893733796334e-06
Phonon: rel Sigma^R residual 4.0928e-04; lead balance 1.2754e-02 (best 1.3835e-05; internal spread 1.9345e-02)
Bubble energy balance: P_in=-1.965488e+03 P_out=-1.965488e+03 resid=6.686e-15
Writing output for iteration 74...
Iteration 75
[it 75] energy J(local)=[2.2783 2.2995 2.2748]
Maximum Self-Energy Update: 0.353729156626518
Contact Current Difference: 0.0
Current Conservation abs: 0.0009543825980244947
Current Conservation rel: 1.6215502649776366e-06
Phonon: rel Sigma^R residual 4.3128e-04; lead balance 1.2754e-02 (best 1.3835e-05; internal spread 1.9289e-02)
Bubble energy balance: P_in=-1.965573e+03 P_out=-1.965573e+03 resid=2.661e-15
Writing output for iteration 75...
Iteration 76
[it 76] energy J(local)=[2.2783 2.2995 2.2748]
Maximum Self-Energy Update: 0.37268893326831487
Contact Current Difference: 0.0
Current Conservation abs: 0.0010132313264534787
Current Conservation rel: 1.7214694321029202e-06
Phonon: rel Sigma^R residual 4.5439e-04; lead balance 1.2753e-02 (best 1.3835e-05; internal spread 1.9234e-02)
Bubble energy balance: P_in=-1.965663e+03 P_out=-1.965663e+03 resid=7.604e-15
Writing output for iteration 76...
Iteration 77
[it 77] energy J(local)=[2.2783 2.2995 2.2748]
Maximum Self-Energy Update: 0.3925596118174358
Contact Current Difference: 0.0
Current Conservation abs: 0.001067686358908304
Current Conservation rel: 1.8139108492802785e-06
Phonon: rel Sigma^R residual 4.7862e-04; lead balance 1.2752e-02 (best 1.3835e-05; internal spread 1.9181e-02)
Bubble energy balance: P_in=-1.965756e+03 P_out=-1.965756e+03 resid=7.208e-15
Writing output for iteration 77...
Iteration 78
[it 78] energy J(local)=[2.2783 2.2995 2.2748]
Maximum Self-Energy Update: 0.4134245495753027
Contact Current Difference: 0.0
Current Conservation abs: 0.001118756596156345
Current Conservation rel: 1.9005884738478453e-06
Phonon: rel Sigma^R residual 5.0405e-04; lead balance 1.2751e-02 (best 1.3835e-05; internal spread 1.9128e-02)
Bubble energy balance: P_in=-1.965854e+03 P_out=-1.965854e+03 resid=2.827e-15
Writing output for iteration 78...
Iteration 79
[it 79] energy J(local)=[2.2783 2.2995 2.2748]
Maximum Self-Energy Update: 0.43541273926235796
Contact Current Difference: 0.0
Current Conservation abs: 0.0011672091558807551
Current Conservation rel: 1.9828052901837183e-06
Phonon: rel Sigma^R residual 5.3085e-04; lead balance 1.2749e-02 (best 1.3835e-05; internal spread 1.9076e-02)
Bubble energy balance: P_in=-1.965958e+03 P_out=-1.965958e+03 resid=5.745e-15
Writing output for iteration 79...
Iteration 80
[it 80] energy J(local)=[2.2783 2.2996 2.2748]
Maximum Self-Energy Update: 0.17509726735651132
Contact Current Difference: 0.0
Current Conservation abs: 0.0013462014200626982
Current Conservation rel: 2.2879807363379483e-06
Phonon: rel Sigma^R residual 2.1349e-04; lead balance 1.2836e-02 (best 1.3835e-05; internal spread 1.8870e-02)
Bubble energy balance: P_in=-1.964925e+03 P_out=-1.964925e+03 resid=6.007e-15
Writing output for iteration 80...
Iteration 81
[it 81] energy J(local)=[2.2783 2.2996 2.2748]
Maximum Self-Energy Update: 0.181046314301398
Contact Current Difference: 0.0
Current Conservation abs: 0.0013867166470049597
Current Conservation rel: 2.356784009307538e-06
Phonon: rel Sigma^R residual 2.2074e-04; lead balance 1.2834e-02 (best 1.3835e-05; internal spread 1.8819e-02)
Bubble energy balance: P_in=-1.964980e+03 P_out=-1.964980e+03 resid=1.898e-14
Writing output for iteration 81...
Iteration 82
[it 82] energy J(local)=[2.2783 2.2996 2.2747]
Maximum Self-Energy Update: 0.1896974474094804
Contact Current Difference: 0.0
Current Conservation abs: 0.001426295081500939
Current Conservation rel: 2.42398991743588e-06
Phonon: rel Sigma^R residual 2.3129e-04; lead balance 1.2831e-02 (best 1.3835e-05; internal spread 1.8770e-02)
Bubble energy balance: P_in=-1.965035e+03 P_out=-1.965035e+03 resid=9.017e-15
Writing output for iteration 82...
Iteration 83
[it 83] energy J(local)=[2.2783 2.2997 2.2747]
Maximum Self-Energy Update: 0.1994356574605254
Contact Current Difference: 0.0
Current Conservation abs: 0.001465074421389545
Current Conservation rel: 2.489832177998608e-06
Phonon: rel Sigma^R residual 2.4317e-04; lead balance 1.2828e-02 (best 1.3835e-05; internal spread 1.8720e-02)
Bubble energy balance: P_in=-1.965092e+03 P_out=-1.965092e+03 resid=8.699e-15
Writing output for iteration 83...
Iteration 84
[it 84] energy J(local)=[2.2783 2.2997 2.2747]
Maximum Self-Energy Update: 0.20953716328063354
Contact Current Difference: 0.0
Current Conservation abs: 0.0015031606029083378
Current Conservation rel: 2.5544905495178223e-06
Phonon: rel Sigma^R residual 2.5548e-04; lead balance 1.2824e-02 (best 1.3835e-05; internal spread 1.8672e-02)
Bubble energy balance: P_in=-1.965150e+03 P_out=-1.965150e+03 resid=1.145e-14
Writing output for iteration 84...
Iteration 85
[it 85] energy J(local)=[2.2783 2.2997 2.2747]
Maximum Self-Energy Update: 0.2199841301341356
Contact Current Difference: 0.0
Current Conservation abs: 0.0015406363274905743
Current Conservation rel: 2.6181053063134885e-06
Phonon: rel Sigma^R residual 2.6822e-04; lead balance 1.2821e-02 (best 1.3835e-05; internal spread 1.8623e-02)
Bubble energy balance: P_in=-1.965209e+03 P_out=-1.965209e+03 resid=8.490e-15
Writing output for iteration 85...
Iteration 86
[it 86] energy J(local)=[2.2783 2.2997 2.2747]
Maximum Self-Energy Update: 0.2308073725990236
Contact Current Difference: 0.0
Current Conservation abs: 0.0015775673027746961
Current Conservation rel: 2.6807878313628014e-06
Phonon: rel Sigma^R residual 2.8141e-04; lead balance 1.2816e-02 (best 1.3835e-05; internal spread 1.8575e-02)
Bubble energy balance: P_in=-1.965271e+03 P_out=-1.965271e+03 resid=2.886e-15
Writing output for iteration 86...
Iteration 87
[it 87] energy J(local)=[2.2783 2.2997 2.2747]
Maximum Self-Energy Update: 0.2420643870311815
Contact Current Difference: 0.0
Current Conservation abs: 0.001614006835325199
Current Conservation rel: 2.742628410644608e-06
Phonon: rel Sigma^R residual 2.9513e-04; lead balance 1.2812e-02 (best 1.3835e-05; internal spread 1.8528e-02)
Bubble energy balance: P_in=-1.965334e+03 P_out=-1.965334e+03 resid=1.497e-15
Writing output for iteration 87...
Iteration 88
[it 88] energy J(local)=[2.2783 2.2998 2.2747]
Maximum Self-Energy Update: 0.0742179221998561
Contact Current Difference: 0.0
Current Conservation abs: 0.0018540595588092401
Current Conservation rel: 3.1514265854767997e-06
Phonon: rel Sigma^R residual 9.0492e-05; lead balance 1.2873e-02 (best 1.3835e-05; internal spread 1.8257e-02)
Bubble energy balance: P_in=-1.964725e+03 P_out=-1.964725e+03 resid=3.169e-15
Writing output for iteration 88...
Iteration 89
[it 89] energy J(local)=[2.2783 2.2998 2.2746]
Maximum Self-Energy Update: 0.07568417509139043
Contact Current Difference: 0.0
Current Conservation abs: 0.001881795900430916
Current Conservation rel: 3.19854797340426e-06
Phonon: rel Sigma^R residual 9.2280e-05; lead balance 1.2868e-02 (best 1.3835e-05; internal spread 1.8212e-02)
Bubble energy balance: P_in=-1.964747e+03 P_out=-1.964747e+03 resid=3.370e-15
Writing output for iteration 89...
Iteration 90
[it 90] energy J(local)=[2.2783 2.2998 2.2746]
Maximum Self-Energy Update: 0.07946535429078166
Contact Current Difference: 0.0
Current Conservation abs: 0.001910369074494156
Current Conservation rel: 3.247084867489668e-06
Phonon: rel Sigma^R residual 9.6890e-05; lead balance 1.2862e-02 (best 1.3835e-05; internal spread 1.8167e-02)
Bubble energy balance: P_in=-1.964771e+03 P_out=-1.964771e+03 resid=6.586e-15
Writing output for iteration 90...
Iteration 91
[it 91] energy J(local)=[2.2783 2.2998 2.2746]
Maximum Self-Energy Update: 0.08339748190206982
Contact Current Difference: 0.0
Current Conservation abs: 0.0019394966407730863
Current Conservation rel: 3.2965579479011384e-06
Phonon: rel Sigma^R residual 1.0168e-04; lead balance 1.2856e-02 (best 1.3835e-05; internal spread 1.8122e-02)
Bubble energy balance: P_in=-1.964797e+03 P_out=-1.964797e+03 resid=1.216e-15
Writing output for iteration 91...
Iteration 92
[it 92] energy J(local)=[2.2783 2.2998 2.2746]
Maximum Self-Energy Update: 0.08736706310324827
Contact Current Difference: 0.0
Current Conservation abs: 0.001968965163939629
Current Conservation rel: 3.3466050819997453e-06
Phonon: rel Sigma^R residual 1.0652e-04; lead balance 1.2849e-02 (best 1.3835e-05; internal spread 1.8078e-02)
Bubble energy balance: P_in=-1.964825e+03 P_out=-1.964825e+03 resid=4.259e-15
Writing output for iteration 92...
Iteration 93
[it 93] energy J(local)=[2.2783 2.2998 2.2746]
Maximum Self-Energy Update: 0.09135138574055898
Contact Current Difference: 0.0
Current Conservation abs: 0.0019986138333933923
Current Conservation rel: 3.396953481343412e-06
Phonon: rel Sigma^R residual 1.1138e-04; lead balance 1.2842e-02 (best 1.3835e-05; internal spread 1.8034e-02)
Bubble energy balance: P_in=-1.964854e+03 P_out=-1.964854e+03 resid=6.416e-15
Writing output for iteration 93...
Iteration 94
[it 94] energy J(local)=[2.2783 2.2999 2.2746]
Maximum Self-Energy Update: 0.09536933866482192
Contact Current Difference: 0.0
Current Conservation abs: 0.0020283220177361727
Current Conservation rel: 3.4473985500371774e-06
Phonon: rel Sigma^R residual 1.1628e-04; lead balance 1.2835e-02 (best 1.3835e-05; internal spread 1.7990e-02)
Bubble energy balance: P_in=-1.964884e+03 P_out=-1.964884e+03 resid=4.595e-15
Writing output for iteration 94...
Iteration 95
[it 95] energy J(local)=[2.2783 2.2999 2.2746]
Maximum Self-Energy Update: 0.09945612486404834
Contact Current Difference: 0.0
Current Conservation abs: 0.0020579998054586213
Current Conservation rel: 3.4977878115360144e-06
Phonon: rel Sigma^R residual 1.2126e-04; lead balance 1.2827e-02 (best 1.3835e-05; internal spread 1.7947e-02)
Bubble energy balance: P_in=-1.964916e+03 P_out=-1.964916e+03 resid=4.961e-15
Writing output for iteration 95...
Iteration 96
[it 96] energy J(local)=[2.2783 2.3001 2.2744]
Maximum Self-Energy Update: 0.04693506826748196
Contact Current Difference: 0.0
Current Conservation abs: 0.002682773373805958
Current Conservation rel: 4.559385727393723e-06
Phonon: rel Sigma^R residual 5.7225e-05; lead balance 1.2758e-02 (best 1.3835e-05; internal spread 1.6925e-02)
Bubble energy balance: P_in=-1.964999e+03 P_out=-1.964999e+03 resid=2.754e-15
Writing output for iteration 96...
Iteration 97
[it 97] energy J(local)=[2.2783 2.3001 2.2744]
Maximum Self-Energy Update: 0.04632661695854436
Contact Current Difference: 0.0
Current Conservation abs: 0.0027380875919789105
Current Conservation rel: 4.653400171806388e-06
Phonon: rel Sigma^R residual 5.6483e-05; lead balance 1.2743e-02 (best 1.3835e-05; internal spread 1.6882e-02)
Bubble energy balance: P_in=-1.965004e+03 P_out=-1.965004e+03 resid=4.140e-15
Writing output for iteration 97...
Iteration 98
[it 98] energy J(local)=[2.2783 2.3002 2.2744]
Maximum Self-Energy Update: 0.04857638756776234
Contact Current Difference: 0.0
Current Conservation abs: 0.0027850181497797166
Current Conservation rel: 4.7331550686121904e-06
Phonon: rel Sigma^R residual 5.9226e-05; lead balance 1.2727e-02 (best 1.3835e-05; internal spread 1.6840e-02)
Bubble energy balance: P_in=-1.965012e+03 P_out=-1.965012e+03 resid=6.914e-15
Writing output for iteration 98...
Iteration 99
[it 99] energy J(local)=[2.2783 2.3002 2.2744]
Maximum Self-Energy Update: 0.0515575608011582
Contact Current Difference: 0.0
Current Conservation abs: 0.0028255844157456522
Current Conservation rel: 4.80208406458157e-06
Phonon: rel Sigma^R residual 6.2861e-05; lead balance 1.2712e-02 (best 1.3835e-05; internal spread 1.6799e-02)
Bubble energy balance: P_in=-1.965023e+03 P_out=-1.965023e+03 resid=5.618e-15
Writing output for iteration 99...
Iteration 100
[it 100] energy J(local)=[2.2783 2.3002 2.2744]
Maximum Self-Energy Update: 0.05417324677741124
Contact Current Difference: 0.0
Current Conservation abs: 0.002861306221632276
Current Conservation rel: 4.862771745032269e-06
Phonon: rel Sigma^R residual 6.6050e-05; lead balance 1.2696e-02 (best 1.3835e-05; internal spread 1.6759e-02)
Bubble energy balance: P_in=-1.965035e+03 P_out=-1.965035e+03 resid=4.055e-15
Writing output for iteration 100...
Iteration 101
[it 101] energy J(local)=[2.2783 2.3002 2.2744]
Maximum Self-Energy Update: 0.056427257279173304
Contact Current Difference: 0.0
Current Conservation abs: 0.0028933273540587834
Current Conservation rel: 4.917163428602323e-06
Phonon: rel Sigma^R residual 6.8798e-05; lead balance 1.2681e-02 (best 1.3835e-05; internal spread 1.6720e-02)
Bubble energy balance: P_in=-1.965049e+03 P_out=-1.965049e+03 resid=1.786e-15
Writing output for iteration 101...
Iteration 102
[it 102] energy J(local)=[2.2783 2.3002 2.2744]
Maximum Self-Energy Update: 0.05832961833804984
Contact Current Difference: 0.0
Current Conservation abs: 0.002922508642654975
Current Conservation rel: 4.966723339801044e-06
Phonon: rel Sigma^R residual 7.1117e-05; lead balance 1.2665e-02 (best 1.3835e-05; internal spread 1.6682e-02)
Bubble energy balance: P_in=-1.965065e+03 P_out=-1.965065e+03 resid=7.602e-15
Writing output for iteration 102...
Iteration 103
[it 103] energy J(local)=[2.2783 2.3002 2.2744]
Maximum Self-Energy Update: 0.059895666022234686
Contact Current Difference: 0.0
Current Conservation abs: 0.002949498107227555
Current Conservation rel: 5.012553821831936e-06
Phonon: rel Sigma^R residual 7.3026e-05; lead balance 1.2649e-02 (best 1.3835e-05; internal spread 1.6644e-02)
Bubble energy balance: P_in=-1.965082e+03 P_out=-1.965082e+03 resid=7.613e-16
Writing output for iteration 103...
Iteration 104
[it 104] energy J(local)=[2.2784 2.3005 2.2742]
Maximum Self-Energy Update: 0.040521452978052076
Contact Current Difference: 0.0
Current Conservation abs: 0.004973166753018177
Current Conservation rel: 8.449756956514513e-06
Phonon: rel Sigma^R residual 4.9401e-05; lead balance 1.2045e-02 (best 1.3835e-05; internal spread 1.4926e-02)
Bubble energy balance: P_in=-1.965547e+03 P_out=-1.965547e+03 resid=2.212e-15
Writing output for iteration 104...
Iteration 105
[it 105] energy J(local)=[2.2784 2.3005 2.2742]
Maximum Self-Energy Update: 0.03721447338896924
Contact Current Difference: 0.0
Current Conservation abs: 0.004723133232175769
Current Conservation rel: 8.024975625594628e-06
Phonon: rel Sigma^R residual 4.5369e-05; lead balance 1.2026e-02 (best 1.3835e-05; internal spread 1.4928e-02)
Bubble energy balance: P_in=-1.965545e+03 P_out=-1.965545e+03 resid=1.992e-15
Writing output for iteration 105...
Iteration 106
[it 106] energy J(local)=[2.2784 2.3006 2.2742]
Maximum Self-Energy Update: 0.03543190262577636
Contact Current Difference: 0.0
Current Conservation abs: 0.004536821338149366
Current Conservation rel: 7.708431355370698e-06
Phonon: rel Sigma^R residual 4.3196e-05; lead balance 1.2006e-02 (best 1.3835e-05; internal spread 1.4921e-02)
Bubble energy balance: P_in=-1.965547e+03 P_out=-1.965547e+03 resid=7.468e-15
Writing output for iteration 106...
Iteration 107
[it 107] energy J(local)=[2.2784 2.3006 2.2742]
Maximum Self-Energy Update: 0.034735184148184835
Contact Current Difference: 0.0
Current Conservation abs: 0.004398649836048207
Current Conservation rel: 7.473660938813318e-06
Phonon: rel Sigma^R residual 4.2347e-05; lead balance 1.1985e-02 (best 1.3835e-05; internal spread 1.4909e-02)
Bubble energy balance: P_in=-1.965553e+03 P_out=-1.965553e+03 resid=7.669e-15
Writing output for iteration 107...
Iteration 108
[it 108] energy J(local)=[2.2784 2.3006 2.2742]
Maximum Self-Energy Update: 0.03478329745937929
Contact Current Difference: 0.0
Current Conservation abs: 0.004296836720016017
Current Conservation rel: 7.300652576373895e-06
Phonon: rel Sigma^R residual 4.2405e-05; lead balance 1.1963e-02 (best 1.3835e-05; internal spread 1.4892e-02)
Bubble energy balance: P_in=-1.965561e+03 P_out=-1.965561e+03 resid=1.298e-15
Writing output for iteration 108...
Iteration 109
[it 109] energy J(local)=[2.2784 2.3006 2.2742]
Maximum Self-Energy Update: 0.035313347391852046
Contact Current Difference: 0.0
Current Conservation abs: 0.004222472498554453
Current Conservation rel: 7.174272779999131e-06
Phonon: rel Sigma^R residual 4.3052e-05; lead balance 1.1940e-02 (best 1.3835e-05; internal spread 1.4873e-02)
Bubble energy balance: P_in=-1.965571e+03 P_out=-1.965571e+03 resid=1.062e-14
Writing output for iteration 109...
Iteration 110
[it 110] energy J(local)=[2.2784 2.3006 2.2742]
Maximum Self-Energy Update: 0.03612610679596437
Contact Current Difference: 0.0
Current Conservation abs: 0.004168819922483635
Current Conservation rel: 7.083077420891367e-06
Phonon: rel Sigma^R residual 4.4042e-05; lead balance 1.1917e-02 (best 1.3835e-05; internal spread 1.4851e-02)
Bubble energy balance: P_in=-1.965583e+03 P_out=-1.965583e+03 resid=2.616e-16
Writing output for iteration 110...
Iteration 111
[it 111] energy J(local)=[2.2784 2.3006 2.2742]
Maximum Self-Energy Update: 0.037074054091779475
Contact Current Difference: 0.0
Current Conservation abs: 0.004130784648964436
Current Conservation rel: 7.018412861515186e-06
Phonon: rel Sigma^R residual 4.5198e-05; lead balance 1.1894e-02 (best 1.3835e-05; internal spread 1.4827e-02)
Bubble energy balance: P_in=-1.965596e+03 P_out=-1.965596e+03 resid=1.003e-14
Writing output for iteration 111...
Iteration 112
[it 112] energy J(local)=[2.2784 2.3006 2.2742]
Maximum Self-Energy Update: 0.036237827464618975
Contact Current Difference: 0.0
Current Conservation abs: 0.002754237647025093
Current Conservation rel: 4.67949450471304e-06
Phonon: rel Sigma^R residual 4.4178e-05; lead balance 1.1755e-02 (best 1.3835e-05; internal spread 1.4766e-02)
Bubble energy balance: P_in=-1.965641e+03 P_out=-1.965641e+03 resid=2.639e-15
Writing output for iteration 112...
Iteration 113
[it 113] energy J(local)=[2.2784 2.3006 2.2742]
Maximum Self-Energy Update: 0.03336585175181817
Contact Current Difference: 0.0
Current Conservation abs: 0.00308699067153384
Current Conservation rel: 5.244789993165498e-06
Phonon: rel Sigma^R residual 4.0677e-05; lead balance 1.1723e-02 (best 1.3835e-05; internal spread 1.4699e-02)
Bubble energy balance: P_in=-1.965662e+03 P_out=-1.965662e+03 resid=9.905e-15
Writing output for iteration 113...
Iteration 114
[it 114] energy J(local)=[2.2784 2.3006 2.2742]
Maximum Self-Energy Update: 0.031163384039837518
Contact Current Difference: 0.0
Current Conservation abs: 0.003340798164288117
Current Conservation rel: 5.6759578503357585e-06
Phonon: rel Sigma^R residual 3.7992e-05; lead balance 1.1693e-02 (best 1.3835e-05; internal spread 1.4641e-02)
Bubble energy balance: P_in=-1.965680e+03 P_out=-1.965680e+03 resid=4.616e-15
Writing output for iteration 114...
Iteration 115
[it 115] energy J(local)=[2.2784 2.3006 2.2741]
Maximum Self-Energy Update: 0.031833128726387494
Contact Current Difference: 0.0
Current Conservation abs: 0.0035348368936070074
Current Conservation rel: 6.005581662891946e-06
Phonon: rel Sigma^R residual 3.8808e-05; lead balance 1.1664e-02 (best 1.3835e-05; internal spread 1.4591e-02)
Bubble energy balance: P_in=-1.965696e+03 P_out=-1.965696e+03 resid=5.984e-15
Writing output for iteration 115...
Iteration 116
[it 116] energy J(local)=[2.2784 2.3006 2.2741]
Maximum Self-Energy Update: 0.03528966159092096
Contact Current Difference: 0.0
Current Conservation abs: 0.003683622524590646
Current Conservation rel: 6.258324022019925e-06
Phonon: rel Sigma^R residual 4.3022e-05; lead balance 1.1636e-02 (best 1.3835e-05; internal spread 1.4546e-02)
Bubble energy balance: P_in=-1.965710e+03 P_out=-1.965710e+03 resid=4.994e-15
Writing output for iteration 116...
Iteration 117
[it 117] energy J(local)=[2.2784 2.3006 2.2741]
Maximum Self-Energy Update: 0.03841178746756193
Contact Current Difference: 0.0
Current Conservation abs: 0.003798141766651497
Current Conservation rel: 6.452851022590823e-06
Phonon: rel Sigma^R residual 4.6828e-05; lead balance 1.1609e-02 (best 1.3835e-05; internal spread 1.4506e-02)
Bubble energy balance: P_in=-1.965723e+03 P_out=-1.965723e+03 resid=2.171e-15
Writing output for iteration 117...
Iteration 118
[it 118] energy J(local)=[2.2784 2.3006 2.2741]
Maximum Self-Energy Update: 0.04056988356860922
Contact Current Difference: 0.0
Current Conservation abs: 0.0038867098598416305
Current Conservation rel: 6.603289639289898e-06
Phonon: rel Sigma^R residual 4.9459e-05; lead balance 1.1582e-02 (best 1.3835e-05; internal spread 1.4469e-02)
Bubble energy balance: P_in=-1.965735e+03 P_out=-1.965735e+03 resid=1.969e-15
Writing output for iteration 118...
Iteration 119
[it 119] energy J(local)=[2.2784 2.3006 2.2741]
Maximum Self-Energy Update: 0.0419590375311973
Contact Current Difference: 0.0
Current Conservation abs: 0.003955619907287655
Current Conservation rel: 6.720331190379749e-06
Phonon: rel Sigma^R residual 5.1153e-05; lead balance 1.1555e-02 (best 1.3835e-05; internal spread 1.4434e-02)
Bubble energy balance: P_in=-1.965747e+03 P_out=-1.965747e+03 resid=4.825e-15
Writing output for iteration 119...
Iteration 120
[it 120] energy J(local)=[2.2784 2.3007 2.2741]
Maximum Self-Energy Update: 0.02486550084801318
Contact Current Difference: 0.0
Current Conservation abs: 0.004278520124159968
Current Conservation rel: 7.268373634187398e-06
Phonon: rel Sigma^R residual 3.0313e-05; lead balance 1.1028e-02 (best 1.3835e-05; internal spread 1.3815e-02)
Bubble energy balance: P_in=-1.965931e+03 P_out=-1.965931e+03 resid=3.059e-15
Writing output for iteration 120...
Iteration 121
[it 121] energy J(local)=[2.2784 2.3007 2.2741]
Maximum Self-Energy Update: 0.025277801897573643
Contact Current Difference: 0.0
Current Conservation abs: 0.004299465452788809
Current Conservation rel: 7.303909912144914e-06
Phonon: rel Sigma^R residual 3.0816e-05; lead balance 1.1002e-02 (best 1.3835e-05; internal spread 1.3788e-02)
Bubble energy balance: P_in=-1.965945e+03 P_out=-1.965945e+03 resid=3.199e-15
Writing output for iteration 121...
Iteration 122
[it 122] energy J(local)=[2.2784 2.3007 2.2741]
Maximum Self-Energy Update: 0.024913549794768893
Contact Current Difference: 0.0
Current Conservation abs: 0.004316757329377197
Current Conservation rel: 7.3332403439033436e-06
Phonon: rel Sigma^R residual 3.0371e-05; lead balance 1.0975e-02 (best 1.3835e-05; internal spread 1.3761e-02)
Bubble energy balance: P_in=-1.965958e+03 P_out=-1.965958e+03 resid=1.072e-14
Writing output for iteration 122...
Iteration 123
[it 123] energy J(local)=[2.2784 2.3007 2.2741]
Maximum Self-Energy Update: 0.023971607789060254
Contact Current Difference: 0.0
Current Conservation abs: 0.0043312515357456505
Current Conservation rel: 7.357819079483825e-06
Phonon: rel Sigma^R residual 2.9223e-05; lead balance 1.0949e-02 (best 1.3835e-05; internal spread 1.3734e-02)
Bubble energy balance: P_in=-1.965971e+03 P_out=-1.965971e+03 resid=1.969e-15
Writing output for iteration 123...
Iteration 124
[it 124] energy J(local)=[2.2784 2.3007 2.2741]
Maximum Self-Energy Update: 0.02496569874596735
Contact Current Difference: 0.0
Current Conservation abs: 0.0043435961213162955
Current Conservation rel: 7.378747220008916e-06
Phonon: rel Sigma^R residual 3.0435e-05; lead balance 1.0922e-02 (best 1.3835e-05; internal spread 1.3709e-02)
Bubble energy balance: P_in=-1.965984e+03 P_out=-1.965984e+03 resid=5.849e-15
Writing output for iteration 124...
Iteration 125
[it 125] energy J(local)=[2.2784 2.3007 2.2741]
Maximum Self-Energy Update: 0.027092149736251816
Contact Current Difference: 0.0
Current Conservation abs: 0.004354282394274378
Current Conservation rel: 7.396859480613363e-06
Phonon: rel Sigma^R residual 3.3027e-05; lead balance 1.0896e-02 (best 1.3835e-05; internal spread 1.3683e-02)
Bubble energy balance: P_in=-1.965997e+03 P_out=-1.965997e+03 resid=9.445e-15
Writing output for iteration 125...
Iteration 126
[it 126] energy J(local)=[2.2784 2.3007 2.2741]
Maximum Self-Energy Update: 0.02879692783784314
Contact Current Difference: 0.0
Current Conservation abs: 0.004363683353119541
Current Conservation rel: 7.412789509619177e-06
Phonon: rel Sigma^R residual 3.5105e-05; lead balance 1.0869e-02 (best 1.3835e-05; internal spread 1.3658e-02)
Bubble energy balance: P_in=-1.966009e+03 P_out=-1.966009e+03 resid=7.671e-15
Writing output for iteration 126...
Iteration 127
[it 127] energy J(local)=[2.2784 2.3007 2.2741]
Maximum Self-Energy Update: 0.03012793696617062
Contact Current Difference: 0.0
Current Conservation abs: 0.004372082660381693
Current Conservation rel: 7.427019134201306e-06
Phonon: rel Sigma^R residual 3.6728e-05; lead balance 1.0843e-02 (best 1.3835e-05; internal spread 1.3633e-02)
Bubble energy balance: P_in=-1.966021e+03 P_out=-1.966021e+03 resid=4.925e-15
Writing output for iteration 127...
Iteration 128
[it 128] energy J(local)=[2.2785 2.3008 2.274 ]
Maximum Self-Energy Update: 0.02104448864125485
Contact Current Difference: 0.0
Current Conservation abs: 0.005074361818856232
Current Conservation rel: 8.618733698941857e-06
Phonon: rel Sigma^R residual 2.5653e-05; lead balance 9.8646e-03 (best 1.3835e-05; internal spread 1.2650e-02)
Bubble energy balance: P_in=-1.966370e+03 P_out=-1.966370e+03 resid=2.773e-15
Writing output for iteration 128...
Iteration 129
[it 129] energy J(local)=[2.2784 2.3008 2.274 ]
Maximum Self-Energy Update: 0.017485002792211764
Contact Current Difference: 0.0
Current Conservation abs: 0.004960027127424382
Current Conservation rel: 8.424532233452849e-06
Phonon: rel Sigma^R residual 2.1314e-05; lead balance 9.8407e-03 (best 1.3835e-05; internal spread 1.2643e-02)
Bubble energy balance: P_in=-1.966375e+03 P_out=-1.966375e+03 resid=1.350e-14
Writing output for iteration 129...
Iteration 130
[it 130] energy J(local)=[2.2784 2.3008 2.274 ]
Maximum Self-Energy Update: 0.016484457923725087
Contact Current Difference: 0.0
Current Conservation abs: 0.004874141655875519
Current Conservation rel: 8.278641664871783e-06
Phonon: rel Sigma^R residual 2.0095e-05; lead balance 9.8162e-03 (best 1.3835e-05; internal spread 1.2632e-02)
Bubble energy balance: P_in=-1.966382e+03 P_out=-1.966382e+03 resid=4.571e-15
Writing output for iteration 130...
Iteration 131
[it 131] energy J(local)=[2.2784 2.3008 2.274 ]
Maximum Self-Energy Update: 0.016779785471247505
Contact Current Difference: 0.0
Current Conservation abs: 0.004809765679169686
Current Conservation rel: 8.169278121692068e-06
Phonon: rel Sigma^R residual 2.0455e-05; lead balance 9.7913e-03 (best 1.3835e-05; internal spread 1.2619e-02)
Bubble energy balance: P_in=-1.966389e+03 P_out=-1.966389e+03 resid=1.122e-14
Writing output for iteration 131...
Iteration 132
[it 132] energy J(local)=[2.2784 2.3009 2.274 ]
Maximum Self-Energy Update: 0.017660797079772635
Contact Current Difference: 0.0
Current Conservation abs: 0.004761646633426153
Current Conservation rel: 8.087522388496928e-06
Phonon: rel Sigma^R residual 2.1529e-05; lead balance 9.7662e-03 (best 1.3835e-05; internal spread 1.2604e-02)
Bubble energy balance: P_in=-1.966398e+03 P_out=-1.966398e+03 resid=2.336e-15
Writing output for iteration 132...
Iteration 133
[it 133] energy J(local)=[2.2784 2.3009 2.274 ]
Maximum Self-Energy Update: 0.018547167799522604
Contact Current Difference: 0.0
Current Conservation abs: 0.0047258092388346995
Current Conservation rel: 8.026624045896966e-06
Phonon: rel Sigma^R residual 2.2609e-05; lead balance 9.7407e-03 (best 1.3835e-05; internal spread 1.2588e-02)
Bubble energy balance: P_in=-1.966407e+03 P_out=-1.966407e+03 resid=1.127e-14
Writing output for iteration 133...
Iteration 134
[it 134] energy J(local)=[2.2784 2.3009 2.274 ]
Maximum Self-Energy Update: 0.01938301421250769
Contact Current Difference: 0.0
Current Conservation abs: 0.004699245259871532
Current Conservation rel: 7.981474730789051e-06
Phonon: rel Sigma^R residual 2.3628e-05; lead balance 9.7152e-03 (best 1.3835e-05; internal spread 1.2571e-02)
Bubble energy balance: P_in=-1.966416e+03 P_out=-1.966416e+03 resid=5.678e-15
Writing output for iteration 134...
Iteration 135
[it 135] energy J(local)=[2.2784 2.3009 2.274 ]
Maximum Self-Energy Update: 0.02013315209824842
Contact Current Difference: 0.0
Current Conservation abs: 0.004679678633635831
Current Conservation rel: 7.948209340768218e-06
Phonon: rel Sigma^R residual 2.4542e-05; lead balance 9.6895e-03 (best 1.3835e-05; internal spread 1.2553e-02)
Bubble energy balance: P_in=-1.966426e+03 P_out=-1.966426e+03 resid=3.805e-15
Writing output for iteration 135...
Iteration 136
[it 136] energy J(local)=[2.2784 2.3009 2.274 ]
Maximum Self-Energy Update: 0.017781347828655716
Contact Current Difference: 0.0
Current Conservation abs: 0.004382026809139461
Current Conservation rel: 7.442520412118002e-06
Phonon: rel Sigma^R residual 2.1675e-05; lead balance 9.5146e-03 (best 1.3835e-05; internal spread 1.2445e-02)
Bubble energy balance: P_in=-1.966473e+03 P_out=-1.966473e+03 resid=5.674e-15
Writing output for iteration 136...
Iteration 137
[it 137] energy J(local)=[2.2784 2.3009 2.274 ]
Maximum Self-Energy Update: 0.014912925614835986
Contact Current Difference: 0.0
Current Conservation abs: 0.004443923031033137
Current Conservation rel: 7.547609540545136e-06
Phonon: rel Sigma^R residual 1.8179e-05; lead balance 9.4877e-03 (best 1.3835e-05; internal spread 1.2418e-02)
Bubble energy balance: P_in=-1.966484e+03 P_out=-1.966484e+03 resid=1.119e-14
Writing output for iteration 137...
Iteration 138
[it 138] energy J(local)=[2.2784 2.3009 2.274 ]
Maximum Self-Energy Update: 0.014742288003030053
Contact Current Difference: 0.0
Current Conservation abs: 0.004491222638932868
Current Conservation rel: 7.627908996667713e-06
Phonon: rel Sigma^R residual 1.7971e-05; lead balance 9.4610e-03 (best 1.3835e-05; internal spread 1.2392e-02)
Bubble energy balance: P_in=-1.966495e+03 P_out=-1.966495e+03 resid=1.554e-15
Writing output for iteration 138...
Iteration 139
[it 139] energy J(local)=[2.2784 2.3009 2.274 ]
Maximum Self-Energy Update: 0.015217503341460171
Contact Current Difference: 0.0
Current Conservation abs: 0.004527450966122615
Current Conservation rel: 7.689406137123492e-06
Phonon: rel Sigma^R residual 1.8550e-05; lead balance 9.4345e-03 (best 1.3835e-05; internal spread 1.2369e-02)
Bubble energy balance: P_in=-1.966505e+03 P_out=-1.966505e+03 resid=4.706e-15
Writing output for iteration 139...
Iteration 140
[it 140] energy J(local)=[2.2784 2.3009 2.274 ]
Maximum Self-Energy Update: 0.016950523825390033
Contact Current Difference: 0.0
Current Conservation abs: 0.004555278252723838
Current Conservation rel: 7.736635989061967e-06
Phonon: rel Sigma^R residual 2.0662e-05; lead balance 9.4082e-03 (best 1.3835e-05; internal spread 1.2346e-02)
Bubble energy balance: P_in=-1.966515e+03 P_out=-1.966515e+03 resid=4.460e-15
Writing output for iteration 140...
Iteration 141
[it 141] energy J(local)=[2.2784 2.3009 2.274 ]
Maximum Self-Energy Update: 0.01830519128754953
Contact Current Difference: 0.0
Current Conservation abs: 0.004576727344442588
Current Conservation rel: 7.773034029550094e-06
Phonon: rel Sigma^R residual 2.2314e-05; lead balance 9.3821e-03 (best 1.3835e-05; internal spread 1.2324e-02)
Bubble energy balance: P_in=-1.966524e+03 P_out=-1.966524e+03 resid=1.876e-15
Writing output for iteration 141...
Iteration 142
[it 142] energy J(local)=[2.2784 2.3009 2.274 ]
Maximum Self-Energy Update: 0.01933996454682334
Contact Current Difference: 0.0
Current Conservation abs: 0.004593330934028472
Current Conservation rel: 7.801203257461992e-06
Phonon: rel Sigma^R residual 2.3575e-05; lead balance 9.3561e-03 (best 1.3835e-05; internal spread 1.2303e-02)
Bubble energy balance: P_in=-1.966534e+03 P_out=-1.966534e+03 resid=8.162e-15
Writing output for iteration 142...
Iteration 143
[it 143] energy J(local)=[2.2784 2.3009 2.274 ]
Maximum Self-Energy Update: 0.020105836903463202
Contact Current Difference: 0.0
Current Conservation abs: 0.004606250575136528
Current Conservation rel: 7.823116333481163e-06
Phonon: rel Sigma^R residual 2.4509e-05; lead balance 9.3303e-03 (best 1.3835e-05; internal spread 1.2283e-02)
Bubble energy balance: P_in=-1.966543e+03 P_out=-1.966543e+03 resid=4.736e-15
Writing output for iteration 143...
Iteration 144
[it 144] energy J(local)=[2.2784 2.3008 2.274 ]
Maximum Self-Energy Update: 0.018985640389702237
Contact Current Difference: 0.0
Current Conservation abs: 0.0038355565433221273
Current Conservation rel: 6.5146284441478815e-06
Phonon: rel Sigma^R residual 2.3144e-05; lead balance 9.8046e-03 (best 1.3835e-05; internal spread 1.2723e-02)
Bubble energy balance: P_in=-1.966382e+03 P_out=-1.966382e+03 resid=4.389e-15
Writing output for iteration 144...
Iteration 145
[it 145] energy J(local)=[2.2784 2.3008 2.274 ]
Maximum Self-Energy Update: 0.017397980006609894
Contact Current Difference: 0.0
Current Conservation abs: 0.0040257783859374285
Current Conservation rel: 6.837666484870181e-06
Phonon: rel Sigma^R residual 2.1208e-05; lead balance 9.7748e-03 (best 1.3835e-05; internal spread 1.2680e-02)
Bubble energy balance: P_in=-1.966396e+03 P_out=-1.966396e+03 resid=3.895e-15
Writing output for iteration 145...
Iteration 146
[it 146] energy J(local)=[2.2784 2.3008 2.274 ]
Maximum Self-Energy Update: 0.016187262095111066
Contact Current Difference: 0.0
Current Conservation abs: 0.004170297869279693
Current Conservation rel: 7.083085112019358e-06
Phonon: rel Sigma^R residual 1.9732e-05; lead balance 9.7458e-03 (best 1.3835e-05; internal spread 1.2643e-02)
Bubble energy balance: P_in=-1.966409e+03 P_out=-1.966409e+03 resid=6.770e-15
Writing output for iteration 146...
Iteration 147
[it 147] energy J(local)=[2.2784 2.3008 2.274 ]
Maximum Self-Energy Update: 0.017243067846854993
Contact Current Difference: 0.0
Current Conservation abs: 0.004280194197974652
Current Conservation rel: 7.269701706404687e-06
Phonon: rel Sigma^R residual 2.1019e-05; lead balance 9.7176e-03 (best 1.3835e-05; internal spread 1.2610e-02)
Bubble energy balance: P_in=-1.966421e+03 P_out=-1.966421e+03 resid=9.055e-15
Writing output for iteration 147...
Iteration 148
[it 148] energy J(local)=[2.2784 2.3009 2.274 ]
Maximum Self-Energy Update: 0.01939833682947517
Contact Current Difference: 0.0
Current Conservation abs: 0.004363858816304855
Current Conservation rel: 7.411768197198549e-06
Phonon: rel Sigma^R residual 2.3647e-05; lead balance 9.6898e-03 (best 1.3835e-05; internal spread 1.2580e-02)
Bubble energy balance: P_in=-1.966432e+03 P_out=-1.966432e+03 resid=3.818e-15
Writing output for iteration 148...
Iteration 149
[it 149] energy J(local)=[2.2784 2.3009 2.274 ]
Maximum Self-Energy Update: 0.021055121842985115
Contact Current Difference: 0.0
Current Conservation abs: 0.004427647379088739
Current Conservation rel: 7.520078704457679e-06
Phonon: rel Sigma^R residual 2.5666e-05; lead balance 9.6625e-03 (best 1.3835e-05; internal spread 1.2553e-02)
Bubble energy balance: P_in=-1.966442e+03 P_out=-1.966442e+03 resid=7.600e-15
Writing output for iteration 149...
SCBA did not converge after 149 iterations.
SAVED /usr/scratch/mont-fort11/pfischill/quatrex/phonon/studies/out/d5a_bisect/ircut_rre/run.npz  final_heat=[2.278 2.301 2.274]  best=[7.139 6.773 7.139]  best_cons=1.3835156535325284e-05
