
     Program PHONON v.7.5 starts on 30May2026 at 18:47:16 
        Git branch: HEAD
        Last git commit: 770a0b2d12928a67048e2f3da8d10d057e52179e
        Last git commit date: Tue Aug 19 09:57:12 2025 +0000
        Last git commit subject: Merge branch 'QE-7.5-RC' into 'master'

     This program is part of the open-source Quantum ESPRESSO suite
     for quantum simulation of materials; please cite
         "P. Giannozzi et al., J. Phys.:Condens. Matter 21 395502 (2009);
         "P. Giannozzi et al., J. Phys.:Condens. Matter 29 465901 (2017);
         "P. Giannozzi et al., J. Chem. Phys. 152 154105 (2020);
          URL http://www.quantum-espresso.org", 
     in publications or presentations arising from this work. More details at
     http://www.quantum-espresso.org/quote

     Parallel version (MPI), running on     1 processors

     MPI processes distributed on     1 nodes
     456005 MiB available memory on the printing compute node when the environment starts

     Reading input from ph.in

     Reading xml data from directory:

     ./results/dfpt_fc.save/

     Subspace diagonalization in iterative solution of the eigenvalue problem:
     a serial algorithm will be used


     IMPORTANT: XC functional enforced from input :
     Exchange-correlation= PBE
                           (   1   4   3   4   0   0   0)
     Any further DFT definition will be discarded
     Please, verify this is what you really want


     G-vector sticks info
     --------------------
     sticks:   dense  smooth     PW     G-vecs:    dense   smooth      PW
     Sum        1765     877    265                48869    17261    2891

     Using Slab Decomposition

     Reading collected, re-writing distributed wavefunctions in ./results/


     Dynamical matrices for ( 2, 2, 2)  uniform grid of q-points
     (   3 q-points):
       N         xq(1)         xq(2)         xq(3) 
       1   0.000000000   0.000000000   0.000000000
       2  -0.353553391  -0.353553391   0.353553391
       3  -0.707106781   0.000000000   0.000000000

     Number and degeneracy of irreps per q-point
       N         xq(1)         xq(2)         xq(3)   N irreps
       1   0.000000000   0.000000000   0.000000000       2
        3   3
       2  -0.353553391  -0.353553391   0.353553391       4
        1   1   2   2
       3  -0.707106781   0.000000000   0.000000000       3
        2   2   2

     Calculation of q =    0.0000000   0.0000000   0.0000000

     Phonon calculation on grid                                                 

     bravais-lattice index     =            0
     lattice parameter (alat)  =       7.3041  a.u.
     unit-cell volume          =     275.5454 (a.u.)^3
     number of atoms/cell      =            2
     number of atomic types    =            1
     kinetic-energy cut-off    =      60.0000  Ry
     charge density cut-off    =     480.0000  Ry
     convergence threshold     =      1.0E-14
     beta                      =       0.7000
     number of iterations used =            4
     Exchange-correlation= PBE
                           (   1   4   3   4   0   0   0)


     celldm(1)=    7.30415  celldm(2)=    0.00000  celldm(3)=    0.00000
     celldm(4)=    0.00000  celldm(5)=    0.00000  celldm(6)=    0.00000

     crystal axes: (cart. coord. in units of alat)
               a(1) = (  0.0000  0.7071  0.7071 )  
               a(2) = (  0.7071  0.0000  0.7071 )  
               a(3) = (  0.7071  0.7071  0.0000 )  

     reciprocal axes: (cart. coord. in units 2 pi/alat)
               b(1) = ( -0.7071  0.7071  0.7071 )  
               b(2) = (  0.7071 -0.7071  0.7071 )  
               b(3) = (  0.7071  0.7071 -0.7071 )  


     Atoms inside the unit cell: 

     Cartesian axes

     site n.  atom      mass           positions (alat units)
        1  Si     28.0855   tau(    1) = (    0.00000    0.00000    0.00000  )
        2  Si     28.0855   tau(    2) = (    0.35355    0.35355    0.35355  )

     Computing dynamical matrix for 
                    q = (   0.0000000   0.0000000   0.0000000 )

     49 Sym.Ops. (with q -> -q+G )


     G cutoff =  648.6647  (  48869 G-vectors)     FFT grid: ( 60, 60, 60)
     G cutoff =  324.3324  (  17261 G-vectors)  smooth grid: ( 40, 40, 40)

     number of k points=    29  Gaussian smearing, width (Ry)=  0.0100

     PseudoPot. # 1 for Si read from file:
     /usr/scratch/mont-fort11/pfischill/quatrex/phonon/configs/si_primitive/pseudo/Si.pbe-n-rrkjus_psl.1.0.0.UPF
     MD5 check sum: 0b0bb1205258b0d07b9f9672cf965d36
     Pseudo is Ultrasoft + core correction, Zval =  4.0
     Generated using "atomic" code by A. Dal Corso  v.5.1
     Using radial grid of 1141 points,  6 beta functions with: 
                l(1) =   0
                l(2) =   0
                l(3) =   1
                l(4) =   1
                l(5) =   2
                l(6) =   2
     Q(r) pseudized with 0 coefficients 


     Mode symmetry, O_h (m-3m)  point group:


     Atomic displacements:
     There are    2 irreducible representations

     Representation     1      3 modes -  To be done

     Representation     2      3 modes -  To be done



     Alpha used in Ewald sum =   2.8000
     PHONON       :     28.18s CPU      7.43s WALL



     Representation #   1 modes #   1   2   3

     Self-consistent Calculation

     Pert. #  1: Fermi energy shift (Ry) =     4.0477E-17     1.5046E-36
     Pert. #  2: Fermi energy shift (Ry) =    -4.6259E-18     2.6331E-36
     Pert. #  3: Fermi energy shift (Ry) =     1.5323E-17     5.5170E-36

      iter #   1 total cpu time :    12.3 secs   av.it.:   4.9
      thresh= 1.000E-02 alpha_mix =  0.700 |ddv_scf|^2 =  7.586E-09

     Pert. #  1: Fermi energy shift (Ry) =     1.3553E-20     3.2914E-37
     Pert. #  2: Fermi energy shift (Ry) =     2.0893E-20    -1.3322E-37
     Pert. #  3: Fermi energy shift (Ry) =     2.1458E-20     7.8366E-38

      iter #   2 total cpu time :    18.5 secs   av.it.:  10.4
      thresh= 8.710E-06 alpha_mix =  0.700 |ddv_scf|^2 =  5.170E-10

     Pert. #  1: Fermi energy shift (Ry) =     1.0164E-20     2.8212E-37
     Pert. #  2: Fermi energy shift (Ry) =     1.4117E-21     5.0938E-38
     Pert. #  3: Fermi energy shift (Ry) =     9.0350E-21     3.6440E-37

      iter #   3 total cpu time :    24.8 secs   av.it.:  10.1
      thresh= 2.274E-06 alpha_mix =  0.700 |ddv_scf|^2 =  2.271E-11

     Pert. #  1: Fermi energy shift (Ry) =     7.9056E-21     9.4040E-38
     Pert. #  2: Fermi energy shift (Ry) =    -2.2588E-21     1.9592E-38
     Pert. #  3: Fermi energy shift (Ry) =     5.0822E-21     7.8366E-38

      iter #   4 total cpu time :    31.0 secs   av.it.:  10.0
      thresh= 4.765E-07 alpha_mix =  0.700 |ddv_scf|^2 =  4.465E-14

     Pert. #  1: Fermi energy shift (Ry) =     2.3717E-20     9.4040E-38
     Pert. #  2: Fermi energy shift (Ry) =     0.0000E+00     1.9592E-38
     Pert. #  3: Fermi energy shift (Ry) =     4.5175E-21     7.8366E-38

      iter #   5 total cpu time :    36.9 secs   av.it.:  10.8
      thresh= 2.113E-08 alpha_mix =  0.700 |ddv_scf|^2 =  5.811E-16

     End of self-consistent calculation

     Convergence has been achieved 


     Representation #   2 modes #   4   5   6

     Self-consistent Calculation

     Pert. #  1: Fermi energy shift (Ry) =     1.4117E-22     3.5951E-33
     Pert. #  2: Fermi energy shift (Ry) =    -2.8234E-22    -1.5407E-33
     Pert. #  3: Fermi energy shift (Ry) =    -9.1762E-22    -6.1630E-33

      iter #   1 total cpu time :    44.2 secs   av.it.:   5.3
      thresh= 1.000E-02 alpha_mix =  0.700 |ddv_scf|^2 =  7.053E-09

     Pert. #  1: Fermi energy shift (Ry) =    -1.7647E-22     1.5046E-36
     Pert. #  2: Fermi energy shift (Ry) =     3.5293E-23     3.0093E-36
     Pert. #  3: Fermi energy shift (Ry) =    -5.6469E-22    -4.5139E-36

      iter #   2 total cpu time :    50.6 secs   av.it.:  10.5
      thresh= 8.398E-06 alpha_mix =  0.700 |ddv_scf|^2 =  5.472E-10

     Pert. #  1: Fermi energy shift (Ry) =    -3.5293E-22    -8.7770E-37
     Pert. #  2: Fermi energy shift (Ry) =    -5.6469E-22     3.7616E-37
     Pert. #  3: Fermi energy shift (Ry) =    -2.1176E-22     1.5046E-36

      iter #   3 total cpu time :    56.9 secs   av.it.:  10.5
      thresh= 2.339E-06 alpha_mix =  0.700 |ddv_scf|^2 =  1.931E-11

     Pert. #  1: Fermi energy shift (Ry) =     0.0000E+00    -1.0971E-37
     Pert. #  2: Fermi energy shift (Ry) =    -1.7647E-22    -2.3510E-37
     Pert. #  3: Fermi energy shift (Ry) =    -7.9409E-22    -2.9779E-37

      iter #   4 total cpu time :    63.3 secs   av.it.:  10.6
      thresh= 4.394E-07 alpha_mix =  0.700 |ddv_scf|^2 =  5.875E-14

     Pert. #  1: Fermi energy shift (Ry) =    -2.4705E-22    -4.3885E-37
     Pert. #  2: Fermi energy shift (Ry) =     1.4117E-22    -1.5673E-37
     Pert. #  3: Fermi energy shift (Ry) =     1.5882E-22     1.8808E-37

      iter #   5 total cpu time :    69.2 secs   av.it.:  10.9
      thresh= 2.424E-08 alpha_mix =  0.700 |ddv_scf|^2 =  2.394E-16

     End of self-consistent calculation

     Convergence has been achieved 

     Number of q in the star =    1
     List of q in the star:
          1   0.000000000   0.000000000   0.000000000

     Diagonalizing the dynamical matrix

     q = (    0.000000000   0.000000000   0.000000000 ) 

 **************************************************************************
     freq (    1) =      -0.176975 [THz] =      -5.903267 [cm-1]
     freq (    2) =      -0.176975 [THz] =      -5.903267 [cm-1]
     freq (    3) =      -0.176975 [THz] =      -5.903267 [cm-1]
     freq (    4) =      15.124322 [THz] =     504.493079 [cm-1]
     freq (    5) =      15.124322 [THz] =     504.493079 [cm-1]
     freq (    6) =      15.124322 [THz] =     504.493079 [cm-1]
 **************************************************************************

     Mode symmetry, O_h (m-3m)  point group:

     freq (   1-   3) =         -5.9  [cm-1]   --> T_1u G_15  G_4- I  
     freq (   4-   6) =        504.5  [cm-1]   --> T_2g G_25' G_5+ R  

     Number of q in the star =    1
     List of q in the star:
          1   0.000000000   0.000000000   0.000000000
       Writing drho for q = (  0.000000  0.000000  0.000000) on file "drho.0_0_0"

     Calculation of q =   -0.3535534  -0.3535534   0.3535534

     G-vector sticks info
     --------------------
     sticks:   dense  smooth     PW     G-vecs:    dense   smooth      PW
     Sum        1765     877    301                48869    17261    3479

     Using Slab Decomposition


     Title: 
     Phonon calculation on grid                                                 


     bravais-lattice index     =            0
     lattice parameter (alat)  =       7.3041  a.u.
     unit-cell volume          =     275.5454 (a.u.)^3
     number of atoms/cell      =            2
     number of atomic types    =            1
     number of electrons       =         8.00
     number of Kohn-Sham states=            8
     kinetic-energy cutoff     =      60.0000  Ry
     charge density cutoff     =     480.0000  Ry
     Exchange-correlation= PBE
                           (   1   4   3   4   0   0   0)

     celldm(1)=   7.304145  celldm(2)=   0.000000  celldm(3)=   0.000000
     celldm(4)=   0.000000  celldm(5)=   0.000000  celldm(6)=   0.000000

     crystal axes: (cart. coord. in units of alat)
               a(1) = (   0.000000   0.707107   0.707107 )  
               a(2) = (   0.707107   0.000000   0.707107 )  
               a(3) = (   0.707107   0.707107   0.000000 )  

     reciprocal axes: (cart. coord. in units 2 pi/alat)
               b(1) = ( -0.707107  0.707107  0.707107 )  
               b(2) = (  0.707107 -0.707107  0.707107 )  
               b(3) = (  0.707107  0.707107 -0.707107 )  


     PseudoPot. # 1 for Si read from file:
     /usr/scratch/mont-fort11/pfischill/quatrex/phonon/configs/si_primitive/pseudo/Si.pbe-n-rrkjus_psl.1.0.0.UPF
     MD5 check sum: 0b0bb1205258b0d07b9f9672cf965d36
     Pseudo is Ultrasoft + core correction, Zval =  4.0
     Generated using "atomic" code by A. Dal Corso  v.5.1
     Using radial grid of 1141 points,  6 beta functions with: 
                l(1) =   0
                l(2) =   0
                l(3) =   1
                l(4) =   1
                l(5) =   2
                l(6) =   2
     Q(r) pseudized with 0 coefficients 


     atomic species   valence    mass     pseudopotential
     Si                4.00    28.08550     Si( 1.00)

     48 Sym. Ops., with inversion, found



   Cartesian axes

     site n.     atom                  positions (alat units)
         1        Si     tau(   1) = (   0.0000000   0.0000000   0.0000000  )
         2        Si     tau(   2) = (   0.3535534   0.3535534   0.3535534  )

     number of k points=   130  Gaussian smearing, width (Ry)=  0.0100

     Number of k-points >= 100: set verbosity='high' to print them.

     Dense  grid:    48869 G-vectors     FFT dimensions: (  60,  60,  60)

     Smooth grid:    17261 G-vectors     FFT dimensions: (  40,  40,  40)

     Estimated max dynamical RAM per process >     164.03 MB

     The potential is recalculated from file :
     ./results/_ph0/dfpt_fc.q_2/dfpt_fc.save/charge-density

     Starting wfcs are    8 atomic wfcs

     Band Structure Calculation
     Davidson diagonalization with overlap

     ethr =  1.25E-10,  avg # of iterations = 17.9

     total cpu time spent up to now is       13.7 secs

     End of band structure calculation

     Number of k-points >= 100: set verbosity='high' to print the bands.

     the Fermi energy is     6.3158 ev

     Writing config to output data dir ./results/_ph0/dfpt_fc.q_2/dfpt_fc.save/ :
     XML data file

     Phonon calculation on grid                                                 

     bravais-lattice index     =            0
     lattice parameter (alat)  =       7.3041  a.u.
     unit-cell volume          =     275.5454 (a.u.)^3
     number of atoms/cell      =            2
     number of atomic types    =            1
     kinetic-energy cut-off    =      60.0000  Ry
     charge density cut-off    =     480.0000  Ry
     convergence threshold     =      1.0E-14
     beta                      =       0.7000
     number of iterations used =            4
     Exchange-correlation= PBE
                           (   1   4   3   4   0   0   0)


     celldm(1)=    7.30415  celldm(2)=    0.00000  celldm(3)=    0.00000
     celldm(4)=    0.00000  celldm(5)=    0.00000  celldm(6)=    0.00000

     crystal axes: (cart. coord. in units of alat)
               a(1) = (  0.0000  0.7071  0.7071 )  
               a(2) = (  0.7071  0.0000  0.7071 )  
               a(3) = (  0.7071  0.7071  0.0000 )  

     reciprocal axes: (cart. coord. in units 2 pi/alat)
               b(1) = ( -0.7071  0.7071  0.7071 )  
               b(2) = (  0.7071 -0.7071  0.7071 )  
               b(3) = (  0.7071  0.7071 -0.7071 )  


     Atoms inside the unit cell: 

     Cartesian axes

     site n.  atom      mass           positions (alat units)
        1  Si     28.0855   tau(    1) = (    0.00000    0.00000    0.00000  )
        2  Si     28.0855   tau(    2) = (    0.35355    0.35355    0.35355  )

     Computing dynamical matrix for 
                    q = (  -0.3535534  -0.3535534   0.3535534 )

     13 Sym.Ops. (with q -> -q+G )


     G cutoff =  648.6647  (  48869 G-vectors)     FFT grid: ( 60, 60, 60)
     G cutoff =  324.3324  (  17261 G-vectors)  smooth grid: ( 40, 40, 40)

     number of k points=   130  Gaussian smearing, width (Ry)=  0.0100

     PseudoPot. # 1 for Si read from file:
     /usr/scratch/mont-fort11/pfischill/quatrex/phonon/configs/si_primitive/pseudo/Si.pbe-n-rrkjus_psl.1.0.0.UPF
     MD5 check sum: 0b0bb1205258b0d07b9f9672cf965d36
     Pseudo is Ultrasoft + core correction, Zval =  4.0
     Generated using "atomic" code by A. Dal Corso  v.5.1
     Using radial grid of 1141 points,  6 beta functions with: 
                l(1) =   0
                l(2) =   0
                l(3) =   1
                l(4) =   1
                l(5) =   2
                l(6) =   2
     Q(r) pseudized with 0 coefficients 



     Atomic displacements:
     There are    4 irreducible representations

     Representation     1      1 modes -  To be done

     Representation     2      1 modes -  To be done

     Representation     3      2 modes -  To be done

     Representation     4      2 modes -  To be done


     Message from routine init_vloc:
     Interpolation table for Vloc re-allocated

     Alpha used in Ewald sum =   2.8000
     PHONON       :   8m 4.95s CPU   1m33.36s WALL



     Representation #   1 mode #   1

     Self-consistent Calculation

      iter #   1 total cpu time :    96.2 secs   av.it.:   5.0
      thresh= 1.000E-02 alpha_mix =  0.700 |ddv_scf|^2 =  9.390E-07

      iter #   2 total cpu time :    99.9 secs   av.it.:   9.1
      thresh= 9.690E-05 alpha_mix =  0.700 |ddv_scf|^2 =  8.398E-07

      iter #   3 total cpu time :   103.5 secs   av.it.:   8.5
      thresh= 9.164E-05 alpha_mix =  0.700 |ddv_scf|^2 =  1.429E-09

      iter #   4 total cpu time :   107.1 secs   av.it.:   8.8
      thresh= 3.781E-06 alpha_mix =  0.700 |ddv_scf|^2 =  7.869E-12

      iter #   5 total cpu time :   110.7 secs   av.it.:   8.8
      thresh= 2.805E-07 alpha_mix =  0.700 |ddv_scf|^2 =  9.674E-14

      iter #   6 total cpu time :   114.0 secs   av.it.:   8.9
      thresh= 3.110E-08 alpha_mix =  0.700 |ddv_scf|^2 =  1.756E-15

     End of self-consistent calculation

     Convergence has been achieved 


     Representation #   2 mode #   2

     Self-consistent Calculation

      iter #   1 total cpu time :   117.7 secs   av.it.:   5.8
      thresh= 1.000E-02 alpha_mix =  0.700 |ddv_scf|^2 =  1.277E-05

      iter #   2 total cpu time :   121.3 secs   av.it.:   9.2
      thresh= 3.574E-04 alpha_mix =  0.700 |ddv_scf|^2 =  3.984E-05

      iter #   3 total cpu time :   124.9 secs   av.it.:   8.4
      thresh= 6.312E-04 alpha_mix =  0.700 |ddv_scf|^2 =  4.526E-09

      iter #   4 total cpu time :   129.0 secs   av.it.:   9.3
      thresh= 6.727E-06 alpha_mix =  0.700 |ddv_scf|^2 =  2.751E-10

      iter #   5 total cpu time :   132.8 secs   av.it.:   9.4
      thresh= 1.658E-06 alpha_mix =  0.700 |ddv_scf|^2 =  4.367E-12

      iter #   6 total cpu time :   136.5 secs   av.it.:   9.3
      thresh= 2.090E-07 alpha_mix =  0.700 |ddv_scf|^2 =  7.149E-14

      iter #   7 total cpu time :   140.0 secs   av.it.:   9.1
      thresh= 2.674E-08 alpha_mix =  0.700 |ddv_scf|^2 =  5.152E-16

     End of self-consistent calculation

     Convergence has been achieved 


     Representation #   3 modes #   3   4

     Self-consistent Calculation

      iter #   1 total cpu time :   146.1 secs   av.it.:   5.3
      thresh= 1.000E-02 alpha_mix =  0.700 |ddv_scf|^2 =  3.366E-08

      iter #   2 total cpu time :   153.5 secs   av.it.:  10.5
      thresh= 1.835E-05 alpha_mix =  0.700 |ddv_scf|^2 =  3.018E-09

      iter #   3 total cpu time :   161.4 secs   av.it.:  10.3
      thresh= 5.493E-06 alpha_mix =  0.700 |ddv_scf|^2 =  1.685E-10

      iter #   4 total cpu time :   168.4 secs   av.it.:   9.8
      thresh= 1.298E-06 alpha_mix =  0.700 |ddv_scf|^2 =  1.177E-13

      iter #   5 total cpu time :   175.1 secs   av.it.:  10.4
      thresh= 3.431E-08 alpha_mix =  0.700 |ddv_scf|^2 =  1.719E-15

     End of self-consistent calculation

     Convergence has been achieved 


     Representation #   4 modes #   5   6

     Self-consistent Calculation

      iter #   1 total cpu time :   181.3 secs   av.it.:   4.9
      thresh= 1.000E-02 alpha_mix =  0.700 |ddv_scf|^2 =  1.337E-08

      iter #   2 total cpu time :   189.1 secs   av.it.:  10.1
      thresh= 1.156E-05 alpha_mix =  0.700 |ddv_scf|^2 =  1.010E-09

      iter #   3 total cpu time :   196.1 secs   av.it.:   9.9
      thresh= 3.179E-06 alpha_mix =  0.700 |ddv_scf|^2 =  7.269E-12

      iter #   4 total cpu time :   203.3 secs   av.it.:  10.3
      thresh= 2.696E-07 alpha_mix =  0.700 |ddv_scf|^2 =  1.136E-13

      iter #   5 total cpu time :   210.0 secs   av.it.:  10.5
      thresh= 3.370E-08 alpha_mix =  0.700 |ddv_scf|^2 =  1.835E-15

     End of self-consistent calculation

     Convergence has been achieved 

     Number of q in the star =    4
     List of q in the star:
          1  -0.353553391  -0.353553391   0.353553391
          2   0.353553391  -0.353553391  -0.353553391
          3  -0.353553391   0.353553391  -0.353553391
          4   0.353553391   0.353553391   0.353553391

     Diagonalizing the dynamical matrix

     q = (   -0.353553391  -0.353553391   0.353553391 ) 

 **************************************************************************
     freq (    1) =       3.313207 [THz] =     110.516692 [cm-1]
     freq (    2) =       3.313207 [THz] =     110.516692 [cm-1]
     freq (    3) =      11.123165 [THz] =     371.028856 [cm-1]
     freq (    4) =      12.015470 [THz] =     400.792927 [cm-1]
     freq (    5) =      14.345452 [THz] =     478.512768 [cm-1]
     freq (    6) =      14.345452 [THz] =     478.512768 [cm-1]
 **************************************************************************

     Number of q in the star =    4
     List of q in the star:
          1  -0.353553391  -0.353553391   0.353553391
          2   0.353553391  -0.353553391  -0.353553391
          3  -0.353553391   0.353553391  -0.353553391
          4   0.353553391   0.353553391   0.353553391
       Writing drho for q = ( -0.353553 -0.353553  0.353553) on file "drho.0_0_-1o2"
       Writing drho for q = (  0.353553 -0.353553 -0.353553) on file "drho.-1o2_0_0"
       Writing drho for q = ( -0.353553  0.353553 -0.353553) on file "drho.0_-1o2_0"
       Writing drho for q = (  0.353553  0.353553  0.353553) on file "drho.1o2_1o2_1o2"

     Calculation of q =   -0.7071068   0.0000000   0.0000000

     G-vector sticks info
     --------------------
     sticks:   dense  smooth     PW     G-vecs:    dense   smooth      PW
     Sum        1765     877    301                48869    17261    3479

     Using Slab Decomposition


     Title: 
     Phonon calculation on grid                                                 


     bravais-lattice index     =            0
     lattice parameter (alat)  =       7.3041  a.u.
     unit-cell volume          =     275.5454 (a.u.)^3
     number of atoms/cell      =            2
     number of atomic types    =            1
     number of electrons       =         8.00
     number of Kohn-Sham states=            8
     kinetic-energy cutoff     =      60.0000  Ry
     charge density cutoff     =     480.0000  Ry
     Exchange-correlation= PBE
                           (   1   4   3   4   0   0   0)

     celldm(1)=   7.304145  celldm(2)=   0.000000  celldm(3)=   0.000000
     celldm(4)=   0.000000  celldm(5)=   0.000000  celldm(6)=   0.000000

     crystal axes: (cart. coord. in units of alat)
               a(1) = (   0.000000   0.707107   0.707107 )  
               a(2) = (   0.707107   0.000000   0.707107 )  
               a(3) = (   0.707107   0.707107   0.000000 )  

     reciprocal axes: (cart. coord. in units 2 pi/alat)
               b(1) = ( -0.707107  0.707107  0.707107 )  
               b(2) = (  0.707107 -0.707107  0.707107 )  
               b(3) = (  0.707107  0.707107 -0.707107 )  


     PseudoPot. # 1 for Si read from file:
     /usr/scratch/mont-fort11/pfischill/quatrex/phonon/configs/si_primitive/pseudo/Si.pbe-n-rrkjus_psl.1.0.0.UPF
     MD5 check sum: 0b0bb1205258b0d07b9f9672cf965d36
     Pseudo is Ultrasoft + core correction, Zval =  4.0
     Generated using "atomic" code by A. Dal Corso  v.5.1
     Using radial grid of 1141 points,  6 beta functions with: 
                l(1) =   0
                l(2) =   0
                l(3) =   1
                l(4) =   1
                l(5) =   2
                l(6) =   2
     Q(r) pseudized with 0 coefficients 


     atomic species   valence    mass     pseudopotential
     Si                4.00    28.08550     Si( 1.00)

     48 Sym. Ops., with inversion, found



   Cartesian axes

     site n.     atom                  positions (alat units)
         1        Si     tau(   1) = (   0.0000000   0.0000000   0.0000000  )
         2        Si     tau(   2) = (   0.3535534   0.3535534   0.3535534  )

     number of k points=   118  Gaussian smearing, width (Ry)=  0.0100

     Number of k-points >= 100: set verbosity='high' to print them.

     Dense  grid:    48869 G-vectors     FFT dimensions: (  60,  60,  60)

     Smooth grid:    17261 G-vectors     FFT dimensions: (  40,  40,  40)

     Estimated max dynamical RAM per process >     164.04 MB

     The potential is recalculated from file :
     ./results/_ph0/dfpt_fc.q_3/dfpt_fc.save/charge-density

     Starting wfcs are    8 atomic wfcs

     Band Structure Calculation
     Davidson diagonalization with overlap

     ethr =  1.25E-10,  avg # of iterations = 17.5

     total cpu time spent up to now is       25.6 secs

     End of band structure calculation

     Number of k-points >= 100: set verbosity='high' to print the bands.

     the Fermi energy is     6.3158 ev

     Writing config to output data dir ./results/_ph0/dfpt_fc.q_3/dfpt_fc.save/ :
     XML data file

     Phonon calculation on grid                                                 

     bravais-lattice index     =            0
     lattice parameter (alat)  =       7.3041  a.u.
     unit-cell volume          =     275.5454 (a.u.)^3
     number of atoms/cell      =            2
     number of atomic types    =            1
     kinetic-energy cut-off    =      60.0000  Ry
     charge density cut-off    =     480.0000  Ry
     convergence threshold     =      1.0E-14
     beta                      =       0.7000
     number of iterations used =            4
     Exchange-correlation= PBE
                           (   1   4   3   4   0   0   0)


     celldm(1)=    7.30415  celldm(2)=    0.00000  celldm(3)=    0.00000
     celldm(4)=    0.00000  celldm(5)=    0.00000  celldm(6)=    0.00000

     crystal axes: (cart. coord. in units of alat)
               a(1) = (  0.0000  0.7071  0.7071 )  
               a(2) = (  0.7071  0.0000  0.7071 )  
               a(3) = (  0.7071  0.7071  0.0000 )  

     reciprocal axes: (cart. coord. in units 2 pi/alat)
               b(1) = ( -0.7071  0.7071  0.7071 )  
               b(2) = (  0.7071 -0.7071  0.7071 )  
               b(3) = (  0.7071  0.7071 -0.7071 )  


     Atoms inside the unit cell: 

     Cartesian axes

     site n.  atom      mass           positions (alat units)
        1  Si     28.0855   tau(    1) = (    0.00000    0.00000    0.00000  )
        2  Si     28.0855   tau(    2) = (    0.35355    0.35355    0.35355  )

     Computing dynamical matrix for 
                    q = (  -0.7071068   0.0000000   0.0000000 )

     17 Sym.Ops. (with q -> -q+G )


     G cutoff =  648.6647  (  48869 G-vectors)     FFT grid: ( 60, 60, 60)
     G cutoff =  324.3324  (  17261 G-vectors)  smooth grid: ( 40, 40, 40)

     number of k points=   118  Gaussian smearing, width (Ry)=  0.0100

     PseudoPot. # 1 for Si read from file:
     /usr/scratch/mont-fort11/pfischill/quatrex/phonon/configs/si_primitive/pseudo/Si.pbe-n-rrkjus_psl.1.0.0.UPF
     MD5 check sum: 0b0bb1205258b0d07b9f9672cf965d36
     Pseudo is Ultrasoft + core correction, Zval =  4.0
     Generated using "atomic" code by A. Dal Corso  v.5.1
     Using radial grid of 1141 points,  6 beta functions with: 
                l(1) =   0
                l(2) =   0
                l(3) =   1
                l(4) =   1
                l(5) =   2
                l(6) =   2
     Q(r) pseudized with 0 coefficients 



     Atomic displacements:
     There are    3 irreducible representations

     Representation     1      2 modes -  To be done

     Representation     2      2 modes -  To be done

     Representation     3      2 modes -  To be done



     Alpha used in Ewald sum =   2.8000
     PHONON       :  22m 9.96s CPU   3m51.38s WALL



     Representation #   1 modes #   1   2

     Self-consistent Calculation

      iter #   1 total cpu time :   235.8 secs   av.it.:   4.2
      thresh= 1.000E-02 alpha_mix =  0.700 |ddv_scf|^2 =  1.212E-08

      iter #   2 total cpu time :   242.0 secs   av.it.:   9.3
      thresh= 1.101E-05 alpha_mix =  0.700 |ddv_scf|^2 =  8.964E-10

      iter #   3 total cpu time :   248.2 secs   av.it.:   9.4
      thresh= 2.994E-06 alpha_mix =  0.700 |ddv_scf|^2 =  1.704E-12

      iter #   4 total cpu time :   254.6 secs   av.it.:   9.8
      thresh= 1.305E-07 alpha_mix =  0.700 |ddv_scf|^2 =  2.936E-14

      iter #   5 total cpu time :   260.6 secs   av.it.:   9.8
      thresh= 1.713E-08 alpha_mix =  0.700 |ddv_scf|^2 =  9.194E-17

     End of self-consistent calculation

     Convergence has been achieved 


     Representation #   2 modes #   3   4

     Self-consistent Calculation

      iter #   1 total cpu time :   267.4 secs   av.it.:   5.6
      thresh= 1.000E-02 alpha_mix =  0.700 |ddv_scf|^2 =  6.243E-07

      iter #   2 total cpu time :   273.9 secs   av.it.:  10.0
      thresh= 7.901E-05 alpha_mix =  0.700 |ddv_scf|^2 =  8.598E-07

      iter #   3 total cpu time :   280.1 secs   av.it.:   9.3
      thresh= 9.272E-05 alpha_mix =  0.700 |ddv_scf|^2 =  5.728E-10

      iter #   4 total cpu time :   286.5 secs   av.it.:   9.7
      thresh= 2.393E-06 alpha_mix =  0.700 |ddv_scf|^2 =  2.772E-11

      iter #   5 total cpu time :   293.1 secs   av.it.:  10.1
      thresh= 5.265E-07 alpha_mix =  0.700 |ddv_scf|^2 =  1.779E-13

      iter #   6 total cpu time :   299.5 secs   av.it.:  10.0
      thresh= 4.218E-08 alpha_mix =  0.700 |ddv_scf|^2 =  4.689E-15

     End of self-consistent calculation

     Convergence has been achieved 


     Representation #   3 modes #   5   6

     Self-consistent Calculation

      iter #   1 total cpu time :   305.6 secs   av.it.:   5.5
      thresh= 1.000E-02 alpha_mix =  0.700 |ddv_scf|^2 =  1.098E-07

      iter #   2 total cpu time :   312.2 secs   av.it.:  10.2
      thresh= 3.314E-05 alpha_mix =  0.700 |ddv_scf|^2 =  2.648E-08

      iter #   3 total cpu time :   318.8 secs   av.it.:   9.9
      thresh= 1.627E-05 alpha_mix =  0.700 |ddv_scf|^2 =  3.010E-10

      iter #   4 total cpu time :   325.2 secs   av.it.:   9.5
      thresh= 1.735E-06 alpha_mix =  0.700 |ddv_scf|^2 =  1.583E-13

      iter #   5 total cpu time :   331.6 secs   av.it.:   9.8
      thresh= 3.979E-08 alpha_mix =  0.700 |ddv_scf|^2 =  6.009E-15

     End of self-consistent calculation

     Convergence has been achieved 

     Number of q in the star =    3
     List of q in the star:
          1  -0.707106781   0.000000000   0.000000000
          2   0.000000000   0.000000000  -0.707106781
          3   0.000000000  -0.707106781   0.000000000

     Diagonalizing the dynamical matrix

     q = (   -0.707106781   0.000000000   0.000000000 ) 

 **************************************************************************
     freq (    1) =       4.365951 [THz] =     145.632449 [cm-1]
     freq (    2) =       4.365951 [THz] =     145.632449 [cm-1]
     freq (    3) =      12.046552 [THz] =     401.829738 [cm-1]
     freq (    4) =      12.046552 [THz] =     401.829738 [cm-1]
     freq (    5) =      13.427518 [THz] =     447.893805 [cm-1]
     freq (    6) =      13.427518 [THz] =     447.893805 [cm-1]
 **************************************************************************

     Number of q in the star =    3
     List of q in the star:
          1  -0.707106781   0.000000000   0.000000000
          2   0.000000000   0.000000000  -0.707106781
          3   0.000000000  -0.707106781   0.000000000
       Writing drho for q = ( -0.707107  0.000000  0.000000) on file "drho.0_-1o2_-1o2"
       Writing drho for q = (  0.000000  0.000000 -0.707107) on file "drho.-1o2_-1o2_0"
       Writing drho for q = (  0.000000 -0.707107  0.000000) on file "drho.-1o2_0_-1o2"

     init_run     :      0.86s CPU      0.93s WALL (       2 calls)
     electrons    :    186.11s CPU     23.95s WALL (       2 calls)

     Called by init_run:
     wfcinit      :      0.00s CPU      0.03s WALL (       2 calls)
     potinit      :      0.19s CPU      0.20s WALL (       2 calls)
     hinit0       :      0.25s CPU      0.26s WALL (       2 calls)

     Called by electrons:
     c_bands      :    186.09s CPU     23.95s WALL (       2 calls)
     v_of_rho     :      0.27s CPU      0.31s WALL (       3 calls)
     newd         :      0.51s CPU      0.54s WALL (       3 calls)

     Called by c_bands:
     init_us_2    :     29.09s CPU      3.72s WALL (    4608 calls)
     cegterg      :    169.78s CPU     21.65s WALL (     290 calls)

     Called by *egterg:
     cdiaghg      :      4.29s CPU      0.53s WALL (    4638 calls)
     h_psi        :   1195.92s CPU    151.15s WALL (   58231 calls)
     s_psi        :     61.55s CPU      8.26s WALL (  116437 calls)
     g_psi        :      1.65s CPU      0.20s WALL (    4390 calls)

     Called by h_psi:
     h_psi:calbec :     58.59s CPU      7.54s WALL (   58231 calls)
     vloc_psi     :   1091.27s CPU    137.53s WALL (   58231 calls)
                                        0.00s GPU  (   58231 calls)
     add_vuspsi   :     38.70s CPU      5.16s WALL (   58231 calls)

     General routines
     calbec       :    133.66s CPU     17.24s WALL (  128014 calls)
     fft          :      5.65s CPU      3.06s WALL (    1893 calls)
     ffts         :      4.38s CPU      0.86s WALL (    1439 calls)
     fftw         :   1132.25s CPU    143.87s WALL (  513976 calls)
     interpolate  :      2.31s CPU      0.83s WALL (     215 calls)
     davcio       :     14.32s CPU      6.75s WALL (   23395 calls)

     Parallel routines

     PHONON       :  32m34.49s CPU   5m34.95s WALL

     INITIALIZATION: 
     phq_setup    :      1.18s CPU      1.75s WALL (       3 calls)
     phq_init     :     99.47s CPU     16.02s WALL (       3 calls)

     phq_init     :     99.47s CPU     16.02s WALL (       3 calls)
     set_drhoc    :      0.03s CPU      0.03s WALL (       9 calls)
     init_vloc    :      0.04s CPU      0.04s WALL (       3 calls)
     init_us_1    :      0.32s CPU      0.33s WALL (       3 calls)
     init_us_2    :     29.09s CPU      3.72s WALL (    4608 calls)
     newd         :      0.51s CPU      0.54s WALL (       3 calls)
     dvanqq       :     64.71s CPU      8.20s WALL (       3 calls)
     drho         :     29.01s CPU      6.54s WALL (       3 calls)
     drhous       :     23.40s CPU      3.20s WALL (       3 calls)
     nldyntot     :      0.13s CPU      0.04s WALL (       3 calls)

     DYNAMICAL MATRIX:
     dynmat0      :      3.62s CPU      0.94s WALL (       3 calls)
     dynmat_us    :      3.20s CPU      0.46s WALL (       3 calls)
     addusdynmat  :      0.00s CPU      0.00s WALL (       3 calls)
     d2ionq       :      0.16s CPU      0.03s WALL (       3 calls)
     dynmatcc     :      0.27s CPU      0.28s WALL (       3 calls)
     phqscf       :   1665.35s CPU    282.61s WALL (       3 calls)
     dynmatrix    :      0.00s CPU      0.23s WALL (       3 calls)

     phqscf       :   1665.35s CPU    282.61s WALL (       3 calls)
     solve_linter :   1654.34s CPU    278.26s WALL (       9 calls)
     dfpt_kernel  :   1606.64s CPU    267.38s WALL (       9 calls)
     sth_kernel   :   1494.01s CPU    191.98s WALL (      49 calls)
     h_prec       :      0.92s CPU      0.12s WALL (    2729 calls)
     apply_dpot_b :     84.85s CPU     10.79s WALL (    3985 calls)
     ortho        :     20.03s CPU      2.61s WALL (    4903 calls)
     cgsolve      :   1229.50s CPU    155.74s WALL (    4903 calls)
     incdrhoscf   :    119.15s CPU     15.03s WALL (    4903 calls)
                                        0.00s GPU  (    4903 calls)
     addusddens   :     77.87s CPU     13.04s WALL (      58 calls)
     dv_of_drho   :      2.64s CPU      4.02s WALL (      95 calls)
     mix_pot      :      1.95s CPU     18.26s WALL (      49 calls)
     ef_shift     :      0.57s CPU      0.10s WALL (      10 calls)
     ef_shift_wfc :      0.00s CPU      0.34s WALL (       2 calls)
     localdos     :      1.80s CPU      0.54s WALL (       2 calls)
     drhodv       :     10.98s CPU      1.41s WALL (       9 calls)
     psymdvscf    :     11.85s CPU      9.75s WALL (      49 calls)
     newdq        :     17.08s CPU     17.38s WALL (      49 calls)
     adddvscf     :      9.38s CPU      1.16s WALL (    3985 calls)
     com_dvloc    :      5.58s CPU      0.71s WALL (     990 calls)
                                        0.00s GPU  (     990 calls)
     addcore      :      0.75s CPU      0.34s WALL (     144 calls)
                                        0.00s GPU  (     144 calls)
     drhodvus     :      0.30s CPU      0.05s WALL (       9 calls)

     dvqpsi_us    :     41.39s CPU      7.21s WALL (     918 calls)
                                        0.00s GPU  (     918 calls)
     dvqpsi_us_on :      5.71s CPU      1.51s WALL (     918 calls)

     add_vuspsi   :     38.70s CPU      5.16s WALL (   58231 calls)
     addusdbec    :     10.15s CPU      1.27s WALL (    5821 calls)

     drhodvus     :      0.30s CPU      0.05s WALL (       9 calls)

      General routines
     calbec       :    133.66s CPU     17.24s WALL (  128014 calls)
     fft          :      5.65s CPU      3.06s WALL (    1893 calls)
     ffts         :      4.38s CPU      0.86s WALL (    1439 calls)
     fftw         :   1132.25s CPU    143.87s WALL (  513976 calls)
     davcio       :     14.32s CPU      6.75s WALL (   23395 calls)
     write_rec    :      0.08s CPU     17.27s WALL (      58 calls)

      Additional routines
     ch_psi       :   1208.04s CPU    152.98s WALL (   53303 calls)
     last         :    114.32s CPU     14.67s WALL (   53303 calls)
     Hesh         :      7.09s CPU      0.89s WALL (   53303 calls)
     ch_psi_all_k :    105.98s CPU     13.63s WALL (   53303 calls)
                                        0.00s GPU  (   53303 calls)
     ch_psi_calbe :     49.52s CPU      6.36s WALL (   53303 calls)
                                        0.00s GPU  (   53303 calls)
     h_psi_bgrp   :   1196.72s CPU    151.26s WALL (   58231 calls)
     h_psi        :   1195.92s CPU    151.15s WALL (   58231 calls)
     h_psi:pot    :   1190.41s CPU    150.45s WALL (   58231 calls)
     h_psi:calbec :     58.59s CPU      7.54s WALL (   58231 calls)
     s_psi_bgrp   :     74.34s CPU      9.95s WALL (  116437 calls)
     s_psi        :     61.55s CPU      8.26s WALL (  116437 calls)


     PHONON       :  32m34.49s CPU   5m34.95s WALL


   This run was terminated on:  18:52:51  30May2026            

=------------------------------------------------------------------------------=
   JOB DONE.
=------------------------------------------------------------------------------=

--- STDERR ---
Note: The following floating-point exceptions are signalling: IEEE_DENORMAL
