launch: NRANKS=128 QX_CONFIG=/usr/scratch/mont-fort11/pfischill/quatrex/phonon/studies/out/conv1e10/work/sinw_d5a_L2_eta0_floor_anneal/quatrex_config.toml BCS=cfg QCS=cfg ballistic=0
/usr/scratch/mont-fort11/pfischill/quatrex/src/qttools/__init__.py:56: UserWarning: 'cupy' is unavailable or not working, defaulting to 'numpy'. (No module named 'cupy')
  warnings.warn(
/usr/scratch/mont-fort11/pfischill/quatrex/src/quatrex/core/config.py:1808: UserWarning: The CPU code will run sequentially which may impact performance.
  warnings.warn(
Max Interaction Cutoff: 10.0
Energy window: 0.0 to 66.0 eV with 181 grid points.
Resolution is 0.366667 eV.
comm.stack size: 128, comm.block size: 1
Each comm.block has 1 grid points.
/usr/scratch/mont-fort11/pfischill/quatrex/src/quatrex/core/statistics.py:42: RuntimeWarning: divide by zero encountered in divide
  return 1 / (xp.exp(energy / (k_B * temperature)) - 1)
IR occupation subtraction ON: full physical Bose occupation (no omega^2 taper); Gamma~omega keeps the injection finite as omega->0.
WARNING: phonon_energies.npy (181 pts, dw=0.3667) does not match the solver energy grid (2 pts); using the solver grid for the scattering self-energy.
SSE band-limit: harmonic band top 64.081 THz (fixed above-band mask)
Max Interaction Cutoff: 10.0
RUN config=/usr/scratch/mont-fort11/pfischill/quatrex/phonon/studies/out/conv1e10/work/sinw_d5a_L2_eta0_floor_anneal/quatrex_config.toml phonon=True eta=1e-12 retarded=fft nblk=2 ne=181 bcs=1 qcs=1 nranks=128
Entering SCBA loop...
Iteration 0
eta IR floor ramp: it=0 floor_cells=2 (2 -> 0 over 80)
eta IR floor ON: Gamma_floor=0.5378 THz^2 (eta_ir_floor_cells=2, omega_c=2*dw=0.733 THz) on the unresolved soft modes.
SSE band-limit: masking 5 bin(s) above 64.081 THz
SSE band-limit: harmonic-support mask -> 96/181 empty bins masked (margin 1.5 THz)
SSE band-limit: occupation-freeze mask -> 61/181 frozen bins (n<0.001, T_hot=305K)
SSE band-limit: SMOOTH window (support ramp 4*dw, freeze n<0.001) -> mean w=0.429, 102/181 bins below 0.5
[it  0] energy J(local)=[0.0385 0.036  0.0385]
SigmaR resid-by-omega: peak w=25.67THz val=9.493e+02 in-band(<=46.4)=0.957 low(<=5)=0.121
Maximum Self-Energy Update: 949.2690484514422
Contact Current Difference: 0.0
Current Conservation abs: 0.9611294860842463
Current Conservation rel: 6.329345680338001e-05
Phonon: rel Sigma^R residual 1.0000e+00; lead balance 2.8532e-13 (best inf; internal spread 2.7467e-03)
Bubble energy balance: P_in=-5.206725e+03 P_out=-5.206725e+03 resid=1.009e-15
Writing output for iteration 0...
Iteration 1
eta IR floor ramp: it=1 floor_cells=1.975 (2 -> 0 over 80)
eta IR floor ON: Gamma_floor=0.5244 THz^2 (eta_ir_floor_cells=1.975, omega_c=2*dw=0.733 THz) on the unresolved soft modes.
[it  1] energy J(local)=[0.0745 0.0537 0.0628]
SigmaR resid-by-omega: peak w=26.03THz val=1.087e+03 in-band(<=46.4)=0.956 low(<=5)=0.127
Maximum Self-Energy Update: 1086.508571390519
Contact Current Difference: 0.0
Current Conservation abs: 0.1562966064975626
Current Conservation rel: 1.88546172519963e-05
Phonon: rel Sigma^R residual 9.3606e-01; lead balance 1.3560e-03 (best inf; internal spread 7.0459e-03)
Bubble energy balance: P_in=-4.274328e+03 P_out=-4.274328e+03 resid=2.109e-15
Writing output for iteration 1...
Iteration 2
eta IR floor ramp: it=2 floor_cells=1.95 (2 -> 0 over 80)
eta IR floor ON: Gamma_floor=0.5112 THz^2 (eta_ir_floor_cells=1.95, omega_c=2*dw=0.733 THz) on the unresolved soft modes.
[it  2] energy J(local)=[0.0742 0.0538 0.0604]
SigmaR resid-by-omega: peak w=23.10THz val=1.473e+03 in-band(<=46.4)=0.960 low(<=5)=0.163
Maximum Self-Energy Update: 1472.6663386464245
Contact Current Difference: 0.0
Current Conservation abs: 0.002953957768568216
Current Conservation rel: 5.054599518011088e-07
Phonon: rel Sigma^R residual 9.4916e-01; lead balance 3.1672e-03 (best inf; internal spread 1.3973e-02)
Bubble energy balance: P_in=-4.197170e+03 P_out=-4.197170e+03 resid=2.026e-15
Writing output for iteration 2...
Iteration 3
eta IR floor ramp: it=3 floor_cells=1.925 (2 -> 0 over 80)
eta IR floor ON: Gamma_floor=0.4982 THz^2 (eta_ir_floor_cells=1.925, omega_c=2*dw=0.733 THz) on the unresolved soft modes.
[it  3] energy J(local)=[0.0703 0.0488 0.0567]
SigmaR resid-by-omega: peak w=6.60THz val=2.251e+03 in-band(<=46.4)=0.966 low(<=5)=0.201
Maximum Self-Energy Update: 2251.262319711547
Contact Current Difference: 0.0
Current Conservation abs: 0.040371649553890165
Current Conservation rel: 6.392971709883528e-06
Phonon: rel Sigma^R residual 9.5557e-01; lead balance 2.3717e-03 (best 2.3717e-03; internal spread 4.2136e-03)
Bubble energy balance: P_in=-6.511562e+03 P_out=-6.511562e+03 resid=4.544e-15
Writing output for iteration 3...
Iteration 4
eta IR floor ramp: it=4 floor_cells=1.9 (2 -> 0 over 80)
eta IR floor ON: Gamma_floor=0.4853 THz^2 (eta_ir_floor_cells=1.9, omega_c=2*dw=0.733 THz) on the unresolved soft modes.
[it  4] energy J(local)=[0.0625 0.0407 0.0511]
SigmaR resid-by-omega: peak w=14.67THz val=1.246e+03 in-band(<=46.4)=0.963 low(<=5)=0.198
Maximum Self-Energy Update: 1245.8621239951203
Contact Current Difference: 0.0
Current Conservation abs: 0.015554448371858598
Current Conservation rel: 2.1618230227138273e-06
Phonon: rel Sigma^R residual 8.0809e-01; lead balance 3.0200e-04 (best 3.0200e-04; internal spread 5.2243e-02)
Bubble energy balance: P_in=-7.821255e+03 P_out=-7.821255e+03 resid=1.191e-15
Writing output for iteration 4...
Iteration 5
eta IR floor ramp: it=5 floor_cells=1.875 (2 -> 0 over 80)
eta IR floor ON: Gamma_floor=0.4727 THz^2 (eta_ir_floor_cells=1.875, omega_c=2*dw=0.733 THz) on the unresolved soft modes.
[it  5] energy J(local)=[0.0563 0.0334 0.0468]
SigmaR resid-by-omega: peak w=0.00THz val=1.529e+03 in-band(<=46.4)=0.965 low(<=5)=0.242
Maximum Self-Energy Update: 1529.4135352618605
Contact Current Difference: 0.0
Current Conservation abs: 0.02829949536226195
Current Conservation rel: 2.214261972392125e-06
Phonon: rel Sigma^R residual 8.1483e-01; lead balance 3.1984e-04 (best 3.0200e-04; internal spread 8.7049e-02)
Bubble energy balance: P_in=-1.430660e+04 P_out=-1.430660e+04 resid=2.674e-15
Writing output for iteration 5...
Iteration 6
eta IR floor ramp: it=6 floor_cells=1.85 (2 -> 0 over 80)
eta IR floor ON: Gamma_floor=0.4601 THz^2 (eta_ir_floor_cells=1.85, omega_c=2*dw=0.733 THz) on the unresolved soft modes.
[it  6] energy J(local)=[0.0726 0.0285 0.0497]
SigmaR resid-by-omega: peak w=0.37THz val=3.644e+03 in-band(<=46.4)=0.968 low(<=5)=0.300
Maximum Self-Energy Update: 3643.5789940245218
Contact Current Difference: 0.0
Current Conservation abs: 0.513769068995316
Current Conservation rel: 8.17849992038964e-06
Phonon: rel Sigma^R residual 8.7997e-01; lead balance 7.6836e-03 (best 3.0200e-04; internal spread 1.4128e-01)
Bubble energy balance: P_in=-5.490103e+04 P_out=-5.490103e+04 resid=6.736e-16
Writing output for iteration 6...
Iteration 7
eta IR floor ramp: it=7 floor_cells=1.825 (2 -> 0 over 80)
eta IR floor ON: Gamma_floor=0.4478 THz^2 (eta_ir_floor_cells=1.825, omega_c=2*dw=0.733 THz) on the unresolved soft modes.
[it  7] energy J(local)=[0.1273 0.1267 0.0882]
SigmaR resid-by-omega: peak w=0.73THz val=6.916e+03 in-band(<=46.4)=0.968 low(<=5)=0.274
Maximum Self-Energy Update: 6916.061580851175
Contact Current Difference: 0.0
Current Conservation abs: 1.5241423952393234
Current Conservation rel: 1.563233395482174e-06
Phonon: rel Sigma^R residual 9.0590e-01; lead balance 1.9764e-02 (best 3.0200e-04; internal spread 1.5105e-01)
Bubble energy balance: P_in=-4.136288e+05 P_out=-4.136288e+05 resid=5.089e-17
Writing output for iteration 7...
Iteration 8
eta IR floor ramp: it=8 floor_cells=1.8 (2 -> 0 over 80)
eta IR floor ON: Gamma_floor=0.4356 THz^2 (eta_ir_floor_cells=1.8, omega_c=2*dw=0.733 THz) on the unresolved soft modes.
[it  8] energy J(local)=[0.0623 0.0193 0.0475]
SigmaR resid-by-omega: peak w=0.37THz val=1.066e+03 in-band(<=46.4)=0.980 low(<=5)=0.254
Maximum Self-Energy Update: 1065.8051018414983
Contact Current Difference: 0.0
Current Conservation abs: 0.0905241833997934
Current Conservation rel: 1.4433449016895545e-05
Phonon: rel Sigma^R residual 1.7979e+00; lead balance 5.6831e-02 (best 3.0200e-04; internal spread 2.0280e-01)
Bubble energy balance: P_in=-8.783853e+03 P_out=-8.783853e+03 resid=6.368e-16
Writing output for iteration 8...
Iteration 9
eta IR floor ramp: it=9 floor_cells=1.775 (2 -> 0 over 80)
eta IR floor ON: Gamma_floor=0.4236 THz^2 (eta_ir_floor_cells=1.775, omega_c=2*dw=0.733 THz) on the unresolved soft modes.
[it  9] energy J(local)=[0.0621 0.0169 0.0477]
SigmaR resid-by-omega: peak w=0.37THz val=9.422e+02 in-band(<=46.4)=0.981 low(<=5)=0.253
Maximum Self-Energy Update: 942.1834092376166
Contact Current Difference: 0.0
Current Conservation abs: 0.07984657930728645
Current Conservation rel: 1.1522121655997012e-05
Phonon: rel Sigma^R residual 1.5600e+00; lead balance 5.2331e-02 (best 3.0200e-04; internal spread 2.0873e-01)
Bubble energy balance: P_in=-9.576217e+03 P_out=-9.576217e+03 resid=2.933e-16
Writing output for iteration 9...
Iteration 10
eta IR floor ramp: it=10 floor_cells=1.75 (2 -> 0 over 80)
eta IR floor ON: Gamma_floor=0.4117 THz^2 (eta_ir_floor_cells=1.75, omega_c=2*dw=0.733 THz) on the unresolved soft modes.
[it 10] energy J(local)=[0.0635 0.0157 0.0486]
SigmaR resid-by-omega: peak w=0.37THz val=8.315e+02 in-band(<=46.4)=0.981 low(<=5)=0.251
Maximum Self-Energy Update: 831.4729669830446
Contact Current Difference: 0.0
Current Conservation abs: 0.06593978051478189
Current Conservation rel: 8.421228268746344e-06
Phonon: rel Sigma^R residual 1.3482e+00; lead balance 4.8273e-02 (best 3.0200e-04; internal spread 2.1468e-01)
Bubble energy balance: P_in=-1.052606e+04 P_out=-1.052606e+04 resid=5.035e-16
Writing output for iteration 10...
Iteration 11
eta IR floor ramp: it=11 floor_cells=1.725 (2 -> 0 over 80)
eta IR floor ON: Gamma_floor=0.4001 THz^2 (eta_ir_floor_cells=1.725, omega_c=2*dw=0.733 THz) on the unresolved soft modes.
[it 11] energy J(local)=[0.067  0.016  0.0504]
SigmaR resid-by-omega: peak w=0.37THz val=7.321e+02 in-band(<=46.4)=0.981 low(<=5)=0.246
Maximum Self-Energy Update: 732.0784579892733
Contact Current Difference: 0.0
Current Conservation abs: 0.050490270610680454
Current Conservation rel: 5.526189942393913e-06
Phonon: rel Sigma^R residual 1.1586e+00; lead balance 4.4980e-02 (best 3.0200e-04; internal spread 2.2083e-01)
Bubble energy balance: P_in=-1.172862e+04 P_out=-1.172862e+04 resid=1.903e-16
Writing output for iteration 11...
Iteration 12
eta IR floor ramp: it=12 floor_cells=1.7 (2 -> 0 over 80)
eta IR floor ON: Gamma_floor=0.3885 THz^2 (eta_ir_floor_cells=1.7, omega_c=2*dw=0.733 THz) on the unresolved soft modes.
[it 12] energy J(local)=[0.0737 0.0185 0.0533]
SigmaR resid-by-omega: peak w=0.37THz val=6.418e+02 in-band(<=46.4)=0.980 low(<=5)=0.238
Maximum Self-Energy Update: 641.8140683084166
Contact Current Difference: 0.0
Current Conservation abs: 0.03586857578193303
Current Conservation rel: 3.197507240544562e-06
Phonon: rel Sigma^R residual 9.6943e-01; lead balance 4.2644e-02 (best 3.0200e-04; internal spread 2.2723e-01)
Bubble energy balance: P_in=-1.335260e+04 P_out=-1.335260e+04 resid=3.751e-16
Writing output for iteration 12...
Iteration 13
eta IR floor ramp: it=13 floor_cells=1.675 (2 -> 0 over 80)
eta IR floor ON: Gamma_floor=0.3772 THz^2 (eta_ir_floor_cells=1.675, omega_c=2*dw=0.733 THz) on the unresolved soft modes.
[it 13] energy J(local)=[0.0833 0.0235 0.057 ]
SigmaR resid-by-omega: peak w=0.37THz val=5.572e+02 in-band(<=46.4)=0.980 low(<=5)=0.228
Maximum Self-Energy Update: 557.2430573103594
Contact Current Difference: 0.0
Current Conservation abs: 0.02304296782858728
Current Conservation rel: 1.5576424913751323e-06
Phonon: rel Sigma^R residual 7.4016e-01; lead balance 4.1034e-02 (best 3.0200e-04; internal spread 2.3349e-01)
Bubble energy balance: P_in=-1.564019e+04 P_out=-1.564019e+04 resid=1.340e-16
Writing output for iteration 13...
Iteration 14
eta IR floor ramp: it=14 floor_cells=1.65 (2 -> 0 over 80)
eta IR floor ON: Gamma_floor=0.366 THz^2 (eta_ir_floor_cells=1.65, omega_c=2*dw=0.733 THz) on the unresolved soft modes.
[it 14] energy J(local)=[0.0928 0.0302 0.0612]
SigmaR resid-by-omega: peak w=0.37THz val=4.727e+02 in-band(<=46.4)=0.981 low(<=5)=0.216
Maximum Self-Energy Update: 472.7036118756008
Contact Current Difference: 0.0
Current Conservation abs: 0.006673528561805142
Current Conservation rel: 3.256147549883729e-07
Phonon: rel Sigma^R residual 5.4188e-01; lead balance 3.8928e-02 (best 3.0200e-04; internal spread 2.3830e-01)
Bubble energy balance: P_in=-1.864577e+04 P_out=-1.864577e+04 resid=1.952e-16
Writing output for iteration 14...
Iteration 15
eta IR floor ramp: it=15 floor_cells=1.625 (2 -> 0 over 80)
eta IR floor ON: Gamma_floor=0.355 THz^2 (eta_ir_floor_cells=1.625, omega_c=2*dw=0.733 THz) on the unresolved soft modes.
[it 15] energy J(local)=[0.0968 0.037  0.0653]
SigmaR resid-by-omega: peak w=0.00THz val=3.925e+02 in-band(<=46.4)=0.982 low(<=5)=0.204
Maximum Self-Energy Update: 392.4594006891054
Contact Current Difference: 0.0
Current Conservation abs: 0.016989446930892882
Current Conservation rel: 6.228299649499497e-07
Phonon: rel Sigma^R residual 3.9838e-01; lead balance 3.5046e-02 (best 3.0200e-04; internal spread 2.4016e-01)
Bubble energy balance: P_in=-2.175062e+04 P_out=-2.175062e+04 resid=2.148e-16
Writing output for iteration 15...
Iteration 16
eta IR floor ramp: it=16 floor_cells=1.6 (2 -> 0 over 80)
eta IR floor ON: Gamma_floor=0.3442 THz^2 (eta_ir_floor_cells=1.6, omega_c=2*dw=0.733 THz) on the unresolved soft modes.
[it 16] energy J(local)=[0.0958 0.0441 0.0693]
SigmaR resid-by-omega: peak w=1.10THz val=3.315e+02 in-band(<=46.4)=0.978 low(<=5)=0.185
Maximum Self-Energy Update: 331.4897473975017
Contact Current Difference: 0.0
Current Conservation abs: 0.023601171906193485
Current Conservation rel: 6.981217592951212e-07
Phonon: rel Sigma^R residual 3.0614e-01; lead balance 3.0918e-02 (best 3.0200e-04; internal spread 2.3994e-01)
Bubble energy balance: P_in=-2.439725e+04 P_out=-2.439725e+04 resid=8.353e-17
Writing output for iteration 16...
Iteration 17
eta IR floor ramp: it=17 floor_cells=1.575 (2 -> 0 over 80)
eta IR floor ON: Gamma_floor=0.3335 THz^2 (eta_ir_floor_cells=1.575, omega_c=2*dw=0.733 THz) on the unresolved soft modes.
[it 17] energy J(local)=[0.0958 0.0537 0.0746]
SigmaR resid-by-omega: peak w=22.73THz val=3.701e+02 in-band(<=46.4)=0.969 low(<=5)=0.161
Maximum Self-Energy Update: 370.140776554028
Contact Current Difference: 0.0
Current Conservation abs: 0.016824416954477783
Current Conservation rel: 4.0573695359054453e-07
Phonon: rel Sigma^R residual 3.0352e-01; lead balance 2.9853e-02 (best 3.0200e-04; internal spread 2.3967e-01)
Bubble energy balance: P_in=-2.710400e+04 P_out=-2.710400e+04 resid=4.091e-17
Writing output for iteration 17...
Iteration 18
eta IR floor ramp: it=18 floor_cells=1.55 (2 -> 0 over 80)
eta IR floor ON: Gamma_floor=0.323 THz^2 (eta_ir_floor_cells=1.55, omega_c=2*dw=0.733 THz) on the unresolved soft modes.
[it 18] energy J(local)=[0.1082 0.0753 0.0844]
SigmaR resid-by-omega: peak w=0.73THz val=4.965e+02 in-band(<=46.4)=0.963 low(<=5)=0.146
Maximum Self-Energy Update: 496.4758250098289
Contact Current Difference: 0.0
Current Conservation abs: 0.12679994825157337
Current Conservation rel: 2.3010835014779553e-06
Phonon: rel Sigma^R residual 3.3988e-01; lead balance 3.7855e-02 (best 3.0200e-04; internal spread 2.4191e-01)
Bubble energy balance: P_in=-3.137653e+04 P_out=-3.137653e+04 resid=2.288e-16
Writing output for iteration 18...
Iteration 19
eta IR floor ramp: it=19 floor_cells=1.525 (2 -> 0 over 80)
eta IR floor ON: Gamma_floor=0.3127 THz^2 (eta_ir_floor_cells=1.525, omega_c=2*dw=0.733 THz) on the unresolved soft modes.
[it 19] energy J(local)=[0.1299 0.1031 0.0956]
SigmaR resid-by-omega: peak w=0.73THz val=5.251e+02 in-band(<=46.4)=0.962 low(<=5)=0.144
Maximum Self-Energy Update: 525.1451365548685
Contact Current Difference: 0.0
Current Conservation abs: 0.15899923878896516
Current Conservation rel: 2.7391250301553582e-06
Phonon: rel Sigma^R residual 3.4340e-01; lead balance 5.3734e-02 (best 3.0200e-04; internal spread 2.4569e-01)
Bubble energy balance: P_in=-3.174694e+04 P_out=-3.174694e+04 resid=1.542e-16
Writing output for iteration 19...
Iteration 20
eta IR floor ramp: it=20 floor_cells=1.5 (2 -> 0 over 80)
eta IR floor ON: Gamma_floor=0.3025 THz^2 (eta_ir_floor_cells=1.5, omega_c=2*dw=0.733 THz) on the unresolved soft modes.
[it 20] energy J(local)=[0.1406 0.1195 0.1029]
SigmaR resid-by-omega: peak w=22.73THz val=3.654e+02 in-band(<=46.4)=0.964 low(<=5)=0.134
Maximum Self-Energy Update: 365.357166246556
Contact Current Difference: 0.0
Current Conservation abs: 0.12921182294667233
Current Conservation rel: 2.723347867609052e-06
Phonon: rel Sigma^R residual 2.8479e-01; lead balance 6.2226e-02 (best 3.0200e-04; internal spread 2.4182e-01)
Bubble energy balance: P_in=-2.798005e+04 P_out=-2.798005e+04 resid=2.128e-16
Writing output for iteration 20...
Iteration 21
eta IR floor ramp: it=21 floor_cells=1.475 (2 -> 0 over 80)
eta IR floor ON: Gamma_floor=0.2925 THz^2 (eta_ir_floor_cells=1.475, omega_c=2*dw=0.733 THz) on the unresolved soft modes.
[it 21] energy J(local)=[0.1415 0.1279 0.1127]
SigmaR resid-by-omega: peak w=22.73THz val=3.911e+02 in-band(<=46.4)=0.961 low(<=5)=0.137
Maximum Self-Energy Update: 391.14061533034254
Contact Current Difference: 0.0
Current Conservation abs: 0.03983660039011738
Current Conservation rel: 8.901724369655023e-07
Phonon: rel Sigma^R residual 3.0353e-01; lead balance 6.0657e-02 (best 3.0200e-04; internal spread 2.3114e-01)
Bubble energy balance: P_in=-2.696321e+04 P_out=-2.696321e+04 resid=3.495e-16
Writing output for iteration 21...
Iteration 22
eta IR floor ramp: it=22 floor_cells=1.45 (2 -> 0 over 80)
eta IR floor ON: Gamma_floor=0.2827 THz^2 (eta_ir_floor_cells=1.45, omega_c=2*dw=0.733 THz) on the unresolved soft modes.
[it 22] energy J(local)=[0.1463 0.1387 0.1248]
SigmaR resid-by-omega: peak w=0.73THz val=3.559e+02 in-band(<=46.4)=0.962 low(<=5)=0.148
Maximum Self-Energy Update: 355.9299750673771
Contact Current Difference: 0.0
Current Conservation abs: 0.01801114213594701
Current Conservation rel: 4.1106249503955795e-07
Phonon: rel Sigma^R residual 2.6695e-01; lead balance 5.5658e-02 (best 3.0200e-04; internal spread 2.1719e-01)
Bubble energy balance: P_in=-2.672804e+04 P_out=-2.672804e+04 resid=2.046e-16
Writing output for iteration 22...
Iteration 23
eta IR floor ramp: it=23 floor_cells=1.425 (2 -> 0 over 80)
eta IR floor ON: Gamma_floor=0.273 THz^2 (eta_ir_floor_cells=1.425, omega_c=2*dw=0.733 THz) on the unresolved soft modes.
[it 23] energy J(local)=[0.1531 0.1482 0.1353]
SigmaR resid-by-omega: peak w=22.73THz val=2.576e+02 in-band(<=46.4)=0.963 low(<=5)=0.152
Maximum Self-Energy Update: 257.6274739688458
Contact Current Difference: 0.0
Current Conservation abs: 0.014811422435741406
Current Conservation rel: 3.7923867667194575e-07
Phonon: rel Sigma^R residual 2.1430e-01; lead balance 4.9856e-02 (best 3.0200e-04; internal spread 2.0436e-01)
Bubble energy balance: P_in=-2.530930e+04 P_out=-2.530930e+04 resid=1.227e-16
Writing output for iteration 23...
Iteration 24
eta IR floor ramp: it=24 floor_cells=1.4 (2 -> 0 over 80)
eta IR floor ON: Gamma_floor=0.2635 THz^2 (eta_ir_floor_cells=1.4, omega_c=2*dw=0.733 THz) on the unresolved soft modes.
[it 24] energy J(local)=[0.1586 0.1544 0.1431]
SigmaR resid-by-omega: peak w=1.10THz val=2.105e+02 in-band(<=46.4)=0.967 low(<=5)=0.170
Maximum Self-Energy Update: 210.50538095902658
Contact Current Difference: 0.0
Current Conservation abs: 0.021401652396889403
Current Conservation rel: 5.706208400299656e-07
Phonon: rel Sigma^R residual 1.8132e-01; lead balance 4.4860e-02 (best 3.0200e-04; internal spread 1.9521e-01)
Bubble energy balance: P_in=-2.492463e+04 P_out=-2.492463e+04 resid=1.479e-16
Writing output for iteration 24...
Iteration 25
eta IR floor ramp: it=25 floor_cells=1.375 (2 -> 0 over 80)
eta IR floor ON: Gamma_floor=0.2542 THz^2 (eta_ir_floor_cells=1.375, omega_c=2*dw=0.733 THz) on the unresolved soft modes.
[it 25] energy J(local)=[0.1618 0.1575 0.1484]
SigmaR resid-by-omega: peak w=1.10THz val=2.078e+02 in-band(<=46.4)=0.969 low(<=5)=0.185
Maximum Self-Energy Update: 207.82299024584893
Contact Current Difference: 0.0
Current Conservation abs: 0.026187266517808894
Current Conservation rel: 7.076245611207952e-07
Phonon: rel Sigma^R residual 1.7980e-01; lead balance 4.0294e-02 (best 3.0200e-04; internal spread 1.8823e-01)
Bubble energy balance: P_in=-2.486179e+04 P_out=-2.486179e+04 resid=4.109e-16
Writing output for iteration 25...
Iteration 26
eta IR floor ramp: it=26 floor_cells=1.35 (2 -> 0 over 80)
eta IR floor ON: Gamma_floor=0.245 THz^2 (eta_ir_floor_cells=1.35, omega_c=2*dw=0.733 THz) on the unresolved soft modes.
[it 26] energy J(local)=[0.1618 0.1568 0.1505]
SigmaR resid-by-omega: peak w=1.10THz val=2.073e+02 in-band(<=46.4)=0.971 low(<=5)=0.197
Maximum Self-Energy Update: 207.28625559720328
Contact Current Difference: 0.0
Current Conservation abs: 0.02924285287008388
Current Conservation rel: 7.938761081474163e-07
Phonon: rel Sigma^R residual 1.7590e-01; lead balance 3.6088e-02 (best 3.0200e-04; internal spread 1.8293e-01)
Bubble energy balance: P_in=-2.490090e+04 P_out=-2.490090e+04 resid=7.322e-17
Writing output for iteration 26...
Iteration 27
eta IR floor ramp: it=27 floor_cells=1.325 (2 -> 0 over 80)
eta IR floor ON: Gamma_floor=0.236 THz^2 (eta_ir_floor_cells=1.325, omega_c=2*dw=0.733 THz) on the unresolved soft modes.
[it 27] energy J(local)=[0.1581 0.1522 0.1487]
SigmaR resid-by-omega: peak w=1.10THz val=2.056e+02 in-band(<=46.4)=0.972 low(<=5)=0.205
Maximum Self-Energy Update: 205.60253981035788
Contact Current Difference: 0.0
Current Conservation abs: 0.03221397979723406
Current Conservation rel: 8.741429529343957e-07
Phonon: rel Sigma^R residual 1.7081e-01; lead balance 3.2297e-02 (best 3.0200e-04; internal spread 1.7889e-01)
Bubble energy balance: P_in=-2.501950e+04 P_out=-2.501950e+04 resid=1.727e-16
Writing output for iteration 27...
Iteration 28
eta IR floor ramp: it=28 floor_cells=1.3 (2 -> 0 over 80)
eta IR floor ON: Gamma_floor=0.2272 THz^2 (eta_ir_floor_cells=1.3, omega_c=2*dw=0.733 THz) on the unresolved soft modes.
[it 28] energy J(local)=[0.1515 0.1448 0.1436]
SigmaR resid-by-omega: peak w=1.10THz val=2.029e+02 in-band(<=46.4)=0.968 low(<=5)=0.207
Maximum Self-Energy Update: 202.89405291461887
Contact Current Difference: 0.0
Current Conservation abs: 0.036634897278418066
Current Conservation rel: 9.863832227927476e-07
Phonon: rel Sigma^R residual 1.6436e-01; lead balance 2.8969e-02 (best 3.0200e-04; internal spread 1.7562e-01)
Bubble energy balance: P_in=-2.527059e+04 P_out=-2.527059e+04 resid=2.066e-16
Writing output for iteration 28...
Iteration 29
eta IR floor ramp: it=29 floor_cells=1.275 (2 -> 0 over 80)
eta IR floor ON: Gamma_floor=0.2186 THz^2 (eta_ir_floor_cells=1.275, omega_c=2*dw=0.733 THz) on the unresolved soft modes.
[it 29] energy J(local)=[0.1439 0.137  0.137 ]
SigmaR resid-by-omega: peak w=1.10THz val=1.995e+02 in-band(<=46.4)=0.965 low(<=5)=0.206
Maximum Self-Energy Update: 199.48718723005496
Contact Current Difference: 0.0
Current Conservation abs: 0.043291422436595894
Current Conservation rel: 1.140426756988416e-06
Phonon: rel Sigma^R residual 1.5638e-01; lead balance 2.6100e-02 (best 3.0200e-04; internal spread 1.7258e-01)
Bubble energy balance: P_in=-2.576622e+04 P_out=-2.576622e+04 resid=1.589e-16
Writing output for iteration 29...
Iteration 30
eta IR floor ramp: it=30 floor_cells=1.25 (2 -> 0 over 80)
eta IR floor ON: Gamma_floor=0.2101 THz^2 (eta_ir_floor_cells=1.25, omega_c=2*dw=0.733 THz) on the unresolved soft modes.
[it 30] energy J(local)=[0.1369 0.1306 0.1305]
SigmaR resid-by-omega: peak w=0.37THz val=2.344e+02 in-band(<=46.4)=0.962 low(<=5)=0.213
Maximum Self-Energy Update: 234.4282722233648
Contact Current Difference: 0.0
Current Conservation abs: 0.05256220139199286
Current Conservation rel: 1.3200269213446566e-06
Phonon: rel Sigma^R residual 1.7582e-01; lead balance 2.3689e-02 (best 3.0200e-04; internal spread 1.6936e-01)
Bubble energy balance: P_in=-2.669531e+04 P_out=-2.669531e+04 resid=7.249e-17
Writing output for iteration 30...
Iteration 31
eta IR floor ramp: it=31 floor_cells=1.225 (2 -> 0 over 80)
eta IR floor ON: Gamma_floor=0.2018 THz^2 (eta_ir_floor_cells=1.225, omega_c=2*dw=0.733 THz) on the unresolved soft modes.
[it 31] energy J(local)=[0.1313 0.1266 0.1249]
SigmaR resid-by-omega: peak w=0.37THz val=3.433e+02 in-band(<=46.4)=0.961 low(<=5)=0.227
Maximum Self-Energy Update: 343.33298449133116
Contact Current Difference: 0.0
Current Conservation abs: 0.06579725575647899
Current Conservation rel: 1.5011491126419438e-06
Phonon: rel Sigma^R residual 2.4153e-01; lead balance 2.1836e-02 (best 3.0200e-04; internal spread 1.6567e-01)
Bubble energy balance: P_in=-2.842136e+04 P_out=-2.842136e+04 resid=3.276e-16
Writing output for iteration 31...
Iteration 32
eta IR floor ramp: it=32 floor_cells=1.2 (2 -> 0 over 80)
eta IR floor ON: Gamma_floor=0.1936 THz^2 (eta_ir_floor_cells=1.2, omega_c=2*dw=0.733 THz) on the unresolved soft modes.
[it 32] energy J(local)=[0.1274 0.1265 0.1209]
SigmaR resid-by-omega: peak w=0.37THz val=6.034e+02 in-band(<=46.4)=0.962 low(<=5)=0.234
Maximum Self-Energy Update: 603.4185207459867
Contact Current Difference: 0.0
Current Conservation abs: 0.09331369891151553
Current Conservation rel: 1.7505987401382895e-06
Phonon: rel Sigma^R residual 3.6733e-01; lead balance 2.0864e-02 (best 3.0200e-04; internal spread 1.6119e-01)
Bubble energy balance: P_in=-3.193473e+04 P_out=-3.193473e+04 resid=1.884e-16
Writing output for iteration 32...
Iteration 33
eta IR floor ramp: it=33 floor_cells=1.175 (2 -> 0 over 80)
eta IR floor ON: Gamma_floor=0.1856 THz^2 (eta_ir_floor_cells=1.175, omega_c=2*dw=0.733 THz) on the unresolved soft modes.
[it 33] energy J(local)=[0.1252 0.1333 0.1181]
SigmaR resid-by-omega: peak w=0.73THz val=1.413e+03 in-band(<=46.4)=0.962 low(<=5)=0.241
Maximum Self-Energy Update: 1412.79632972615
Contact Current Difference: 0.0
Current Conservation abs: 0.22091143307625316
Current Conservation rel: 2.909482329348154e-06
Phonon: rel Sigma^R residual 5.6828e-01; lead balance 2.1596e-02 (best 3.0200e-04; internal spread 1.5545e-01)
Bubble energy balance: P_in=-3.956428e+04 P_out=-3.956428e+04 resid=1.861e-16
Writing output for iteration 33...
Iteration 34
eta IR floor ramp: it=34 floor_cells=1.15 (2 -> 0 over 80)
eta IR floor ON: Gamma_floor=0.1778 THz^2 (eta_ir_floor_cells=1.15, omega_c=2*dw=0.733 THz) on the unresolved soft modes.
[it 34] energy J(local)=[0.1287 0.137  0.1115]
SigmaR resid-by-omega: peak w=0.37THz val=6.204e+02 in-band(<=46.4)=0.961 low(<=5)=0.240
Maximum Self-Energy Update: 620.4264513396209
Contact Current Difference: 0.0
Current Conservation abs: 0.1461176700431679
Current Conservation rel: 2.5897809731637303e-06
Phonon: rel Sigma^R residual 3.3619e-01; lead balance 2.7447e-02 (best 3.0200e-04; internal spread 1.5546e-01)
Bubble energy balance: P_in=-3.337515e+04 P_out=-3.337515e+04 resid=2.903e-16
Writing output for iteration 34...
Iteration 35
eta IR floor ramp: it=35 floor_cells=1.125 (2 -> 0 over 80)
eta IR floor ON: Gamma_floor=0.1702 THz^2 (eta_ir_floor_cells=1.125, omega_c=2*dw=0.733 THz) on the unresolved soft modes.
[it 35] energy J(local)=[0.146  0.1492 0.1068]
SigmaR resid-by-omega: peak w=0.73THz val=1.141e+03 in-band(<=46.4)=0.962 low(<=5)=0.233
Maximum Self-Energy Update: 1141.1551191810584
Contact Current Difference: 0.0
Current Conservation abs: 0.08338964210634003
Current Conservation rel: 1.2776528135814618e-06
Phonon: rel Sigma^R residual 5.3310e-01; lead balance 3.6125e-02 (best 3.0200e-04; internal spread 1.5864e-01)
Bubble energy balance: P_in=-3.626465e+04 P_out=-3.626465e+04 resid=2.394e-17
Writing output for iteration 35...
Iteration 36
eta IR floor ramp: it=36 floor_cells=1.1 (2 -> 0 over 80)
eta IR floor ON: Gamma_floor=0.1627 THz^2 (eta_ir_floor_cells=1.1, omega_c=2*dw=0.733 THz) on the unresolved soft modes.
[it 36] energy J(local)=[0.1291 0.1291 0.1026]
SigmaR resid-by-omega: peak w=0.73THz val=1.069e+03 in-band(<=46.4)=0.962 low(<=5)=0.237
Maximum Self-Energy Update: 1069.3192920258355
Contact Current Difference: 0.0
Current Conservation abs: 0.017069562112737913
Current Conservation rel: 3.7463418558104443e-07
Phonon: rel Sigma^R residual 4.9013e-01; lead balance 3.0811e-02 (best 3.0200e-04; internal spread 1.6174e-01)
Bubble energy balance: P_in=-2.998887e+04 P_out=-2.998887e+04 resid=3.757e-17
Writing output for iteration 36...
Iteration 37
eta IR floor ramp: it=37 floor_cells=1.075 (2 -> 0 over 80)
eta IR floor ON: Gamma_floor=0.1554 THz^2 (eta_ir_floor_cells=1.075, omega_c=2*dw=0.733 THz) on the unresolved soft modes.
[it 37] energy J(local)=[0.1207 0.1199 0.0998]
SigmaR resid-by-omega: peak w=0.37THz val=5.655e+02 in-band(<=46.4)=0.962 low(<=5)=0.239
Maximum Self-Energy Update: 565.4961069500695
Contact Current Difference: 0.0
Current Conservation abs: 0.08307945554770413
Current Conservation rel: 2.208275778125578e-06
Phonon: rel Sigma^R residual 3.1640e-01; lead balance 2.8915e-02 (best 3.0200e-04; internal spread 1.6500e-01)
Bubble energy balance: P_in=-2.764313e+04 P_out=-2.764313e+04 resid=4.632e-16
Writing output for iteration 37...
Iteration 38
eta IR floor ramp: it=38 floor_cells=1.05 (2 -> 0 over 80)
eta IR floor ON: Gamma_floor=0.1482 THz^2 (eta_ir_floor_cells=1.05, omega_c=2*dw=0.733 THz) on the unresolved soft modes.
[it 38] energy J(local)=[0.117  0.1149 0.0983]
SigmaR resid-by-omega: peak w=1.10THz val=4.150e+02 in-band(<=46.4)=0.961 low(<=5)=0.245
Maximum Self-Energy Update: 415.0426864217965
Contact Current Difference: 0.0
Current Conservation abs: 0.10646175469446462
Current Conservation rel: 2.9224136490566458e-06
Phonon: rel Sigma^R residual 2.5221e-01; lead balance 2.8156e-02 (best 3.0200e-04; internal spread 1.6833e-01)
Bubble energy balance: P_in=-2.775943e+04 P_out=-2.775943e+04 resid=2.520e-16
Writing output for iteration 38...
Iteration 39
eta IR floor ramp: it=39 floor_cells=1.025 (2 -> 0 over 80)
eta IR floor ON: Gamma_floor=0.1413 THz^2 (eta_ir_floor_cells=1.025, omega_c=2*dw=0.733 THz) on the unresolved soft modes.
[it 39] energy J(local)=[0.1144 0.111  0.0974]
SigmaR resid-by-omega: peak w=1.10THz val=3.327e+02 in-band(<=46.4)=0.961 low(<=5)=0.256
Maximum Self-Energy Update: 332.7424750822297
Contact Current Difference: 0.0
Current Conservation abs: 0.11868092885561055
Current Conservation rel: 3.263926846877347e-06
Phonon: rel Sigma^R residual 2.1245e-01; lead balance 2.7356e-02 (best 3.0200e-04; internal spread 1.7044e-01)
Bubble energy balance: P_in=-2.826834e+04 P_out=-2.826834e+04 resid=1.376e-16
Writing output for iteration 39...
Iteration 40
eta IR floor ramp: it=40 floor_cells=1 (2 -> 0 over 80)
eta IR floor ON: Gamma_floor=0.1344 THz^2 (eta_ir_floor_cells=1, omega_c=2*dw=0.733 THz) on the unresolved soft modes.
[it 40] energy J(local)=[0.1125 0.1082 0.0968]
SigmaR resid-by-omega: peak w=1.10THz val=2.711e+02 in-band(<=46.4)=0.962 low(<=5)=0.274
Maximum Self-Energy Update: 271.13198934228683
Contact Current Difference: 0.0
Current Conservation abs: 0.1256034096586518
Current Conservation rel: 3.422875001333286e-06
Phonon: rel Sigma^R residual 1.7714e-01; lead balance 2.6435e-02 (best 3.0200e-04; internal spread 1.7110e-01)
Bubble energy balance: P_in=-2.888406e+04 P_out=-2.888406e+04 resid=7.831e-18
Writing output for iteration 40...
Iteration 41
eta IR floor ramp: it=41 floor_cells=0.975 (2 -> 0 over 80)
eta IR floor ON: Gamma_floor=0.1278 THz^2 (eta_ir_floor_cells=0.975, omega_c=2*dw=0.733 THz) on the unresolved soft modes.
[it 41] energy J(local)=[0.1113 0.1063 0.0967]
SigmaR resid-by-omega: peak w=1.10THz val=2.225e+02 in-band(<=46.4)=0.963 low(<=5)=0.299
Maximum Self-Energy Update: 222.50438370651253
Contact Current Difference: 0.0
Current Conservation abs: 0.12928069744521054
Current Conservation rel: 3.473482337596482e-06
Phonon: rel Sigma^R residual 1.4732e-01; lead balance 2.5404e-02 (best 3.0200e-04; internal spread 1.7027e-01)
Bubble energy balance: P_in=-2.951490e+04 P_out=-2.951490e+04 resid=1.863e-16
Writing output for iteration 41...
Iteration 42
eta IR floor ramp: it=42 floor_cells=0.95 (2 -> 0 over 80)
eta IR floor ON: Gamma_floor=0.1213 THz^2 (eta_ir_floor_cells=0.95, omega_c=2*dw=0.733 THz) on the unresolved soft modes.
[it 42] energy J(local)=[0.1106 0.1052 0.097 ]
SigmaR resid-by-omega: peak w=1.10THz val=1.912e+02 in-band(<=46.4)=0.970 low(<=5)=0.302
Maximum Self-Energy Update: 191.19103036575822
Contact Current Difference: 0.0
Current Conservation abs: 0.1307554207269277
Current Conservation rel: 3.4557384428511984e-06
Phonon: rel Sigma^R residual 1.2763e-01; lead balance 2.4288e-02 (best 3.0200e-04; internal spread 1.6804e-01)
Bubble energy balance: P_in=-3.011455e+04 P_out=-3.011455e+04 resid=2.717e-16
Writing output for iteration 42...
Iteration 43
eta IR floor ramp: it=43 floor_cells=0.925 (2 -> 0 over 80)
eta IR floor ON: Gamma_floor=0.115 THz^2 (eta_ir_floor_cells=0.925, omega_c=2*dw=0.733 THz) on the unresolved soft modes.
[it 43] energy J(local)=[0.1104 0.1048 0.0976]
SigmaR resid-by-omega: peak w=0.73THz val=1.672e+02 in-band(<=46.4)=0.972 low(<=5)=0.285
Maximum Self-Energy Update: 167.16037022649866
Contact Current Difference: 0.0
Current Conservation abs: 0.13065730515518226
Current Conservation rel: 3.3941029804143067e-06
Phonon: rel Sigma^R residual 1.1216e-01; lead balance 2.3118e-02 (best 3.0200e-04; internal spread 1.6460e-01)
Bubble energy balance: P_in=-3.065546e+04 P_out=-3.065546e+04 resid=2.174e-16
Writing output for iteration 43...
Iteration 44
eta IR floor ramp: it=44 floor_cells=0.9 (2 -> 0 over 80)
eta IR floor ON: Gamma_floor=0.1089 THz^2 (eta_ir_floor_cells=0.9, omega_c=2*dw=0.733 THz) on the unresolved soft modes.
[it 44] energy J(local)=[0.1107 0.1049 0.0985]
SigmaR resid-by-omega: peak w=0.73THz val=1.495e+02 in-band(<=46.4)=0.974 low(<=5)=0.254
Maximum Self-Energy Update: 149.45335523250546
Contact Current Difference: 0.0
Current Conservation abs: 0.12941570320617757
Current Conservation rel: 3.304497121579019e-06
Phonon: rel Sigma^R residual 1.0061e-01; lead balance 2.1930e-02 (best 3.0200e-04; internal spread 1.6019e-01)
Bubble energy balance: P_in=-3.112225e+04 P_out=-3.112225e+04 resid=6.257e-17
Writing output for iteration 44...
Iteration 45
eta IR floor ramp: it=45 floor_cells=0.875 (2 -> 0 over 80)
eta IR floor ON: Gamma_floor=0.1029 THz^2 (eta_ir_floor_cells=0.875, omega_c=2*dw=0.733 THz) on the unresolved soft modes.
[it 45] energy J(local)=[0.1113 0.1055 0.0997]
SigmaR resid-by-omega: peak w=0.73THz val=1.338e+02 in-band(<=46.4)=0.971 low(<=5)=0.215
Maximum Self-Energy Update: 133.79947239053416
Contact Current Difference: 0.0
Current Conservation abs: 0.12735995009279577
Current Conservation rel: 3.1980641554679023e-06
Phonon: rel Sigma^R residual 9.0278e-02; lead balance 2.0756e-02 (best 3.0200e-04; internal spread 1.5505e-01)
Bubble energy balance: P_in=-3.150803e+04 P_out=-3.150803e+04 resid=2.162e-16
Writing output for iteration 45...
Iteration 46
eta IR floor ramp: it=46 floor_cells=0.85 (2 -> 0 over 80)
eta IR floor ON: Gamma_floor=0.09714 THz^2 (eta_ir_floor_cells=0.85, omega_c=2*dw=0.733 THz) on the unresolved soft modes.
[it 46] energy J(local)=[0.1123 0.1065 0.1011]
SigmaR resid-by-omega: peak w=0.73THz val=1.226e+02 in-band(<=46.4)=0.966 low(<=5)=0.180
Maximum Self-Energy Update: 122.63763456924626
Contact Current Difference: 0.0
Current Conservation abs: 0.124763516963867
Current Conservation rel: 3.0832575912024885e-06
Phonon: rel Sigma^R residual 8.2893e-02; lead balance 1.9625e-02 (best 3.0200e-04; internal spread 1.4943e-01)
Bubble energy balance: P_in=-3.181116e+04 P_out=-3.181116e+04 resid=8.285e-17
Writing output for iteration 46...
Iteration 47
eta IR floor ramp: it=47 floor_cells=0.825 (2 -> 0 over 80)
eta IR floor ON: Gamma_floor=0.09151 THz^2 (eta_ir_floor_cells=0.825, omega_c=2*dw=0.733 THz) on the unresolved soft modes.
[it 47] energy J(local)=[0.1135 0.1077 0.1027]
SigmaR resid-by-omega: peak w=0.73THz val=1.120e+02 in-band(<=46.4)=0.963 low(<=5)=0.153
Maximum Self-Energy Update: 111.96833791629874
Contact Current Difference: 0.0
Current Conservation abs: 0.1218548917931912
Current Conservation rel: 2.966726145503332e-06
Phonon: rel Sigma^R residual 7.5795e-02; lead balance 1.8561e-02 (best 3.0200e-04; internal spread 1.4358e-01)
Bubble energy balance: P_in=-3.203292e+04 P_out=-3.203292e+04 resid=1.452e-16
Writing output for iteration 47...
Iteration 48
eta IR floor ramp: it=48 floor_cells=0.8 (2 -> 0 over 80)
eta IR floor ON: Gamma_floor=0.08604 THz^2 (eta_ir_floor_cells=0.8, omega_c=2*dw=0.733 THz) on the unresolved soft modes.
[it 48] energy J(local)=[0.1148 0.1092 0.1045]
SigmaR resid-by-omega: peak w=23.10THz val=1.034e+02 in-band(<=46.4)=0.962 low(<=5)=0.144
Maximum Self-Energy Update: 103.39070948689503
Contact Current Difference: 0.0
Current Conservation abs: 0.1188141534148599
Current Conservation rel: 2.8534955315618953e-06
Phonon: rel Sigma^R residual 7.0087e-02; lead balance 1.7579e-02 (best 3.0200e-04; internal spread 1.3769e-01)
Bubble energy balance: P_in=-3.217629e+04 P_out=-3.217629e+04 resid=2.999e-16
Writing output for iteration 48...
Iteration 49
eta IR floor ramp: it=49 floor_cells=0.775 (2 -> 0 over 80)
eta IR floor ON: Gamma_floor=0.08075 THz^2 (eta_ir_floor_cells=0.775, omega_c=2*dw=0.733 THz) on the unresolved soft modes.
[it 49] energy J(local)=[0.1164 0.1108 0.1063]
SigmaR resid-by-omega: peak w=23.10THz val=1.087e+02 in-band(<=46.4)=0.962 low(<=5)=0.146
Maximum Self-Energy Update: 108.65571924008331
Contact Current Difference: 0.0
Current Conservation abs: 0.11576989458626485
Current Conservation rel: 2.746967162243775e-06
Phonon: rel Sigma^R residual 7.3766e-02; lead balance 1.6689e-02 (best 3.0200e-04; internal spread 1.3192e-01)
Bubble energy balance: P_in=-3.224581e+04 P_out=-3.224581e+04 resid=1.590e-16
Writing output for iteration 49...
Iteration 50
eta IR floor ramp: it=50 floor_cells=0.75 (2 -> 0 over 80)
eta IR floor ON: Gamma_floor=0.07562 THz^2 (eta_ir_floor_cells=0.75, omega_c=2*dw=0.733 THz) on the unresolved soft modes.
[it 50] energy J(local)=[0.1181 0.1125 0.1082]
SigmaR resid-by-omega: peak w=23.10THz val=1.120e+02 in-band(<=46.4)=0.962 low(<=5)=0.147
Maximum Self-Energy Update: 111.97625511591616
Contact Current Difference: 0.0
Current Conservation abs: 0.11280331355010276
Current Conservation rel: 2.6490536047888287e-06
Phonon: rel Sigma^R residual 7.6083e-02; lead balance 1.5893e-02 (best 3.0200e-04; internal spread 1.2640e-01)
Bubble energy balance: P_in=-3.224762e+04 P_out=-3.224762e+04 resid=1.067e-16
Writing output for iteration 50...
Iteration 51
eta IR floor ramp: it=51 floor_cells=0.725 (2 -> 0 over 80)
eta IR floor ON: Gamma_floor=0.07067 THz^2 (eta_ir_floor_cells=0.725, omega_c=2*dw=0.733 THz) on the unresolved soft modes.
[it 51] energy J(local)=[0.1198 0.1142 0.1101]
SigmaR resid-by-omega: peak w=23.10THz val=1.136e+02 in-band(<=46.4)=0.962 low(<=5)=0.150
Maximum Self-Energy Update: 113.61956938993367
Contact Current Difference: 0.0
Current Conservation abs: 0.10995877041932545
Current Conservation rel: 2.5605005610714562e-06
Phonon: rel Sigma^R residual 7.7291e-02; lead balance 1.5191e-02 (best 3.0200e-04; internal spread 1.2122e-01)
Bubble energy balance: P_in=-3.218920e+04 P_out=-3.218920e+04 resid=3.431e-16
Writing output for iteration 51...
Iteration 52
eta IR floor ramp: it=52 floor_cells=0.7 (2 -> 0 over 80)
eta IR floor ON: Gamma_floor=0.06588 THz^2 (eta_ir_floor_cells=0.7, omega_c=2*dw=0.733 THz) on the unresolved soft modes.
[it 52] energy J(local)=[0.1216 0.116  0.1121]
SigmaR resid-by-omega: peak w=23.10THz val=1.138e+02 in-band(<=46.4)=0.961 low(<=5)=0.153
Maximum Self-Energy Update: 113.83847623950369
Contact Current Difference: 0.0
Current Conservation abs: 0.10725639274460264
Current Conservation rel: 2.4812839152101743e-06
Phonon: rel Sigma^R residual 7.7559e-02; lead balance 1.4578e-02 (best 3.0200e-04; internal spread 1.1643e-01)
Bubble energy balance: P_in=-3.207886e+04 P_out=-3.207886e+04 resid=1.747e-16
Writing output for iteration 52...
Iteration 53
eta IR floor ramp: it=53 floor_cells=0.675 (2 -> 0 over 80)
eta IR floor ON: Gamma_floor=0.06126 THz^2 (eta_ir_floor_cells=0.675, omega_c=2*dw=0.733 THz) on the unresolved soft modes.
[it 53] energy J(local)=[0.1234 0.1178 0.114 ]
SigmaR resid-by-omega: peak w=1.10THz val=1.155e+02 in-band(<=46.4)=0.961 low(<=5)=0.155
Maximum Self-Energy Update: 115.50877482317382
Contact Current Difference: 0.0
Current Conservation abs: 0.10470271071244497
Current Conservation rel: 2.410957464601671e-06
Phonon: rel Sigma^R residual 7.8842e-02; lead balance 1.4046e-02 (best 3.0200e-04; internal spread 1.1207e-01)
Bubble energy balance: P_in=-3.192508e+04 P_out=-3.192508e+04 resid=2.890e-16
Writing output for iteration 53...
Iteration 54
eta IR floor ramp: it=54 floor_cells=0.65 (2 -> 0 over 80)
eta IR floor ON: Gamma_floor=0.0568 THz^2 (eta_ir_floor_cells=0.65, omega_c=2*dw=0.733 THz) on the unresolved soft modes.
[it 54] energy J(local)=[0.1253 0.1195 0.1159]
SigmaR resid-by-omega: peak w=1.10THz val=1.208e+02 in-band(<=46.4)=0.960 low(<=5)=0.157
Maximum Self-Energy Update: 120.79097437805103
Contact Current Difference: 0.0
Current Conservation abs: 0.10229762379822205
Current Conservation rel: 2.348891122547418e-06
Phonon: rel Sigma^R residual 8.2620e-02; lead balance 1.3589e-02 (best 3.0200e-04; internal spread 1.0815e-01)
Bubble energy balance: P_in=-3.173601e+04 P_out=-3.173601e+04 resid=1.673e-16
Writing output for iteration 54...
Iteration 55
eta IR floor ramp: it=55 floor_cells=0.625 (2 -> 0 over 80)
eta IR floor ON: Gamma_floor=0.05252 THz^2 (eta_ir_floor_cells=0.625, omega_c=2*dw=0.733 THz) on the unresolved soft modes.
[it 55] energy J(local)=[0.1271 0.1212 0.1178]
SigmaR resid-by-omega: peak w=0.73THz val=1.279e+02 in-band(<=46.4)=0.960 low(<=5)=0.160
Maximum Self-Energy Update: 127.8877885751147
Contact Current Difference: 0.0
Current Conservation abs: 0.10003801153288805
Current Conservation rel: 2.2944021327823854e-06
Phonon: rel Sigma^R residual 8.7669e-02; lead balance 1.3198e-02 (best 3.0200e-04; internal spread 1.0466e-01)
Bubble energy balance: P_in=-3.151908e+04 P_out=-3.151908e+04 resid=4.059e-16
Writing output for iteration 55...
Iteration 56
eta IR floor ramp: it=56 floor_cells=0.6 (2 -> 0 over 80)
eta IR floor ON: Gamma_floor=0.0484 THz^2 (eta_ir_floor_cells=0.6, omega_c=2*dw=0.733 THz) on the unresolved soft modes.
[it 56] energy J(local)=[0.1289 0.1229 0.1195]
SigmaR resid-by-omega: peak w=0.73THz val=1.365e+02 in-band(<=46.4)=0.960 low(<=5)=0.162
Maximum Self-Energy Update: 136.4509189722405
Contact Current Difference: 0.0
Current Conservation abs: 0.09791915456662537
Current Conservation rel: 2.2468115120329484e-06
Phonon: rel Sigma^R residual 9.3749e-02; lead balance 1.2866e-02 (best 3.0200e-04; internal spread 1.0158e-01)
Bubble energy balance: P_in=-3.128087e+04 P_out=-3.128087e+04 resid=1.750e-16
Writing output for iteration 56...
Iteration 57
eta IR floor ramp: it=57 floor_cells=0.575 (2 -> 0 over 80)
eta IR floor ON: Gamma_floor=0.04445 THz^2 (eta_ir_floor_cells=0.575, omega_c=2*dw=0.733 THz) on the unresolved soft modes.
[it 57] energy J(local)=[0.1306 0.1245 0.1212]
SigmaR resid-by-omega: peak w=0.73THz val=1.441e+02 in-band(<=46.4)=0.960 low(<=5)=0.166
Maximum Self-Energy Update: 144.05589695610166
Contact Current Difference: 0.0
Current Conservation abs: 0.09593509254409582
Current Conservation rel: 2.205459969165091e-06
Phonon: rel Sigma^R residual 9.9190e-02; lead balance 1.2586e-02 (best 3.0200e-04; internal spread 9.8900e-02)
Bubble energy balance: P_in=-3.102711e+04 P_out=-3.102711e+04 resid=2.597e-16
Writing output for iteration 57...
Iteration 58
eta IR floor ramp: it=58 floor_cells=0.55 (2 -> 0 over 80)
eta IR floor ON: Gamma_floor=0.04067 THz^2 (eta_ir_floor_cells=0.55, omega_c=2*dw=0.733 THz) on the unresolved soft modes.
[it 58] energy J(local)=[0.1323 0.1261 0.1228]
SigmaR resid-by-omega: peak w=0.73THz val=1.508e+02 in-band(<=46.4)=0.960 low(<=5)=0.172
Maximum Self-Energy Update: 150.8197169254562
Contact Current Difference: 0.0
Current Conservation abs: 0.09407865526009118
Current Conservation rel: 2.1697075473412265e-06
Phonon: rel Sigma^R residual 1.0406e-01; lead balance 1.2352e-02 (best 3.0200e-04; internal spread 9.6581e-02)
Bubble energy balance: P_in=-3.076275e+04 P_out=-3.076275e+04 resid=2.995e-16
Writing output for iteration 58...
Iteration 59
eta IR floor ramp: it=59 floor_cells=0.525 (2 -> 0 over 80)
eta IR floor ON: Gamma_floor=0.03706 THz^2 (eta_ir_floor_cells=0.525, omega_c=2*dw=0.733 THz) on the unresolved soft modes.
[it 59] energy J(local)=[0.1339 0.1275 0.1243]
SigmaR resid-by-omega: peak w=0.73THz val=1.569e+02 in-band(<=46.4)=0.960 low(<=5)=0.177
Maximum Self-Energy Update: 156.85623555466367
Contact Current Difference: 0.0
Current Conservation abs: 0.09234151694909087
Current Conservation rel: 2.1389300977820822e-06
Phonon: rel Sigma^R residual 1.0841e-01; lead balance 1.2159e-02 (best 3.0200e-04; internal spread 9.4598e-02)
Bubble energy balance: P_in=-3.049203e+04 P_out=-3.049203e+04 resid=1.806e-16
Writing output for iteration 59...
Iteration 60
eta IR floor ramp: it=60 floor_cells=0.5 (2 -> 0 over 80)
eta IR floor ON: Gamma_floor=0.03361 THz^2 (eta_ir_floor_cells=0.5, omega_c=2*dw=0.733 THz) on the unresolved soft modes.
[it 60] energy J(local)=[0.1355 0.1289 0.1258]
SigmaR resid-by-omega: peak w=0.73THz val=1.623e+02 in-band(<=46.4)=0.960 low(<=5)=0.183
Maximum Self-Energy Update: 162.2744062520705
Contact Current Difference: 0.0
Current Conservation abs: 0.09071436958402046
Current Conservation rel: 2.1125178079108933e-06
Phonon: rel Sigma^R residual 1.1232e-01; lead balance 1.2003e-02 (best 3.0200e-04; internal spread 9.2923e-02)
Bubble energy balance: P_in=-3.021859e+04 P_out=-3.021859e+04 resid=1.823e-16
Writing output for iteration 60...
Iteration 61
eta IR floor ramp: it=61 floor_cells=0.475 (2 -> 0 over 80)
eta IR floor ON: Gamma_floor=0.03033 THz^2 (eta_ir_floor_cells=0.475, omega_c=2*dw=0.733 THz) on the unresolved soft modes.
[it 61] energy J(local)=[0.1369 0.1302 0.1271]
SigmaR resid-by-omega: peak w=0.73THz val=1.677e+02 in-band(<=46.4)=0.960 low(<=5)=0.189
Maximum Self-Energy Update: 167.6966016523719
Contact Current Difference: 0.0
Current Conservation abs: 0.08918718616041588
Current Conservation rel: 2.0898766938435505e-06
Phonon: rel Sigma^R residual 1.1620e-01; lead balance 1.1879e-02 (best 3.0200e-04; internal spread 9.1525e-02)
Bubble energy balance: P_in=-2.994553e+04 P_out=-2.994553e+04 resid=4.867e-16
Writing output for iteration 61...
Iteration 62
eta IR floor ramp: it=62 floor_cells=0.45 (2 -> 0 over 80)
eta IR floor ON: Gamma_floor=0.02722 THz^2 (eta_ir_floor_cells=0.45, omega_c=2*dw=0.733 THz) on the unresolved soft modes.
[it 62] energy J(local)=[0.1382 0.1314 0.1282]
SigmaR resid-by-omega: peak w=0.73THz val=1.735e+02 in-band(<=46.4)=0.960 low(<=5)=0.195
Maximum Self-Energy Update: 173.52019372082398
Contact Current Difference: 0.0
Current Conservation abs: 0.08774950965016615
Current Conservation rel: 2.070432255470577e-06
Phonon: rel Sigma^R residual 1.2032e-01; lead balance 1.1785e-02 (best 3.0200e-04; internal spread 9.0379e-02)
Bubble energy balance: P_in=-2.967547e+04 P_out=-2.967547e+04 resid=2.452e-16
Writing output for iteration 62...
Iteration 63
eta IR floor ramp: it=63 floor_cells=0.425 (2 -> 0 over 80)
eta IR floor ON: Gamma_floor=0.02428 THz^2 (eta_ir_floor_cells=0.425, omega_c=2*dw=0.733 THz) on the unresolved soft modes.
[it 63] energy J(local)=[0.1395 0.1324 0.1293]
SigmaR resid-by-omega: peak w=0.73THz val=1.790e+02 in-band(<=46.4)=0.961 low(<=5)=0.201
Maximum Self-Energy Update: 179.03743035767994
Contact Current Difference: 0.0
Current Conservation abs: 0.08639071310244617
Current Conservation rel: 2.0536341817239425e-06
Phonon: rel Sigma^R residual 1.2417e-01; lead balance 1.1716e-02 (best 3.0200e-04; internal spread 8.9457e-02)
Bubble energy balance: P_in=-2.941058e+04 P_out=-2.941058e+04 resid=2.500e-16
Writing output for iteration 63...
Iteration 64
eta IR floor ramp: it=64 floor_cells=0.4 (2 -> 0 over 80)
eta IR floor ON: Gamma_floor=0.02151 THz^2 (eta_ir_floor_cells=0.4, omega_c=2*dw=0.733 THz) on the unresolved soft modes.
[it 64] energy J(local)=[0.1406 0.1334 0.1303]
SigmaR resid-by-omega: peak w=0.73THz val=1.843e+02 in-band(<=46.4)=0.961 low(<=5)=0.208
Maximum Self-Energy Update: 184.3417758012847
Contact Current Difference: 0.0
Current Conservation abs: 0.08510020349058323
Current Conservation rel: 2.0389612976862407e-06
Phonon: rel Sigma^R residual 1.2782e-01; lead balance 1.1672e-02 (best 3.0200e-04; internal spread 8.8735e-02)
Bubble energy balance: P_in=-2.915260e+04 P_out=-2.915260e+04 resid=1.434e-16
Writing output for iteration 64...
Iteration 65
eta IR floor ramp: it=65 floor_cells=0.375 (2 -> 0 over 80)
eta IR floor ON: Gamma_floor=0.01891 THz^2 (eta_ir_floor_cells=0.375, omega_c=2*dw=0.733 THz) on the unresolved soft modes.
[it 65] energy J(local)=[0.1416 0.1342 0.1311]
SigmaR resid-by-omega: peak w=0.73THz val=1.895e+02 in-band(<=46.4)=0.961 low(<=5)=0.214
Maximum Self-Energy Update: 189.51150969998238
Contact Current Difference: 0.0
Current Conservation abs: 0.08386756814434193
Current Conservation rel: 2.025926346015533e-06
Phonon: rel Sigma^R residual 1.3132e-01; lead balance 1.1649e-02 (best 3.0200e-04; internal spread 8.8191e-02)
Bubble energy balance: P_in=-2.890290e+04 P_out=-2.890290e+04 resid=8.544e-17
Writing output for iteration 65...
Iteration 66
eta IR floor ramp: it=66 floor_cells=0.35 (2 -> 0 over 80)
eta IR floor ON: Gamma_floor=0.01647 THz^2 (eta_ir_floor_cells=0.35, omega_c=2*dw=0.733 THz) on the unresolved soft modes.
[it 66] energy J(local)=[0.1426 0.135  0.1318]
SigmaR resid-by-omega: peak w=0.73THz val=1.952e+02 in-band(<=46.4)=0.961 low(<=5)=0.221
Maximum Self-Energy Update: 195.16271994971308
Contact Current Difference: 0.0
Current Conservation abs: 0.08268267953098984
Current Conservation rel: 2.0140804330251962e-06
Phonon: rel Sigma^R residual 1.3508e-01; lead balance 1.1645e-02 (best 3.0200e-04; internal spread 8.7803e-02)
Bubble energy balance: P_in=-2.866240e+04 P_out=-2.866240e+04 resid=1.413e-16
Writing output for iteration 66...
Iteration 67
eta IR floor ramp: it=67 floor_cells=0.325 (2 -> 0 over 80)
eta IR floor ON: Gamma_floor=0.0142 THz^2 (eta_ir_floor_cells=0.325, omega_c=2*dw=0.733 THz) on the unresolved soft modes.
[it 67] energy J(local)=[0.1434 0.1356 0.1325]
SigmaR resid-by-omega: peak w=0.73THz val=2.016e+02 in-band(<=46.4)=0.962 low(<=5)=0.228
Maximum Self-Energy Update: 201.61045406185508
Contact Current Difference: 0.0
Current Conservation abs: 0.0815357831233996
Current Conservation rel: 2.00301703989334e-06
Phonon: rel Sigma^R residual 1.3894e-01; lead balance 1.1658e-02 (best 3.0200e-04; internal spread 8.7553e-02)
Bubble energy balance: P_in=-2.843167e+04 P_out=-2.843167e+04 resid=8.736e-18
Writing output for iteration 67...
Iteration 68
eta IR floor ramp: it=68 floor_cells=0.3 (2 -> 0 over 80)
eta IR floor ON: Gamma_floor=0.0121 THz^2 (eta_ir_floor_cells=0.3, omega_c=2*dw=0.733 THz) on the unresolved soft modes.
[it 68] energy J(local)=[0.1441 0.1362 0.133 ]
SigmaR resid-by-omega: peak w=0.73THz val=2.081e+02 in-band(<=46.4)=0.962 low(<=5)=0.235
Maximum Self-Energy Update: 208.12620281626616
Contact Current Difference: 0.0
Current Conservation abs: 0.08041759376646951
Current Conservation rel: 1.9923753852772353e-06
Phonon: rel Sigma^R residual 1.4271e-01; lead balance 1.1686e-02 (best 3.0200e-04; internal spread 8.7422e-02)
Bubble energy balance: P_in=-2.821093e+04 P_out=-2.821093e+04 resid=2.053e-16
Writing output for iteration 68...
Iteration 69
eta IR floor ramp: it=69 floor_cells=0.275 (2 -> 0 over 80)
eta IR floor ON: Gamma_floor=0.01017 THz^2 (eta_ir_floor_cells=0.275, omega_c=2*dw=0.733 THz) on the unresolved soft modes.
[it 69] energy J(local)=[0.1447 0.1366 0.1334]
SigmaR resid-by-omega: peak w=0.73THz val=2.147e+02 in-band(<=46.4)=0.962 low(<=5)=0.243
Maximum Self-Energy Update: 214.68615229347196
Contact Current Difference: 0.0
Current Conservation abs: 0.07931942134382552
Current Conservation rel: 1.9818427307683622e-06
Phonon: rel Sigma^R residual 1.4640e-01; lead balance 1.1726e-02 (best 3.0200e-04; internal spread 8.7397e-02)
Bubble energy balance: P_in=-2.800006e+04 P_out=-2.800006e+04 resid=2.028e-16
Writing output for iteration 69...
Iteration 70
eta IR floor ramp: it=70 floor_cells=0.25 (2 -> 0 over 80)
eta IR floor ON: Gamma_floor=0.008403 THz^2 (eta_ir_floor_cells=0.25, omega_c=2*dw=0.733 THz) on the unresolved soft modes.
[it 70] energy J(local)=[0.1452 0.1369 0.1337]
SigmaR resid-by-omega: peak w=0.73THz val=2.212e+02 in-band(<=46.4)=0.963 low(<=5)=0.250
Maximum Self-Energy Update: 221.21814392635292
Contact Current Difference: 0.0
Current Conservation abs: 0.07823334140266525
Current Conservation rel: 1.971155144389757e-06
Phonon: rel Sigma^R residual 1.4997e-01; lead balance 1.1775e-02 (best 3.0200e-04; internal spread 8.7462e-02)
Bubble energy balance: P_in=-2.779869e+04 P_out=-2.779869e+04 resid=1.037e-16
Writing output for iteration 70...
Iteration 71
eta IR floor ramp: it=71 floor_cells=0.225 (2 -> 0 over 80)
eta IR floor ON: Gamma_floor=0.006806 THz^2 (eta_ir_floor_cells=0.225, omega_c=2*dw=0.733 THz) on the unresolved soft modes.
[it 71] energy J(local)=[0.1456 0.1371 0.1339]
SigmaR resid-by-omega: peak w=0.73THz val=2.276e+02 in-band(<=46.4)=0.963 low(<=5)=0.257
Maximum Self-Energy Update: 227.6019695337822
Contact Current Difference: 0.0
Current Conservation abs: 0.0771524197771214
Current Conservation rel: 1.9600963791453748e-06
Phonon: rel Sigma^R residual 1.5337e-01; lead balance 1.1831e-02 (best 3.0200e-04; internal spread 8.7607e-02)
Bubble energy balance: P_in=-2.760630e+04 P_out=-2.760630e+04 resid=1.066e-16
Writing output for iteration 71...
Iteration 72
eta IR floor ramp: it=72 floor_cells=0.2 (2 -> 0 over 80)
eta IR floor ON: Gamma_floor=0.005378 THz^2 (eta_ir_floor_cells=0.2, omega_c=2*dw=0.733 THz) on the unresolved soft modes.
[it 72] energy J(local)=[0.1459 0.1372 0.1341]
SigmaR resid-by-omega: peak w=0.73THz val=2.337e+02 in-band(<=46.4)=0.963 low(<=5)=0.264
Maximum Self-Energy Update: 233.67560100227192
Contact Current Difference: 0.0
Current Conservation abs: 0.07607099395681871
Current Conservation rel: 1.9484950321127865e-06
Phonon: rel Sigma^R residual 1.5651e-01; lead balance 1.1891e-02 (best 3.0200e-04; internal spread 8.7821e-02)
Bubble energy balance: P_in=-2.742230e+04 P_out=-2.742230e+04 resid=2.059e-16
Writing output for iteration 72...
Iteration 73
eta IR floor ramp: it=73 floor_cells=0.175 (2 -> 0 over 80)
eta IR floor ON: Gamma_floor=0.004117 THz^2 (eta_ir_floor_cells=0.175, omega_c=2*dw=0.733 THz) on the unresolved soft modes.
[it 73] energy J(local)=[0.1462 0.1372 0.1341]
SigmaR resid-by-omega: peak w=0.73THz val=2.392e+02 in-band(<=46.4)=0.963 low(<=5)=0.271
Maximum Self-Energy Update: 239.24768831669303
Contact Current Difference: 0.0
Current Conservation abs: 0.07498500787914963
Current Conservation rel: 1.9362210133315563e-06
Phonon: rel Sigma^R residual 1.5928e-01; lead balance 1.1950e-02 (best 3.0200e-04; internal spread 8.8096e-02)
Bubble energy balance: P_in=-2.724621e+04 P_out=-2.724621e+04 resid=7.274e-18
Writing output for iteration 73...
Iteration 74
eta IR floor ramp: it=74 floor_cells=0.15 (2 -> 0 over 80)
eta IR floor ON: Gamma_floor=0.003025 THz^2 (eta_ir_floor_cells=0.15, omega_c=2*dw=0.733 THz) on the unresolved soft modes.
[it 74] energy J(local)=[0.1463 0.1371 0.1341]
SigmaR resid-by-omega: peak w=0.73THz val=2.441e+02 in-band(<=46.4)=0.964 low(<=5)=0.278
Maximum Self-Energy Update: 244.11510981994618
Contact Current Difference: 0.0
Current Conservation abs: 0.07389238974792534
Current Conservation rel: 1.923183314839238e-06
Phonon: rel Sigma^R residual 1.6160e-01; lead balance 1.2006e-02 (best 3.0200e-04; internal spread 8.8424e-02)
Bubble energy balance: P_in=-2.707773e+04 P_out=-2.707773e+04 resid=3.287e-17
Writing output for iteration 74...
Iteration 75
eta IR floor ramp: it=75 floor_cells=0.125 (2 -> 0 over 80)
eta IR floor ON: Gamma_floor=0.002101 THz^2 (eta_ir_floor_cells=0.125, omega_c=2*dw=0.733 THz) on the unresolved soft modes.
[it 75] energy J(local)=[0.1463 0.1369 0.134 ]
SigmaR resid-by-omega: peak w=0.73THz val=2.481e+02 in-band(<=46.4)=0.964 low(<=5)=0.285
Maximum Self-Energy Update: 248.08272604193297
Contact Current Difference: 0.0
Current Conservation abs: 0.07279345127244596
Current Conservation rel: 1.9093315795251053e-06
Phonon: rel Sigma^R residual 1.6336e-01; lead balance 1.2054e-02 (best 3.0200e-04; internal spread 8.8797e-02)
Bubble energy balance: P_in=-2.691691e+04 P_out=-2.691691e+04 resid=1.374e-16
Writing output for iteration 75...
Iteration 76
eta IR floor ramp: it=76 floor_cells=0.1 (2 -> 0 over 80)
eta IR floor ON: Gamma_floor=0.001344 THz^2 (eta_ir_floor_cells=0.1, omega_c=2*dw=0.733 THz) on the unresolved soft modes.
[it 76] energy J(local)=[0.1463 0.1366 0.1339]
SigmaR resid-by-omega: peak w=0.73THz val=2.510e+02 in-band(<=46.4)=0.964 low(<=5)=0.292
Maximum Self-Energy Update: 250.98150649031984
Contact Current Difference: 0.0
Current Conservation abs: 0.07169127986344392
Current Conservation rel: 1.894663685300731e-06
Phonon: rel Sigma^R residual 1.6450e-01; lead balance 1.2091e-02 (best 3.0200e-04; internal spread 8.9208e-02)
Bubble energy balance: P_in=-2.676413e+04 P_out=-2.676413e+04 resid=2.101e-16
Writing output for iteration 76...
Iteration 77
eta IR floor ramp: it=77 floor_cells=0.075 (2 -> 0 over 80)
eta IR floor ON: Gamma_floor=0.0007562 THz^2 (eta_ir_floor_cells=0.075, omega_c=2*dw=0.733 THz) on the unresolved soft modes.
[it 77] energy J(local)=[0.1462 0.1363 0.1336]
SigmaR resid-by-omega: peak w=0.73THz val=2.527e+02 in-band(<=46.4)=0.965 low(<=5)=0.299
Maximum Self-Energy Update: 252.6815001167061
Contact Current Difference: 0.0
Current Conservation abs: 0.07059208700957242
Current Conservation rel: 1.8792400147657223e-06
Phonon: rel Sigma^R residual 1.6495e-01; lead balance 1.2114e-02 (best 3.0200e-04; internal spread 8.9649e-02)
Bubble energy balance: P_in=-2.662012e+04 P_out=-2.662012e+04 resid=2.139e-16
Writing output for iteration 77...
Iteration 78
eta IR floor ramp: it=78 floor_cells=0.05 (2 -> 0 over 80)
eta IR floor ON: Gamma_floor=0.0003361 THz^2 (eta_ir_floor_cells=0.05, omega_c=2*dw=0.733 THz) on the unresolved soft modes.
[it 78] energy J(local)=[0.1461 0.1359 0.1334]
SigmaR resid-by-omega: peak w=0.73THz val=2.531e+02 in-band(<=46.4)=0.965 low(<=5)=0.305
Maximum Self-Energy Update: 253.09773564068132
Contact Current Difference: 0.0
Current Conservation abs: 0.06950547644737526
Current Conservation rel: 1.8632028116249508e-06
Phonon: rel Sigma^R residual 1.6433e-01; lead balance 1.2118e-02 (best 3.0200e-04; internal spread 9.0113e-02)
Bubble energy balance: P_in=-2.648587e+04 P_out=-2.648587e+04 resid=2.155e-16
Writing output for iteration 78...
Iteration 79
eta IR floor ramp: it=79 floor_cells=0.025 (2 -> 0 over 80)
eta IR floor ON: Gamma_floor=8.403e-05 THz^2 (eta_ir_floor_cells=0.025, omega_c=2*dw=0.733 THz) on the unresolved soft modes.
[it 79] energy J(local)=[0.1459 0.1354 0.1331]
SigmaR resid-by-omega: peak w=0.73THz val=2.522e+02 in-band(<=46.4)=0.965 low(<=5)=0.311
Maximum Self-Energy Update: 252.18932260775114
Contact Current Difference: 0.0
Current Conservation abs: 0.06844459134299541
Current Conservation rel: 1.84679659622933e-06
Phonon: rel Sigma^R residual 1.6234e-01; lead balance 1.2103e-02 (best 3.0200e-04; internal spread 9.0589e-02)
Bubble energy balance: P_in=-2.636247e+04 P_out=-2.636247e+04 resid=2.281e-16
Writing output for iteration 79...
Iteration 80
eta IR floor ramp: it=80 floor_cells=0 (2 -> 0 over 80)
[it 80] energy J(local)=[0.1456 0.1349 0.1328]
SigmaR resid-by-omega: peak w=0.73THz val=2.500e+02 in-band(<=46.4)=0.966 low(<=5)=0.317
Maximum Self-Energy Update: 249.95369868192464
Contact Current Difference: 0.0
Current Conservation abs: 0.06742609071079642
Current Conservation rel: 1.8303841081218104e-06
Phonon: rel Sigma^R residual 1.5962e-01; lead balance 1.2066e-02 (best 3.0200e-04; internal spread 9.1071e-02)
Bubble energy balance: P_in=-2.625099e+04 P_out=-2.625099e+04 resid=7.862e-17
Writing output for iteration 80...
Iteration 81
eta IR floor ramp: it=81 floor_cells=0 (2 -> 0 over 80)
[it 81] energy J(local)=[0.1454 0.1344 0.1325]
SigmaR resid-by-omega: peak w=0.73THz val=2.464e+02 in-band(<=46.4)=0.966 low(<=5)=0.322
Maximum Self-Energy Update: 246.4194543132202
Contact Current Difference: 0.0
Current Conservation abs: 0.06645752906115376
Current Conservation rel: 1.8141063371710023e-06
Phonon: rel Sigma^R residual 1.5623e-01; lead balance 1.2011e-02 (best 3.0200e-04; internal spread 9.1536e-02)
Bubble energy balance: P_in=-2.615243e+04 P_out=-2.615243e+04 resid=2.803e-16
Writing output for iteration 81...
Iteration 82
eta IR floor ramp: it=82 floor_cells=0 (2 -> 0 over 80)
[it 82] energy J(local)=[0.1451 0.1338 0.1322]
SigmaR resid-by-omega: peak w=0.73THz val=2.416e+02 in-band(<=46.4)=0.966 low(<=5)=0.324
Maximum Self-Energy Update: 241.63062401819315
Contact Current Difference: 0.0
Current Conservation abs: 0.06554928875993937
Current Conservation rel: 1.7982222364579418e-06
Phonon: rel Sigma^R residual 1.5220e-01; lead balance 1.1943e-02 (best 3.0200e-04; internal spread 9.1964e-02)
Bubble energy balance: P_in=-2.606752e+04 P_out=-2.606752e+04 resid=2.095e-16
Writing output for iteration 82...
Iteration 83
eta IR floor ramp: it=83 floor_cells=0 (2 -> 0 over 80)
[it 83] energy J(local)=[0.1449 0.1334 0.1319]
SigmaR resid-by-omega: peak w=0.73THz val=2.412e+02 in-band(<=46.4)=0.966 low(<=5)=0.325
Maximum Self-Energy Update: 241.1833018024991
Contact Current Difference: 0.0
Current Conservation abs: 0.06472576374653727
Current Conservation rel: 1.7834230948111146e-06
Phonon: rel Sigma^R residual 1.5104e-01; lead balance 1.1863e-02 (best 3.0200e-04; internal spread 9.2347e-02)
Bubble energy balance: P_in=-2.599661e+04 P_out=-2.599661e+04 resid=1.186e-18
Writing output for iteration 83...
Iteration 84
eta IR floor ramp: it=84 floor_cells=0 (2 -> 0 over 80)
[it 84] energy J(local)=[0.1446 0.1329 0.1317]
SigmaR resid-by-omega: peak w=0.73THz val=2.470e+02 in-band(<=46.4)=0.966 low(<=5)=0.327
Maximum Self-Energy Update: 247.0019273234494
Contact Current Difference: 0.0
Current Conservation abs: 0.06401153937986237
Current Conservation rel: 1.7704396498724225e-06
Phonon: rel Sigma^R residual 1.5393e-01; lead balance 1.1774e-02 (best 3.0200e-04; internal spread 9.2679e-02)
Bubble energy balance: P_in=-2.593983e+04 P_out=-2.593983e+04 resid=1.438e-16
Writing output for iteration 84...
Iteration 85
eta IR floor ramp: it=85 floor_cells=0 (2 -> 0 over 80)
[it 85] energy J(local)=[0.1445 0.1325 0.1315]
SigmaR resid-by-omega: peak w=0.73THz val=2.517e+02 in-band(<=46.4)=0.966 low(<=5)=0.327
Maximum Self-Energy Update: 251.68450277836266
Contact Current Difference: 0.0
Current Conservation abs: 0.06342955766012892
Current Conservation rel: 1.7599893358812557e-06
Phonon: rel Sigma^R residual 1.5621e-01; lead balance 1.1679e-02 (best 3.0200e-04; internal spread 9.2952e-02)
Bubble energy balance: P_in=-2.589701e+04 P_out=-2.589701e+04 resid=1.334e-16
Writing output for iteration 85...
Iteration 86
eta IR floor ramp: it=86 floor_cells=0 (2 -> 0 over 80)
[it 86] energy J(local)=[0.1443 0.1322 0.1314]
SigmaR resid-by-omega: peak w=0.73THz val=2.551e+02 in-band(<=46.4)=0.967 low(<=5)=0.325
Maximum Self-Energy Update: 255.07517197569908
Contact Current Difference: 0.0
Current Conservation abs: 0.06299903296167031
Current Conservation rel: 1.752709934121368e-06
Phonon: rel Sigma^R residual 1.5781e-01; lead balance 1.1581e-02 (best 3.0200e-04; internal spread 9.3162e-02)
Bubble energy balance: P_in=-2.586769e+04 P_out=-2.586769e+04 resid=1.337e-16
Writing output for iteration 86...
Iteration 87
eta IR floor ramp: it=87 floor_cells=0 (2 -> 0 over 80)
[it 87] energy J(local)=[0.1442 0.132  0.1313]
SigmaR resid-by-omega: peak w=0.73THz val=2.570e+02 in-band(<=46.4)=0.967 low(<=5)=0.307
Maximum Self-Energy Update: 257.04756224795045
Contact Current Difference: 0.0
Current Conservation abs: 0.06273332221826422
Current Conservation rel: 1.7490914051437616e-06
Phonon: rel Sigma^R residual 1.5868e-01; lead balance 1.1485e-02 (best 3.0200e-04; internal spread 9.3304e-02)
Bubble energy balance: P_in=-2.585118e+04 P_out=-2.585118e+04 resid=1.864e-16
Writing output for iteration 87...
Iteration 88
eta IR floor ramp: it=88 floor_cells=0 (2 -> 0 over 80)
[it 88] energy J(local)=[0.1442 0.1318 0.1313]
SigmaR resid-by-omega: peak w=0.73THz val=2.575e+02 in-band(<=46.4)=0.965 low(<=5)=0.282
Maximum Self-Energy Update: 257.5077280026438
Contact Current Difference: 0.0
Current Conservation abs: 0.06263803354522679
Current Conservation rel: 1.74941568242798e-06
Phonon: rel Sigma^R residual 1.5877e-01; lead balance 1.1395e-02 (best 3.0200e-04; internal spread 9.3374e-02)
Bubble energy balance: P_in=-2.584653e+04 P_out=-2.584653e+04 resid=1.408e-16
Writing output for iteration 88...
Iteration 89
eta IR floor ramp: it=89 floor_cells=0 (2 -> 0 over 80)
[it 89] energy J(local)=[0.1443 0.1317 0.1314]
SigmaR resid-by-omega: peak w=0.73THz val=2.564e+02 in-band(<=46.4)=0.964 low(<=5)=0.261
Maximum Self-Energy Update: 256.3945460729716
Contact Current Difference: 0.0
Current Conservation abs: 0.06270969921752112
Current Conservation rel: 1.7537143772877032e-06
Phonon: rel Sigma^R residual 1.5807e-01; lead balance 1.1311e-02 (best 3.0200e-04; internal spread 9.3368e-02)
Bubble energy balance: P_in=-2.585257e+04 P_out=-2.585257e+04 resid=1.409e-16
Writing output for iteration 89...
Iteration 90
eta IR floor ramp: it=90 floor_cells=0 (2 -> 0 over 80)
[it 90] energy J(local)=[0.1444 0.1317 0.1316]
SigmaR resid-by-omega: peak w=0.73THz val=2.537e+02 in-band(<=46.4)=0.963 low(<=5)=0.246
Maximum Self-Energy Update: 253.6778270888884
Contact Current Difference: 0.0
Current Conservation abs: 0.0629353199074103
Current Conservation rel: 1.7617531225836718e-06
Phonon: rel Sigma^R residual 1.5658e-01; lead balance 1.1237e-02 (best 3.0200e-04; internal spread 9.3283e-02)
Bubble energy balance: P_in=-2.586793e+04 P_out=-2.586793e+04 resid=3.737e-16
Writing output for iteration 90...
Iteration 91
eta IR floor ramp: it=91 floor_cells=0 (2 -> 0 over 80)
[it 91] energy J(local)=[0.1446 0.1318 0.1318]
SigmaR resid-by-omega: peak w=0.73THz val=2.494e+02 in-band(<=46.4)=0.962 low(<=5)=0.238
Maximum Self-Energy Update: 249.35453924397873
Contact Current Difference: 0.0
Current Conservation abs: 0.06329300321885967
Current Conservation rel: 1.7730482697790226e-06
Phonon: rel Sigma^R residual 1.5429e-01; lead balance 1.1171e-02 (best 3.0200e-04; internal spread 9.3117e-02)
Bubble energy balance: P_in=-2.589106e+04 P_out=-2.589106e+04 resid=2.454e-17
Writing output for iteration 91...
Iteration 92
eta IR floor ramp: it=92 floor_cells=0 (2 -> 0 over 80)
[it 92] energy J(local)=[0.1448 0.132  0.1322]
SigmaR resid-by-omega: peak w=0.73THz val=2.434e+02 in-band(<=46.4)=0.962 low(<=5)=0.231
Maximum Self-Energy Update: 243.44353033558193
Contact Current Difference: 0.0
Current Conservation abs: 0.06375377171571017
Current Conservation rel: 1.786917015075863e-06
Phonon: rel Sigma^R residual 1.5125e-01; lead balance 1.1112e-02 (best 3.0200e-04; internal spread 9.2867e-02)
Bubble energy balance: P_in=-2.592023e+04 P_out=-2.592023e+04 resid=1.951e-16
Writing output for iteration 92...
Iteration 93
eta IR floor ramp: it=93 floor_cells=0 (2 -> 0 over 80)
[it 93] energy J(local)=[0.1451 0.1323 0.1326]
SigmaR resid-by-omega: peak w=0.73THz val=2.360e+02 in-band(<=46.4)=0.962 low(<=5)=0.227
Maximum Self-Energy Update: 235.97908484779975
Contact Current Difference: 0.0
Current Conservation abs: 0.06428442401738721
Current Conservation rel: 1.8025565254774092e-06
Phonon: rel Sigma^R residual 1.4607e-01; lead balance 1.1056e-02 (best 3.0200e-04; internal spread 9.2533e-02)
Bubble energy balance: P_in=-2.595363e+04 P_out=-2.595363e+04 resid=1.305e-16
Writing output for iteration 93...
Iteration 94
eta IR floor ramp: it=94 floor_cells=0 (2 -> 0 over 80)
[it 94] energy J(local)=[0.1455 0.1327 0.133 ]
SigmaR resid-by-omega: peak w=0.73THz val=2.270e+02 in-band(<=46.4)=0.962 low(<=5)=0.225
Maximum Self-Energy Update: 227.0036864306987
Contact Current Difference: 0.0
Current Conservation abs: 0.06485112733207643
Current Conservation rel: 1.8191422248970832e-06
Phonon: rel Sigma^R residual 1.3981e-01; lead balance 1.0999e-02 (best 3.0200e-04; internal spread 9.2113e-02)
Bubble energy balance: P_in=-2.598933e+04 P_out=-2.598933e+04 resid=5.490e-17
Writing output for iteration 94...
Iteration 95
eta IR floor ramp: it=95 floor_cells=0 (2 -> 0 over 80)
[it 95] energy J(local)=[0.1459 0.1332 0.1336]
SigmaR resid-by-omega: peak w=0.73THz val=2.166e+02 in-band(<=46.4)=0.962 low(<=5)=0.225
Maximum Self-Energy Update: 216.56056458369505
Contact Current Difference: 0.0
Current Conservation abs: 0.06542325285772677
Current Conservation rel: 1.8359314740474223e-06
Phonon: rel Sigma^R residual 1.3288e-01; lead balance 1.0936e-02 (best 3.0200e-04; internal spread 9.1610e-02)
Bubble energy balance: P_in=-2.602540e+04 P_out=-2.602540e+04 resid=6.381e-16
Writing output for iteration 95...
Iteration 96
eta IR floor ramp: it=96 floor_cells=0 (2 -> 0 over 80)
[it 96] energy J(local)=[0.1464 0.1338 0.1343]
SigmaR resid-by-omega: peak w=0.73THz val=2.047e+02 in-band(<=46.4)=0.962 low(<=5)=0.227
Maximum Self-Energy Update: 204.6870125307426
Contact Current Difference: 0.0
Current Conservation abs: 0.0659768812583934
Current Conservation rel: 1.8523574155110072e-06
Phonon: rel Sigma^R residual 1.2529e-01; lead balance 1.0860e-02 (best 3.0200e-04; internal spread 9.1026e-02)
Bubble energy balance: P_in=-2.605989e+04 P_out=-2.605989e+04 resid=7.016e-17
Writing output for iteration 96...
Iteration 97
eta IR floor ramp: it=97 floor_cells=0 (2 -> 0 over 80)
[it 97] energy J(local)=[0.147  0.1344 0.135 ]
SigmaR resid-by-omega: peak w=0.73THz val=1.914e+02 in-band(<=46.4)=0.963 low(<=5)=0.229
Maximum Self-Energy Update: 191.41004542328068
Contact Current Difference: 0.0
Current Conservation abs: 0.06649744302194449
Current Conservation rel: 1.86809947283027e-06
Phonon: rel Sigma^R residual 1.1704e-01; lead balance 1.0767e-02 (best 3.0200e-04; internal spread 9.0367e-02)
Bubble energy balance: P_in=-2.609089e+04 P_out=-2.609089e+04 resid=2.835e-16
Writing output for iteration 97...
Iteration 98
eta IR floor ramp: it=98 floor_cells=0 (2 -> 0 over 80)
[it 98] energy J(local)=[0.1475 0.1352 0.1357]
SigmaR resid-by-omega: peak w=0.73THz val=1.767e+02 in-band(<=46.4)=0.963 low(<=5)=0.234
Maximum Self-Energy Update: 176.74676151307116
Contact Current Difference: 0.0
Current Conservation abs: 0.06698111219884595
Current Conservation rel: 1.88312142004507e-06
Phonon: rel Sigma^R residual 1.0812e-01; lead balance 1.0651e-02 (best 3.0200e-04; internal spread 8.9641e-02)
Bubble energy balance: P_in=-2.611652e+04 P_out=-2.611652e+04 resid=1.373e-16
Writing output for iteration 98...
Iteration 99
eta IR floor ramp: it=99 floor_cells=0 (2 -> 0 over 80)
[it 99] energy J(local)=[0.1482 0.136  0.1366]
SigmaR resid-by-omega: peak w=0.73THz val=1.699e+02 in-band(<=46.4)=0.963 low(<=5)=0.241
Maximum Self-Energy Update: 169.90375646385277
Contact Current Difference: 0.0
Current Conservation abs: 0.06743479401848163
Current Conservation rel: 1.897673665621918e-06
Phonon: rel Sigma^R residual 1.0415e-01; lead balance 1.0507e-02 (best 3.0200e-04; internal spread 8.8858e-02)
Bubble energy balance: P_in=-2.613492e+04 P_out=-2.613492e+04 resid=3.047e-18
Writing output for iteration 99...
SCBA did not converge after 99 iterations.
SAVED /usr/scratch/mont-fort11/pfischill/quatrex/phonon/studies/out/conv1e10/sinw_d5a_L2_eta0_floor_anneal.npz  final_heat=[0.148 0.136 0.137]  best=[5.224 4.957 5.225]  best_cons=0.00030199703248003627
