launch: NRANKS=128 QX_CONFIG=/usr/scratch/mont-fort11/pfischill/quatrex/phonon/studies/out/conv1e10/work/sinw_d5a_L2_eta0_irsub_floor/quatrex_config.toml BCS=cfg QCS=cfg ballistic=0
/usr/scratch/mont-fort11/pfischill/quatrex/src/qttools/__init__.py:56: UserWarning: 'cupy' is unavailable or not working, defaulting to 'numpy'. (No module named 'cupy')
  warnings.warn(
/usr/scratch/mont-fort11/pfischill/quatrex/src/quatrex/core/config.py:1799: UserWarning: The CPU code will run sequentially which may impact performance.
  warnings.warn(
Max Interaction Cutoff: 10.0
Energy window: 0.0 to 66.0 eV with 181 grid points.
Resolution is 0.366667 eV.
comm.stack size: 128, comm.block size: 1
Each comm.block has 1 grid points.
/usr/scratch/mont-fort11/pfischill/quatrex/src/quatrex/core/statistics.py:42: RuntimeWarning: divide by zero encountered in divide
  return 1 / (xp.exp(energy / (k_B * temperature)) - 1)
IR occupation subtraction ON: full physical Bose occupation (no omega^2 taper); Gamma~omega keeps the injection finite as omega->0.
WARNING: phonon_energies.npy (181 pts, dw=0.3667) does not match the solver energy grid (2 pts); using the solver grid for the scattering self-energy.
SSE band-limit: harmonic band top 64.081 THz (fixed above-band mask)
Max Interaction Cutoff: 10.0
RUN config=/usr/scratch/mont-fort11/pfischill/quatrex/phonon/studies/out/conv1e10/work/sinw_d5a_L2_eta0_irsub_floor/quatrex_config.toml phonon=True eta=1e-12 retarded=fft nblk=2 ne=181 bcs=1 qcs=1 nranks=128
Entering SCBA loop...
Iteration 0
eta IR floor ON: Gamma_floor=0.5378 THz^2 (eta_ir_floor_cells=2, omega_c=2*dw=0.733 THz) on the unresolved soft modes.
SSE band-limit: masking 5 bin(s) above 64.081 THz
SSE band-limit: harmonic-support mask -> 96/181 empty bins masked (margin 1.5 THz)
SSE band-limit: occupation-freeze mask -> 61/181 frozen bins (n<0.001, T_hot=305K)
SSE band-limit: SMOOTH window (support ramp 4*dw, freeze n<0.001) -> mean w=0.429, 102/181 bins below 0.5
[it  0] energy J(local)=[0.0385 0.036  0.0385]
SigmaR resid-by-omega: peak w=25.67THz val=9.493e+02 in-band(<=46.4)=0.957 low(<=5)=0.121
Maximum Self-Energy Update: 949.2690484514422
Contact Current Difference: 0.0
Current Conservation abs: 0.9611294860842463
Current Conservation rel: 6.329345680338001e-05
Phonon: rel Sigma^R residual 1.0000e+00; lead balance 2.8532e-13 (best inf; internal spread 2.7467e-03)
Bubble energy balance: P_in=-5.206725e+03 P_out=-5.206725e+03 resid=1.009e-15
Writing output for iteration 0...
Iteration 1
eta IR floor ON: Gamma_floor=0.5378 THz^2 (eta_ir_floor_cells=2, omega_c=2*dw=0.733 THz) on the unresolved soft modes.
[it  1] energy J(local)=[0.0724 0.0519 0.0615]
SigmaR resid-by-omega: peak w=26.03THz val=1.071e+03 in-band(<=46.4)=0.956 low(<=5)=0.127
Maximum Self-Energy Update: 1071.2560975405588
Contact Current Difference: 0.0
Current Conservation abs: 0.15936256748500455
Current Conservation rel: 1.94042983711804e-05
Phonon: rel Sigma^R residual 9.3518e-01; lead balance 1.0101e-03 (best inf; internal spread 7.1454e-03)
Bubble energy balance: P_in=-4.243255e+03 P_out=-4.243255e+03 resid=3.607e-15
Writing output for iteration 1...
Iteration 2
eta IR floor ON: Gamma_floor=0.5378 THz^2 (eta_ir_floor_cells=2, omega_c=2*dw=0.733 THz) on the unresolved soft modes.
[it  2] energy J(local)=[0.0706 0.051  0.0581]
SigmaR resid-by-omega: peak w=23.10THz val=1.450e+03 in-band(<=46.4)=0.960 low(<=5)=0.162
Maximum Self-Energy Update: 1450.341310798433
Contact Current Difference: 0.0
Current Conservation abs: 0.01055359384008625
Current Conservation rel: 1.8407000309878207e-06
Phonon: rel Sigma^R residual 9.4835e-01; lead balance 2.5240e-03 (best inf; internal spread 1.4218e-02)
Bubble energy balance: P_in=-4.125964e+03 P_out=-4.125964e+03 resid=2.272e-15
Writing output for iteration 2...
Iteration 3
eta IR floor ON: Gamma_floor=0.5378 THz^2 (eta_ir_floor_cells=2, omega_c=2*dw=0.733 THz) on the unresolved soft modes.
[it  3] energy J(local)=[0.0661 0.0456 0.0541]
SigmaR resid-by-omega: peak w=6.60THz val=2.286e+03 in-band(<=46.4)=0.966 low(<=5)=0.199
Maximum Self-Energy Update: 2285.636803747922
Contact Current Difference: 0.0
Current Conservation abs: 0.024147604361132835
Current Conservation rel: 3.9774680491961754e-06
Phonon: rel Sigma^R residual 9.5762e-01; lead balance 1.4674e-03 (best 1.4674e-03; internal spread 4.5374e-03)
Bubble energy balance: P_in=-6.329511e+03 P_out=-6.329511e+03 resid=3.632e-15
Writing output for iteration 3...
Iteration 4
eta IR floor ON: Gamma_floor=0.5378 THz^2 (eta_ir_floor_cells=2, omega_c=2*dw=0.733 THz) on the unresolved soft modes.
[it  4] energy J(local)=[0.059  0.0381 0.0489]
SigmaR resid-by-omega: peak w=14.67THz val=1.226e+03 in-band(<=46.4)=0.963 low(<=5)=0.196
Maximum Self-Energy Update: 1226.2207882276232
Contact Current Difference: 0.0
Current Conservation abs: 0.005034951725974679
Current Conservation rel: 7.496196015910335e-07
Phonon: rel Sigma^R residual 8.0404e-01; lead balance 1.3140e-03 (best 1.3140e-03; internal spread 5.2941e-02)
Bubble energy balance: P_in=-7.442353e+03 P_out=-7.442353e+03 resid=1.684e-15
Writing output for iteration 4...
Iteration 5
eta IR floor ON: Gamma_floor=0.5378 THz^2 (eta_ir_floor_cells=2, omega_c=2*dw=0.733 THz) on the unresolved soft modes.
[it  5] energy J(local)=[0.0538 0.0317 0.0452]
SigmaR resid-by-omega: peak w=13.93THz val=1.402e+03 in-band(<=46.4)=0.965 low(<=5)=0.237
Maximum Self-Energy Update: 1401.6142256871522
Contact Current Difference: 0.0
Current Conservation abs: 0.015737397434349987
Current Conservation rel: 1.4222366406545763e-06
Phonon: rel Sigma^R residual 8.1418e-01; lead balance 1.7417e-03 (best 1.3140e-03; internal spread 8.7531e-02)
Bubble energy balance: P_in=-1.280905e+04 P_out=-1.280905e+04 resid=1.461e-15
Writing output for iteration 5...
Iteration 6
eta IR floor ON: Gamma_floor=0.5378 THz^2 (eta_ir_floor_cells=2, omega_c=2*dw=0.733 THz) on the unresolved soft modes.
[it  6] energy J(local)=[0.0633 0.0271 0.0469]
SigmaR resid-by-omega: peak w=0.37THz val=3.037e+03 in-band(<=46.4)=0.968 low(<=5)=0.293
Maximum Self-Energy Update: 3037.072089236149
Contact Current Difference: 0.0
Current Conservation abs: 0.24662940781126963
Current Conservation rel: 5.519246555726617e-06
Phonon: rel Sigma^R residual 8.6506e-01; lead balance 2.0303e-03 (best 1.3140e-03; internal spread 1.3461e-01)
Bubble energy balance: P_in=-4.223026e+04 P_out=-4.223026e+04 resid=1.202e-15
Writing output for iteration 6...
Iteration 7
eta IR floor ON: Gamma_floor=0.5378 THz^2 (eta_ir_floor_cells=2, omega_c=2*dw=0.733 THz) on the unresolved soft modes.
[it  7] energy J(local)=[0.1362 0.0612 0.0835]
SigmaR resid-by-omega: peak w=0.73THz val=9.828e+03 in-band(<=46.4)=0.970 low(<=5)=0.302
Maximum Self-Energy Update: 9827.607157831584
Contact Current Difference: 0.0
Current Conservation abs: 4.5212628113804385
Current Conservation rel: 2.9116043773535476e-06
Phonon: rel Sigma^R residual 9.3601e-01; lead balance 2.1662e-02 (best 1.3140e-03; internal spread 1.7405e-01)
Bubble energy balance: P_in=-6.369920e+05 P_out=-6.369920e+05 resid=7.785e-17
Writing output for iteration 7...
Iteration 8
eta IR floor ON: Gamma_floor=0.5378 THz^2 (eta_ir_floor_cells=2, omega_c=2*dw=0.733 THz) on the unresolved soft modes.
[it  8] energy J(local)=[0.0537 0.0177 0.0435]
SigmaR resid-by-omega: peak w=0.37THz val=1.317e+03 in-band(<=46.4)=0.979 low(<=5)=0.274
Maximum Self-Energy Update: 1316.7060049141833
Contact Current Difference: 0.0
Current Conservation abs: 0.054295610806093464
Current Conservation rel: 1.1386981814930457e-05
Phonon: rel Sigma^R residual 2.4252e+00; lead balance 2.5768e-02 (best 1.3140e-03; internal spread 1.8904e-01)
Bubble energy balance: P_in=-6.855879e+03 P_out=-6.855879e+03 resid=9.039e-16
Writing output for iteration 8...
Iteration 9
eta IR floor ON: Gamma_floor=0.5378 THz^2 (eta_ir_floor_cells=2, omega_c=2*dw=0.733 THz) on the unresolved soft modes.
[it  9] energy J(local)=[0.053  0.0165 0.0436]
SigmaR resid-by-omega: peak w=0.37THz val=1.169e+03 in-band(<=46.4)=0.979 low(<=5)=0.275
Maximum Self-Energy Update: 1168.5981499585848
Contact Current Difference: 0.0
Current Conservation abs: 0.0502734978144872
Current Conservation rel: 9.807276820442524e-06
Phonon: rel Sigma^R residual 2.1676e+00; lead balance 2.5149e-02 (best 1.3140e-03; internal spread 1.9522e-01)
Bubble energy balance: P_in=-7.434311e+03 P_out=-7.434311e+03 resid=2.095e-16
Writing output for iteration 9...
Iteration 10
eta IR floor ON: Gamma_floor=0.5378 THz^2 (eta_ir_floor_cells=2, omega_c=2*dw=0.733 THz) on the unresolved soft modes.
[it 10] energy J(local)=[0.053  0.0158 0.044 ]
SigmaR resid-by-omega: peak w=0.37THz val=1.036e+03 in-band(<=46.4)=0.980 low(<=5)=0.276
Maximum Self-Energy Update: 1036.3092770431745
Contact Current Difference: 0.0
Current Conservation abs: 0.045621270413448656
Current Conservation rel: 8.149196909127747e-06
Phonon: rel Sigma^R residual 1.9182e+00; lead balance 2.4454e-02 (best 1.3140e-03; internal spread 2.0102e-01)
Bubble energy balance: P_in=-8.091367e+03 P_out=-8.091367e+03 resid=5.022e-16
Writing output for iteration 10...
Iteration 11
eta IR floor ON: Gamma_floor=0.5378 THz^2 (eta_ir_floor_cells=2, omega_c=2*dw=0.733 THz) on the unresolved soft modes.
[it 11] energy J(local)=[0.0536 0.0155 0.0447]
SigmaR resid-by-omega: peak w=0.37THz val=9.186e+02 in-band(<=46.4)=0.981 low(<=5)=0.276
Maximum Self-Energy Update: 918.5606416880307
Contact Current Difference: 0.0
Current Conservation abs: 0.04024325154387043
Current Conservation rel: 6.480181485569274e-06
Phonon: rel Sigma^R residual 1.6680e+00; lead balance 2.3773e-02 (best 1.3140e-03; internal spread 2.0654e-01)
Bubble energy balance: P_in=-8.847974e+03 P_out=-8.847974e+03 resid=7.398e-17
Writing output for iteration 11...
Iteration 12
eta IR floor ON: Gamma_floor=0.5378 THz^2 (eta_ir_floor_cells=2, omega_c=2*dw=0.733 THz) on the unresolved soft modes.
[it 12] energy J(local)=[0.0549 0.0156 0.0455]
SigmaR resid-by-omega: peak w=0.37THz val=8.140e+02 in-band(<=46.4)=0.981 low(<=5)=0.275
Maximum Self-Energy Update: 813.9810768464135
Contact Current Difference: 0.0
Current Conservation abs: 0.03386785323300501
Current Conservation rel: 4.82391370206325e-06
Phonon: rel Sigma^R residual 1.4478e+00; lead balance 2.3189e-02 (best 1.3140e-03; internal spread 2.1189e-01)
Bubble energy balance: P_in=-9.745457e+03 P_out=-9.745457e+03 resid=1.418e-16
Writing output for iteration 12...
Iteration 13
eta IR floor ON: Gamma_floor=0.5378 THz^2 (eta_ir_floor_cells=2, omega_c=2*dw=0.733 THz) on the unresolved soft modes.
[it 13] energy J(local)=[0.0573 0.0161 0.0466]
SigmaR resid-by-omega: peak w=0.37THz val=7.209e+02 in-band(<=46.4)=0.982 low(<=5)=0.272
Maximum Self-Energy Update: 720.9007428690092
Contact Current Difference: 0.0
Current Conservation abs: 0.02571275041282206
Current Conservation rel: 3.149704236359699e-06
Phonon: rel Sigma^R residual 1.2522e+00; lead balance 2.2774e-02 (best 1.3140e-03; internal spread 2.1719e-01)
Bubble energy balance: P_in=-1.086443e+04 P_out=-1.086443e+04 resid=2.682e-16
Writing output for iteration 13...
Iteration 14
eta IR floor ON: Gamma_floor=0.5378 THz^2 (eta_ir_floor_cells=2, omega_c=2*dw=0.733 THz) on the unresolved soft modes.
[it 14] energy J(local)=[0.061  0.0168 0.0479]
SigmaR resid-by-omega: peak w=0.37THz val=6.370e+02 in-band(<=46.4)=0.983 low(<=5)=0.265
Maximum Self-Energy Update: 636.9894306072988
Contact Current Difference: 0.0
Current Conservation abs: 0.013691731769540638
Current Conservation rel: 1.377075173248948e-06
Phonon: rel Sigma^R residual 1.0335e+00; lead balance 2.2553e-02 (best 1.3140e-03; internal spread 2.2264e-01)
Bubble energy balance: P_in=-1.235593e+04 P_out=-1.235593e+04 resid=2.130e-16
Writing output for iteration 14...
Iteration 15
eta IR floor ON: Gamma_floor=0.5378 THz^2 (eta_ir_floor_cells=2, omega_c=2*dw=0.733 THz) on the unresolved soft modes.
[it 15] energy J(local)=[0.0661 0.0168 0.0493]
SigmaR resid-by-omega: peak w=0.37THz val=5.587e+02 in-band(<=46.4)=0.983 low(<=5)=0.254
Maximum Self-Energy Update: 558.7226726512409
Contact Current Difference: 0.0
Current Conservation abs: 0.00599816734847991
Current Conservation rel: 4.637271040512857e-07
Phonon: rel Sigma^R residual 7.9952e-01; lead balance 2.2414e-02 (best 1.3140e-03; internal spread 2.2869e-01)
Bubble energy balance: P_in=-1.442428e+04 P_out=-1.442428e+04 resid=3.162e-16
Writing output for iteration 15...
Iteration 16
eta IR floor ON: Gamma_floor=0.5378 THz^2 (eta_ir_floor_cells=2, omega_c=2*dw=0.733 THz) on the unresolved soft modes.
[it 16] energy J(local)=[0.0715 0.0146 0.0507]
SigmaR resid-by-omega: peak w=0.37THz val=4.876e+02 in-band(<=46.4)=0.984 low(<=5)=0.238
Maximum Self-Energy Update: 487.608995452834
Contact Current Difference: 0.0
Current Conservation abs: 0.031469365774682956
Current Conservation rel: 1.804369041990457e-06
Phonon: rel Sigma^R residual 6.0755e-01; lead balance 2.1983e-02 (best 1.3140e-03; internal spread 2.3574e-01)
Bubble energy balance: P_in=-1.697630e+04 P_out=-1.697630e+04 resid=1.083e-16
Writing output for iteration 16...
Iteration 17
eta IR floor ON: Gamma_floor=0.5378 THz^2 (eta_ir_floor_cells=2, omega_c=2*dw=0.733 THz) on the unresolved soft modes.
[it 17] energy J(local)=[0.0745 0.0119 0.0515]
SigmaR resid-by-omega: peak w=0.00THz val=4.193e+02 in-band(<=46.4)=0.985 low(<=5)=0.223
Maximum Self-Energy Update: 419.3489020476882
Contact Current Difference: 0.0
Current Conservation abs: 0.046752694603128475
Current Conservation rel: 2.0925133233098396e-06
Phonon: rel Sigma^R residual 4.6939e-01; lead balance 2.1032e-02 (best 1.3140e-03; internal spread 2.4266e-01)
Bubble energy balance: P_in=-1.930734e+04 P_out=-1.930734e+04 resid=4.779e-16
Writing output for iteration 17...
Iteration 18
eta IR floor ON: Gamma_floor=0.5378 THz^2 (eta_ir_floor_cells=2, omega_c=2*dw=0.733 THz) on the unresolved soft modes.
[it 18] energy J(local)=[0.0739 0.013  0.0521]
SigmaR resid-by-omega: peak w=0.00THz val=3.627e+02 in-band(<=46.4)=0.979 low(<=5)=0.204
Maximum Self-Energy Update: 362.71538901356075
Contact Current Difference: 0.0
Current Conservation abs: 0.04272059133654693
Current Conservation rel: 1.5926230379665826e-06
Phonon: rel Sigma^R residual 3.7237e-01; lead balance 2.0210e-02 (best 1.3140e-03; internal spread 2.4761e-01)
Bubble energy balance: P_in=-2.109489e+04 P_out=-2.109489e+04 resid=1.191e-16
Writing output for iteration 18...
Iteration 19
eta IR floor ON: Gamma_floor=0.5378 THz^2 (eta_ir_floor_cells=2, omega_c=2*dw=0.733 THz) on the unresolved soft modes.
[it 19] energy J(local)=[0.0725 0.0176 0.0532]
SigmaR resid-by-omega: peak w=1.10THz val=3.306e+02 in-band(<=46.4)=0.971 low(<=5)=0.180
Maximum Self-Energy Update: 330.6343851439609
Contact Current Difference: 0.0
Current Conservation abs: 0.015640997464288375
Current Conservation rel: 4.881706354849808e-07
Phonon: rel Sigma^R residual 3.0513e-01; lead balance 2.0448e-02 (best 1.3140e-03; internal spread 2.5117e-01)
Bubble energy balance: P_in=-2.295780e+04 P_out=-2.295780e+04 resid=3.966e-16
Writing output for iteration 19...
Iteration 20
eta IR floor ON: Gamma_floor=0.5378 THz^2 (eta_ir_floor_cells=2, omega_c=2*dw=0.733 THz) on the unresolved soft modes.
[it 20] energy J(local)=[0.0762 0.0265 0.0572]
SigmaR resid-by-omega: peak w=22.73THz val=4.084e+02 in-band(<=46.4)=0.963 low(<=5)=0.146
Maximum Self-Energy Update: 408.3811153739927
Contact Current Difference: 0.0
Current Conservation abs: 0.03841096326505067
Current Conservation rel: 9.33806551789904e-07
Phonon: rel Sigma^R residual 3.2074e-01; lead balance 2.4638e-02 (best 1.3140e-03; internal spread 2.5513e-01)
Bubble energy balance: P_in=-2.602003e+04 P_out=-2.602003e+04 resid=2.368e-17
Writing output for iteration 20...
Iteration 21
eta IR floor ON: Gamma_floor=0.5378 THz^2 (eta_ir_floor_cells=2, omega_c=2*dw=0.733 THz) on the unresolved soft modes.
[it 21] energy J(local)=[0.0887 0.0442 0.0658]
SigmaR resid-by-omega: peak w=0.73THz val=5.174e+02 in-band(<=46.4)=0.962 low(<=5)=0.145
Maximum Self-Energy Update: 517.3610574401639
Contact Current Difference: 0.0
Current Conservation abs: 0.0511044362319808
Current Conservation rel: 9.806240960866194e-07
Phonon: rel Sigma^R residual 3.4515e-01; lead balance 3.5559e-02 (best 1.3140e-03; internal spread 2.5999e-01)
Bubble energy balance: P_in=-2.930708e+04 P_out=-2.930708e+04 resid=1.955e-16
Writing output for iteration 21...
Iteration 22
eta IR floor ON: Gamma_floor=0.5378 THz^2 (eta_ir_floor_cells=2, omega_c=2*dw=0.733 THz) on the unresolved soft modes.
[it 22] energy J(local)=[0.0962 0.0591 0.0699]
SigmaR resid-by-omega: peak w=22.73THz val=3.944e+02 in-band(<=46.4)=0.962 low(<=5)=0.141
Maximum Self-Energy Update: 394.4122076065897
Contact Current Difference: 0.0
Current Conservation abs: 0.02352628515291144
Current Conservation rel: 5.130408243127812e-07
Phonon: rel Sigma^R residual 2.8679e-01; lead balance 4.7560e-02 (best 1.3140e-03; internal spread 2.6151e-01)
Bubble energy balance: P_in=-2.691507e+04 P_out=-2.691507e+04 resid=3.033e-19
Writing output for iteration 22...
Iteration 23
eta IR floor ON: Gamma_floor=0.5378 THz^2 (eta_ir_floor_cells=2, omega_c=2*dw=0.733 THz) on the unresolved soft modes.
[it 23] energy J(local)=[0.0995 0.0688 0.0731]
SigmaR resid-by-omega: peak w=22.73THz val=2.937e+02 in-band(<=46.4)=0.965 low(<=5)=0.142
Maximum Self-Energy Update: 293.6969381044049
Contact Current Difference: 0.0
Current Conservation abs: 0.028493973295553587
Current Conservation rel: 7.20227794770009e-07
Phonon: rel Sigma^R residual 2.4230e-01; lead balance 5.3238e-02 (best 1.3140e-03; internal spread 2.5706e-01)
Bubble energy balance: P_in=-2.474023e+04 P_out=-2.474023e+04 resid=2.145e-16
Writing output for iteration 23...
Iteration 24
eta IR floor ON: Gamma_floor=0.5378 THz^2 (eta_ir_floor_cells=2, omega_c=2*dw=0.733 THz) on the unresolved soft modes.
[it 24] energy J(local)=[0.1016 0.0766 0.0781]
SigmaR resid-by-omega: peak w=22.73THz val=3.207e+02 in-band(<=46.4)=0.961 low(<=5)=0.132
Maximum Self-Energy Update: 320.73578119267404
Contact Current Difference: 0.0
Current Conservation abs: 0.005112318296596641
Current Conservation rel: 1.3179118074880567e-07
Phonon: rel Sigma^R residual 2.8130e-01; lead balance 5.3386e-02 (best 1.3140e-03; internal spread 2.4837e-01)
Bubble energy balance: P_in=-2.446190e+04 P_out=-2.446190e+04 resid=2.391e-16
Writing output for iteration 24...
Iteration 25
eta IR floor ON: Gamma_floor=0.5378 THz^2 (eta_ir_floor_cells=2, omega_c=2*dw=0.733 THz) on the unresolved soft modes.
[it 25] energy J(local)=[0.1044 0.0844 0.0847]
SigmaR resid-by-omega: peak w=22.73THz val=3.722e+02 in-band(<=46.4)=0.961 low(<=5)=0.145
Maximum Self-Energy Update: 372.1919349486637
Contact Current Difference: 0.0
Current Conservation abs: 0.01799645262872218
Current Conservation rel: 4.311375100748997e-07
Phonon: rel Sigma^R residual 2.9231e-01; lead balance 5.0222e-02 (best 1.3140e-03; internal spread 2.3708e-01)
Bubble energy balance: P_in=-2.544014e+04 P_out=-2.544014e+04 resid=5.007e-16
Writing output for iteration 25...
Iteration 26
eta IR floor ON: Gamma_floor=0.5378 THz^2 (eta_ir_floor_cells=2, omega_c=2*dw=0.733 THz) on the unresolved soft modes.
[it 26] energy J(local)=[0.1084 0.0921 0.0906]
SigmaR resid-by-omega: peak w=22.73THz val=2.730e+02 in-band(<=46.4)=0.961 low(<=5)=0.153
Maximum Self-Energy Update: 273.00303709355956
Contact Current Difference: 0.0
Current Conservation abs: 0.001746638346958207
Current Conservation rel: 4.5000532137042496e-08
Phonon: rel Sigma^R residual 2.2376e-01; lead balance 4.5623e-02 (best 1.3140e-03; internal spread 2.2432e-01)
Bubble energy balance: P_in=-2.456505e+04 P_out=-2.456505e+04 resid=9.575e-17
Writing output for iteration 26...
Iteration 27
eta IR floor ON: Gamma_floor=0.5378 THz^2 (eta_ir_floor_cells=2, omega_c=2*dw=0.733 THz) on the unresolved soft modes.
[it 27] energy J(local)=[0.1117 0.0973 0.0946]
SigmaR resid-by-omega: peak w=1.10THz val=1.995e+02 in-band(<=46.4)=0.965 low(<=5)=0.168
Maximum Self-Energy Update: 199.45429215080583
Contact Current Difference: 0.0
Current Conservation abs: 0.011691259303916013
Current Conservation rel: 3.3681249174115335e-07
Phonon: rel Sigma^R residual 1.7675e-01; lead balance 4.1167e-02 (best 1.3140e-03; internal spread 2.1408e-01)
Bubble energy balance: P_in=-2.326193e+04 P_out=-2.326193e+04 resid=1.617e-16
Writing output for iteration 27...
Iteration 28
eta IR floor ON: Gamma_floor=0.5378 THz^2 (eta_ir_floor_cells=2, omega_c=2*dw=0.733 THz) on the unresolved soft modes.
[it 28] energy J(local)=[0.114  0.1008 0.0979]
SigmaR resid-by-omega: peak w=1.10THz val=1.979e+02 in-band(<=46.4)=0.970 low(<=5)=0.194
Maximum Self-Energy Update: 197.87464217612472
Contact Current Difference: 0.0
Current Conservation abs: 0.01685187056318682
Current Conservation rel: 5.153699799758524e-07
Phonon: rel Sigma^R residual 1.7334e-01; lead balance 3.7091e-02 (best 1.3140e-03; internal spread 2.0638e-01)
Bubble energy balance: P_in=-2.258172e+04 P_out=-2.258172e+04 resid=7.773e-17
Writing output for iteration 28...
Iteration 29
eta IR floor ON: Gamma_floor=0.5378 THz^2 (eta_ir_floor_cells=2, omega_c=2*dw=0.733 THz) on the unresolved soft modes.
[it 29] energy J(local)=[0.1157 0.1034 0.1007]
SigmaR resid-by-omega: peak w=1.10THz val=1.967e+02 in-band(<=46.4)=0.974 low(<=5)=0.214
Maximum Self-Energy Update: 196.73351119826046
Contact Current Difference: 0.0
Current Conservation abs: 0.019490937198497704
Current Conservation rel: 6.230833108658725e-07
Phonon: rel Sigma^R residual 1.6961e-01; lead balance 3.3200e-02 (best 1.3140e-03; internal spread 2.0015e-01)
Bubble energy balance: P_in=-2.207293e+04 P_out=-2.207293e+04 resid=1.791e-16
Writing output for iteration 29...
Iteration 30
eta IR floor ON: Gamma_floor=0.5378 THz^2 (eta_ir_floor_cells=2, omega_c=2*dw=0.733 THz) on the unresolved soft modes.
[it 30] energy J(local)=[0.1168 0.1051 0.103 ]
SigmaR resid-by-omega: peak w=1.10THz val=1.948e+02 in-band(<=46.4)=0.976 low(<=5)=0.228
Maximum Self-Energy Update: 194.80873528299188
Contact Current Difference: 0.0
Current Conservation abs: 0.021246522408546298
Current Conservation rel: 7.041334970025815e-07
Phonon: rel Sigma^R residual 1.6474e-01; lead balance 2.9426e-02 (best 1.3140e-03; internal spread 1.9510e-01)
Bubble energy balance: P_in=-2.166354e+04 P_out=-2.166354e+04 resid=8.445e-17
Writing output for iteration 30...
Iteration 31
eta IR floor ON: Gamma_floor=0.5378 THz^2 (eta_ir_floor_cells=2, omega_c=2*dw=0.733 THz) on the unresolved soft modes.
[it 31] energy J(local)=[0.1171 0.1059 0.1046]
SigmaR resid-by-omega: peak w=1.10THz val=1.922e+02 in-band(<=46.4)=0.972 low(<=5)=0.230
Maximum Self-Energy Update: 192.16515688126182
Contact Current Difference: 0.0
Current Conservation abs: 0.02312762281871983
Current Conservation rel: 7.878333954276846e-07
Phonon: rel Sigma^R residual 1.5865e-01; lead balance 2.5742e-02 (best 1.3140e-03; internal spread 1.9103e-01)
Bubble energy balance: P_in=-2.136214e+04 P_out=-2.136214e+04 resid=2.972e-17
Writing output for iteration 31...
Iteration 32
eta IR floor ON: Gamma_floor=0.5378 THz^2 (eta_ir_floor_cells=2, omega_c=2*dw=0.733 THz) on the unresolved soft modes.
[it 32] energy J(local)=[0.1164 0.1057 0.1055]
SigmaR resid-by-omega: peak w=0.37THz val=1.922e+02 in-band(<=46.4)=0.968 low(<=5)=0.228
Maximum Self-Energy Update: 192.15749603746548
Contact Current Difference: 0.0
Current Conservation abs: 0.025943310218281113
Current Conservation rel: 8.978141009370456e-07
Phonon: rel Sigma^R residual 1.5380e-01; lead balance 2.2133e-02 (best 1.3140e-03; internal spread 1.8776e-01)
Bubble energy balance: P_in=-2.120209e+04 P_out=-2.120209e+04 resid=1.097e-16
Writing output for iteration 32...
Iteration 33
eta IR floor ON: Gamma_floor=0.5378 THz^2 (eta_ir_floor_cells=2, omega_c=2*dw=0.733 THz) on the unresolved soft modes.
[it 33] energy J(local)=[0.1146 0.1045 0.1056]
SigmaR resid-by-omega: peak w=0.73THz val=1.983e+02 in-band(<=46.4)=0.963 low(<=5)=0.220
Maximum Self-Energy Update: 198.32675307835757
Contact Current Difference: 0.0
Current Conservation abs: 0.030474712533759885
Current Conservation rel: 1.0508912803642162e-06
Phonon: rel Sigma^R residual 1.5227e-01; lead balance 1.8584e-02 (best 1.3140e-03; internal spread 1.8506e-01)
Bubble energy balance: P_in=-2.126539e+04 P_out=-2.126539e+04 resid=5.867e-17
Writing output for iteration 33...
Iteration 34
eta IR floor ON: Gamma_floor=0.5378 THz^2 (eta_ir_floor_cells=2, omega_c=2*dw=0.733 THz) on the unresolved soft modes.
[it 34] energy J(local)=[0.1117 0.1025 0.1049]
SigmaR resid-by-omega: peak w=0.73THz val=2.530e+02 in-band(<=46.4)=0.961 low(<=5)=0.223
Maximum Self-Energy Update: 253.03925469800822
Contact Current Difference: 0.0
Current Conservation abs: 0.03801412908069324
Current Conservation rel: 1.259427327268041e-06
Phonon: rel Sigma^R residual 1.8323e-01; lead balance 1.5103e-02 (best 1.3140e-03; internal spread 1.8269e-01)
Bubble energy balance: P_in=-2.174797e+04 P_out=-2.174797e+04 resid=1.064e-16
Writing output for iteration 34...
Iteration 35
eta IR floor ON: Gamma_floor=0.5378 THz^2 (eta_ir_floor_cells=2, omega_c=2*dw=0.733 THz) on the unresolved soft modes.
[it 35] energy J(local)=[0.1081 0.1002 0.1036]
SigmaR resid-by-omega: peak w=0.37THz val=3.732e+02 in-band(<=46.4)=0.961 low(<=5)=0.228
Maximum Self-Energy Update: 373.166524495983
Contact Current Difference: 0.0
Current Conservation abs: 0.05214774686828605
Current Conservation rel: 1.547422765396705e-06
Phonon: rel Sigma^R residual 2.4882e-01; lead balance 1.1783e-02 (best 1.3140e-03; internal spread 1.8032e-01)
Bubble energy balance: P_in=-2.306386e+04 P_out=-2.306386e+04 resid=1.079e-16
Writing output for iteration 35...
Iteration 36
eta IR floor ON: Gamma_floor=0.5378 THz^2 (eta_ir_floor_cells=2, omega_c=2*dw=0.733 THz) on the unresolved soft modes.
[it 36] energy J(local)=[0.1047 0.0994 0.1023]
SigmaR resid-by-omega: peak w=0.37THz val=6.955e+02 in-band(<=46.4)=0.962 low(<=5)=0.235
Maximum Self-Energy Update: 695.4889783907937
Contact Current Difference: 0.0
Current Conservation abs: 0.08922241823165677
Current Conservation rel: 2.0718603447648963e-06
Phonon: rel Sigma^R residual 4.1203e-01; lead balance 9.0602e-03 (best 1.3140e-03; internal spread 1.7749e-01)
Bubble energy balance: P_in=-2.617891e+04 P_out=-2.617891e+04 resid=3.475e-16
Writing output for iteration 36...
Iteration 37
eta IR floor ON: Gamma_floor=0.5378 THz^2 (eta_ir_floor_cells=2, omega_c=2*dw=0.733 THz) on the unresolved soft modes.
[it 37] energy J(local)=[0.1051 0.1062 0.1021]
SigmaR resid-by-omega: peak w=0.73THz val=1.630e+03 in-band(<=46.4)=0.962 low(<=5)=0.243
Maximum Self-Energy Update: 1630.313698646042
Contact Current Difference: 0.0
Current Conservation abs: 0.2281140686282015
Current Conservation rel: 3.7526335839433764e-06
Phonon: rel Sigma^R residual 6.1167e-01; lead balance 8.4082e-03 (best 1.3140e-03; internal spread 1.7388e-01)
Bubble energy balance: P_in=-3.159349e+04 P_out=-3.159349e+04 resid=4.158e-16
Writing output for iteration 37...
Iteration 38
eta IR floor ON: Gamma_floor=0.5378 THz^2 (eta_ir_floor_cells=2, omega_c=2*dw=0.733 THz) on the unresolved soft modes.
[it 38] energy J(local)=[0.0994 0.0983 0.0974]
SigmaR resid-by-omega: peak w=1.10THz val=5.791e+02 in-band(<=46.4)=0.961 low(<=5)=0.241
Maximum Self-Energy Update: 579.0715949593182
Contact Current Difference: 0.0
Current Conservation abs: 0.10968488195976533
Current Conservation rel: 4.044361350112113e-06
Phonon: rel Sigma^R residual 3.2405e-01; lead balance 7.7519e-03 (best 1.3140e-03; internal spread 1.7729e-01)
Bubble energy balance: P_in=-2.016639e+04 P_out=-2.016639e+04 resid=3.629e-16
Writing output for iteration 38...
Iteration 39
eta IR floor ON: Gamma_floor=0.5378 THz^2 (eta_ir_floor_cells=2, omega_c=2*dw=0.733 THz) on the unresolved soft modes.
[it 39] energy J(local)=[0.0975 0.0945 0.0961]
SigmaR resid-by-omega: peak w=1.10THz val=4.323e+02 in-band(<=46.4)=0.961 low(<=5)=0.243
Maximum Self-Energy Update: 432.30778602210864
Contact Current Difference: 0.0
Current Conservation abs: 0.09793527250621992
Current Conservation rel: 3.912502624174168e-06
Phonon: rel Sigma^R residual 2.6531e-01; lead balance 6.6452e-03 (best 1.3140e-03; internal spread 1.8300e-01)
Bubble energy balance: P_in=-1.963964e+04 P_out=-1.963964e+04 resid=2.049e-16
Writing output for iteration 39...
Iteration 40
eta IR floor ON: Gamma_floor=0.5378 THz^2 (eta_ir_floor_cells=2, omega_c=2*dw=0.733 THz) on the unresolved soft modes.
[it 40] energy J(local)=[0.0962 0.0915 0.0953]
SigmaR resid-by-omega: peak w=1.10THz val=3.500e+02 in-band(<=46.4)=0.961 low(<=5)=0.249
Maximum Self-Energy Update: 350.04608461752485
Contact Current Difference: 0.0
Current Conservation abs: 0.09389683553854411
Current Conservation rel: 3.7764158863086357e-06
Phonon: rel Sigma^R residual 2.2445e-01; lead balance 5.4915e-03 (best 1.3140e-03; internal spread 1.8801e-01)
Bubble energy balance: P_in=-1.987536e+04 P_out=-1.987536e+04 resid=7.337e-17
Writing output for iteration 40...
Iteration 41
eta IR floor ON: Gamma_floor=0.5378 THz^2 (eta_ir_floor_cells=2, omega_c=2*dw=0.733 THz) on the unresolved soft modes.
[it 41] energy J(local)=[0.0951 0.0891 0.0947]
SigmaR resid-by-omega: peak w=1.10THz val=2.884e+02 in-band(<=46.4)=0.961 low(<=5)=0.259
Maximum Self-Energy Update: 288.41619988774863
Contact Current Difference: 0.0
Current Conservation abs: 0.0909796769683453
Current Conservation rel: 3.601003164664268e-06
Phonon: rel Sigma^R residual 1.8856e-01; lead balance 4.3574e-03 (best 1.3140e-03; internal spread 1.9208e-01)
Bubble energy balance: P_in=-2.034829e+04 P_out=-2.034829e+04 resid=2.722e-16
Writing output for iteration 41...
Iteration 42
eta IR floor ON: Gamma_floor=0.5378 THz^2 (eta_ir_floor_cells=2, omega_c=2*dw=0.733 THz) on the unresolved soft modes.
[it 42] energy J(local)=[0.0942 0.0872 0.0945]
SigmaR resid-by-omega: peak w=1.10THz val=2.381e+02 in-band(<=46.4)=0.966 low(<=5)=0.247
Maximum Self-Energy Update: 238.0697483671927
Contact Current Difference: 0.0
Current Conservation abs: 0.0878130027303996
Current Conservation rel: 3.384347342948398e-06
Phonon: rel Sigma^R residual 1.5742e-01; lead balance 3.3407e-03 (best 1.3140e-03; internal spread 1.9508e-01)
Bubble energy balance: P_in=-2.093585e+04 P_out=-2.093585e+04 resid=9.033e-17
Writing output for iteration 42...
Iteration 43
eta IR floor ON: Gamma_floor=0.5378 THz^2 (eta_ir_floor_cells=2, omega_c=2*dw=0.733 THz) on the unresolved soft modes.
[it 43] energy J(local)=[0.0936 0.0857 0.0944]
SigmaR resid-by-omega: peak w=0.73THz val=2.015e+02 in-band(<=46.4)=0.965 low(<=5)=0.223
Maximum Self-Energy Update: 201.4959176245618
Contact Current Difference: 0.0
Current Conservation abs: 0.08399910691514378
Current Conservation rel: 3.138647379548749e-06
Phonon: rel Sigma^R residual 1.3433e-01; lead balance 2.5314e-03 (best 1.3140e-03; internal spread 1.9695e-01)
Bubble energy balance: P_in=-2.157032e+04 P_out=-2.157032e+04 resid=1.138e-16
Writing output for iteration 43...
Iteration 44
eta IR floor ON: Gamma_floor=0.5378 THz^2 (eta_ir_floor_cells=2, omega_c=2*dw=0.733 THz) on the unresolved soft modes.
[it 44] energy J(local)=[0.0932 0.0849 0.0945]
SigmaR resid-by-omega: peak w=0.73THz val=1.821e+02 in-band(<=46.4)=0.963 low(<=5)=0.196
Maximum Self-Energy Update: 182.10800911141735
Contact Current Difference: 0.0
Current Conservation abs: 0.07960717775131343
Current Conservation rel: 2.883960483612876e-06
Phonon: rel Sigma^R residual 1.2216e-01; lead balance 1.9946e-03 (best 1.3140e-03; internal spread 1.9767e-01)
Bubble energy balance: P_in=-2.219914e+04 P_out=-2.219914e+04 resid=2.671e-16
Writing output for iteration 44...
Iteration 45
eta IR floor ON: Gamma_floor=0.5378 THz^2 (eta_ir_floor_cells=2, omega_c=2*dw=0.733 THz) on the unresolved soft modes.
[it 45] energy J(local)=[0.0931 0.0845 0.0948]
SigmaR resid-by-omega: peak w=0.73THz val=1.644e+02 in-band(<=46.4)=0.960 low(<=5)=0.183
Maximum Self-Energy Update: 164.41529601783924
Contact Current Difference: 0.0
Current Conservation abs: 0.0749602293017233
Current Conservation rel: 2.640763902382752e-06
Phonon: rel Sigma^R residual 1.1084e-01; lead balance 1.7615e-03 (best 1.3140e-03; internal spread 1.9732e-01)
Bubble energy balance: P_in=-2.278114e+04 P_out=-2.278114e+04 resid=8.014e-17
Writing output for iteration 45...
Iteration 46
eta IR floor ON: Gamma_floor=0.5378 THz^2 (eta_ir_floor_cells=2, omega_c=2*dw=0.733 THz) on the unresolved soft modes.
[it 46] energy J(local)=[0.0932 0.0846 0.0951]
SigmaR resid-by-omega: peak w=0.73THz val=1.475e+02 in-band(<=46.4)=0.960 low(<=5)=0.184
Maximum Self-Energy Update: 147.51065338170173
Contact Current Difference: 0.0
Current Conservation abs: 0.07041617321010563
Current Conservation rel: 2.4232960448736685e-06
Phonon: rel Sigma^R residual 9.9848e-02; lead balance 1.8285e-03 (best 1.3140e-03; internal spread 1.9603e-01)
Bubble energy balance: P_in=-2.328778e+04 P_out=-2.328778e+04 resid=1.214e-16
Writing output for iteration 46...
Iteration 47
eta IR floor ON: Gamma_floor=0.5378 THz^2 (eta_ir_floor_cells=2, omega_c=2*dw=0.733 THz) on the unresolved soft modes.
[it 47] energy J(local)=[0.0934 0.085  0.0955]
SigmaR resid-by-omega: peak w=1.10THz val=1.407e+02 in-band(<=46.4)=0.960 low(<=5)=0.188
Maximum Self-Energy Update: 140.73284973736963
Contact Current Difference: 0.0
Current Conservation abs: 0.06619524071356864
Current Conservation rel: 2.236447434751856e-06
Phonon: rel Sigma^R residual 9.5574e-02; lead balance 2.1613e-03 (best 1.3140e-03; internal spread 1.9393e-01)
Bubble energy balance: P_in=-2.370310e+04 P_out=-2.370310e+04 resid=4.607e-16
Writing output for iteration 47...
Iteration 48
eta IR floor ON: Gamma_floor=0.5378 THz^2 (eta_ir_floor_cells=2, omega_c=2*dw=0.733 THz) on the unresolved soft modes.
[it 48] energy J(local)=[0.0937 0.0856 0.0959]
SigmaR resid-by-omega: peak w=1.10THz val=1.321e+02 in-band(<=46.4)=0.960 low(<=5)=0.194
Maximum Self-Energy Update: 132.11521870674642
Contact Current Difference: 0.0
Current Conservation abs: 0.06232765646745975
Current Conservation rel: 2.0769186416259943e-06
Phonon: rel Sigma^R residual 8.9962e-02; lead balance 2.6999e-03 (best 1.3140e-03; internal spread 1.9121e-01)
Bubble energy balance: P_in=-2.402235e+04 P_out=-2.402235e+04 resid=1.684e-16
Writing output for iteration 48...
Iteration 49
eta IR floor ON: Gamma_floor=0.5378 THz^2 (eta_ir_floor_cells=2, omega_c=2*dw=0.733 THz) on the unresolved soft modes.
[it 49] energy J(local)=[0.0939 0.0863 0.0963]
SigmaR resid-by-omega: peak w=1.10THz val=1.217e+02 in-band(<=46.4)=0.961 low(<=5)=0.196
Maximum Self-Energy Update: 121.69747336188665
Contact Current Difference: 0.0
Current Conservation abs: 0.05871267028487637
Current Conservation rel: 1.937120313004148e-06
Phonon: rel Sigma^R residual 8.3054e-02; lead balance 3.3674e-03 (best 1.3140e-03; internal spread 1.8801e-01)
Bubble energy balance: P_in=-2.424936e+04 P_out=-2.424936e+04 resid=6.167e-16
Writing output for iteration 49...
Iteration 50
eta IR floor ON: Gamma_floor=0.5378 THz^2 (eta_ir_floor_cells=2, omega_c=2*dw=0.733 THz) on the unresolved soft modes.
[it 50] energy J(local)=[0.0941 0.087  0.0967]
SigmaR resid-by-omega: peak w=1.10THz val=1.111e+02 in-band(<=46.4)=0.963 low(<=5)=0.190
Maximum Self-Energy Update: 111.05839943148413
Contact Current Difference: 0.0
Current Conservation abs: 0.0552152683994791
Current Conservation rel: 1.8092081367886493e-06
Phonon: rel Sigma^R residual 7.5946e-02; lead balance 4.0832e-03 (best 1.3140e-03; internal spread 1.8449e-01)
Bubble energy balance: P_in=-2.439320e+04 P_out=-2.439320e+04 resid=2.267e-16
Writing output for iteration 50...
Iteration 51
eta IR floor ON: Gamma_floor=0.5378 THz^2 (eta_ir_floor_cells=2, omega_c=2*dw=0.733 THz) on the unresolved soft modes.
[it 51] energy J(local)=[0.0943 0.0877 0.0971]
SigmaR resid-by-omega: peak w=1.10THz val=1.013e+02 in-band(<=46.4)=0.963 low(<=5)=0.172
Maximum Self-Energy Update: 101.2523049451491
Contact Current Difference: 0.0
Current Conservation abs: 0.051734251632296946
Current Conservation rel: 1.6874257180083615e-06
Phonon: rel Sigma^R residual 6.9378e-02; lead balance 4.7747e-03 (best 1.3140e-03; internal spread 1.8075e-01)
Bubble energy balance: P_in=-2.446535e+04 P_out=-2.446535e+04 resid=1.096e-16
Writing output for iteration 51...
Iteration 52
eta IR floor ON: Gamma_floor=0.5378 THz^2 (eta_ir_floor_cells=2, omega_c=2*dw=0.733 THz) on the unresolved soft modes.
[it 52] energy J(local)=[0.0944 0.0883 0.0976]
SigmaR resid-by-omega: peak w=23.10THz val=1.010e+02 in-band(<=46.4)=0.962 low(<=5)=0.155
Maximum Self-Energy Update: 101.03046004297323
Contact Current Difference: 0.0
Current Conservation abs: 0.04822416075330693
Current Conservation rel: 1.568602711967709e-06
Phonon: rel Sigma^R residual 6.9371e-02; lead balance 5.3854e-03 (best 1.3140e-03; internal spread 1.7691e-01)
Bubble energy balance: P_in=-2.447785e+04 P_out=-2.447785e+04 resid=1.215e-16
Writing output for iteration 52...
Iteration 53
eta IR floor ON: Gamma_floor=0.5378 THz^2 (eta_ir_floor_cells=2, omega_c=2*dw=0.733 THz) on the unresolved soft modes.
[it 53] energy J(local)=[0.0945 0.0889 0.0981]
SigmaR resid-by-omega: peak w=23.10THz val=1.026e+02 in-band(<=46.4)=0.961 low(<=5)=0.146
Maximum Self-Energy Update: 102.55537901780684
Contact Current Difference: 0.0
Current Conservation abs: 0.04468760263443983
Current Conservation rel: 1.4516366947553418e-06
Phonon: rel Sigma^R residual 7.0555e-02; lead balance 5.8776e-03 (best 1.3140e-03; internal spread 1.7303e-01)
Bubble energy balance: P_in=-2.444249e+04 P_out=-2.444249e+04 resid=3.100e-16
Writing output for iteration 53...
Iteration 54
eta IR floor ON: Gamma_floor=0.5378 THz^2 (eta_ir_floor_cells=2, omega_c=2*dw=0.733 THz) on the unresolved soft modes.
[it 54] energy J(local)=[0.0946 0.0894 0.0986]
SigmaR resid-by-omega: peak w=23.10THz val=1.028e+02 in-band(<=46.4)=0.961 low(<=5)=0.150
Maximum Self-Energy Update: 102.84775347247898
Contact Current Difference: 0.0
Current Conservation abs: 0.04115864686355053
Current Conservation rel: 1.3367587131291741e-06
Phonon: rel Sigma^R residual 7.0880e-02; lead balance 6.2305e-03 (best 1.3140e-03; internal spread 1.6917e-01)
Bubble energy balance: P_in=-2.437036e+04 P_out=-2.437036e+04 resid=3.510e-16
Writing output for iteration 54...
Iteration 55
eta IR floor ON: Gamma_floor=0.5378 THz^2 (eta_ir_floor_cells=2, omega_c=2*dw=0.733 THz) on the unresolved soft modes.
[it 55] energy J(local)=[0.0947 0.0899 0.0992]
SigmaR resid-by-omega: peak w=0.73THz val=1.059e+02 in-band(<=46.4)=0.961 low(<=5)=0.156
Maximum Self-Energy Update: 105.91843536117534
Contact Current Difference: 0.0
Current Conservation abs: 0.03768870381281886
Current Conservation rel: 1.2249695216421835e-06
Phonon: rel Sigma^R residual 7.3144e-02; lead balance 6.4371e-03 (best 1.3140e-03; internal spread 1.6536e-01)
Bubble energy balance: P_in=-2.427154e+04 P_out=-2.427154e+04 resid=1.002e-16
Writing output for iteration 55...
Iteration 56
eta IR floor ON: Gamma_floor=0.5378 THz^2 (eta_ir_floor_cells=2, omega_c=2*dw=0.733 THz) on the unresolved soft modes.
[it 56] energy J(local)=[0.0949 0.0904 0.0999]
SigmaR resid-by-omega: peak w=0.73THz val=1.153e+02 in-band(<=46.4)=0.960 low(<=5)=0.163
Maximum Self-Energy Update: 115.27616180656263
Contact Current Difference: 0.0
Current Conservation abs: 0.03433793400108698
Current Conservation rel: 1.1177148017741935e-06
Phonon: rel Sigma^R residual 7.9786e-02; lead balance 6.5014e-03 (best 1.3140e-03; internal spread 1.6164e-01)
Bubble energy balance: P_in=-2.415494e+04 P_out=-2.415494e+04 resid=1.974e-17
Writing output for iteration 56...
Iteration 57
eta IR floor ON: Gamma_floor=0.5378 THz^2 (eta_ir_floor_cells=2, omega_c=2*dw=0.733 THz) on the unresolved soft modes.
[it 57] energy J(local)=[0.095  0.0909 0.1006]
SigmaR resid-by-omega: peak w=0.73THz val=1.235e+02 in-band(<=46.4)=0.960 low(<=5)=0.169
Maximum Self-Energy Update: 123.54462528170684
Contact Current Difference: 0.0
Current Conservation abs: 0.031171224221907323
Current Conservation rel: 1.0167343280317976e-06
Phonon: rel Sigma^R residual 8.5712e-02; lead balance 6.4342e-03 (best 1.3140e-03; internal spread 1.5802e-01)
Bubble energy balance: P_in=-2.402804e+04 P_out=-2.402804e+04 resid=1.140e-16
Writing output for iteration 57...
Iteration 58
eta IR floor ON: Gamma_floor=0.5378 THz^2 (eta_ir_floor_cells=2, omega_c=2*dw=0.733 THz) on the unresolved soft modes.
[it 58] energy J(local)=[0.0952 0.0915 0.1013]
SigmaR resid-by-omega: peak w=0.73THz val=1.309e+02 in-band(<=46.4)=0.960 low(<=5)=0.176
Maximum Self-Energy Update: 130.8911430253683
Contact Current Difference: 0.0
Current Conservation abs: 0.028256721067009494
Current Conservation rel: 9.240000968187989e-07
Phonon: rel Sigma^R residual 9.1028e-02; lead balance 6.2511e-03 (best 1.3140e-03; internal spread 1.5449e-01)
Bubble energy balance: P_in=-2.389690e+04 P_out=-2.389690e+04 resid=1.592e-16
Writing output for iteration 58...
Iteration 59
eta IR floor ON: Gamma_floor=0.5378 THz^2 (eta_ir_floor_cells=2, omega_c=2*dw=0.733 THz) on the unresolved soft modes.
[it 59] energy J(local)=[0.0954 0.092  0.102 ]
SigmaR resid-by-omega: peak w=0.73THz val=1.373e+02 in-band(<=46.4)=0.960 low(<=5)=0.182
Maximum Self-Energy Update: 137.34605371727363
Contact Current Difference: 0.0
Current Conservation abs: 0.025665150280474336
Current Conservation rel: 8.416793298575508e-07
Phonon: rel Sigma^R residual 9.5743e-02; lead balance 5.9702e-03 (best 1.3140e-03; internal spread 1.5104e-01)
Bubble energy balance: P_in=-2.376627e+04 P_out=-2.376627e+04 resid=5.560e-17
Writing output for iteration 59...
SCBA did not converge after 59 iterations.
SAVED /usr/scratch/mont-fort11/pfischill/quatrex/phonon/studies/out/conv1e10/sinw_d5a_L2_eta0_irsub_floor.npz  final_heat=[0.095 0.092 0.102]  best=[5.222 4.957 5.229]  best_cons=0.0013140238821972032
